Component: ARM Compiler 5.06 update 6 (build 750) Tool: armlink [4d35ed]

==============================================================================

Section Cross References

    startup_stm32f103xb.o(RESET) refers to startup_stm32f103xb.o(STACK) for __initial_sp
    startup_stm32f103xb.o(RESET) refers to startup_stm32f103xb.o(.text) for Reset_Handler
    startup_stm32f103xb.o(RESET) refers to stm32f1xx_it.o(i.NMI_Handler) for NMI_Handler
    startup_stm32f103xb.o(RESET) refers to stm32f1xx_it.o(i.HardFault_Handler) for HardFault_Handler
    startup_stm32f103xb.o(RESET) refers to stm32f1xx_it.o(i.MemManage_Handler) for MemManage_Handler
    startup_stm32f103xb.o(RESET) refers to stm32f1xx_it.o(i.BusFault_Handler) for BusFault_Handler
    startup_stm32f103xb.o(RESET) refers to stm32f1xx_it.o(i.UsageFault_Handler) for UsageFault_Handler
    startup_stm32f103xb.o(RESET) refers to stm32f1xx_it.o(i.SVC_Handler) for SVC_Handler
    startup_stm32f103xb.o(RESET) refers to stm32f1xx_it.o(i.DebugMon_Handler) for DebugMon_Handler
    startup_stm32f103xb.o(RESET) refers to stm32f1xx_it.o(i.PendSV_Handler) for PendSV_Handler
    startup_stm32f103xb.o(RESET) refers to stm32f1xx_it.o(i.SysTick_Handler) for SysTick_Handler
    startup_stm32f103xb.o(RESET) refers to stm32f1xx_it.o(i.EXTI3_IRQHandler) for EXTI3_IRQHandler
    startup_stm32f103xb.o(RESET) refers to stm32f1xx_it.o(i.EXTI4_IRQHandler) for EXTI4_IRQHandler
    startup_stm32f103xb.o(RESET) refers to stm32f1xx_it.o(i.TIM2_IRQHandler) for TIM2_IRQHandler
    startup_stm32f103xb.o(.text) refers to system_stm32f1xx.o(i.SystemInit) for SystemInit
    startup_stm32f103xb.o(.text) refers to entry.o(.ARM.Collect$$$$00000000) for __main
    main.o(i.CalculateNewPosition) refers to f2d.o(.text) for __aeabi_f2d
    main.o(i.CalculateNewPosition) refers to cos.o(i.cos) for cos
    main.o(i.CalculateNewPosition) refers to fadd.o(.text) for __aeabi_fadd
    main.o(i.CalculateNewPosition) refers to dmul.o(.text) for __aeabi_dmul
    main.o(i.CalculateNewPosition) refers to dscalb.o(.text) for __ARM_scalbn
    main.o(i.CalculateNewPosition) refers to d2f.o(.text) for __aeabi_d2f
    main.o(i.CalculateNewPosition) refers to sin.o(i.sin) for sin
    main.o(i.CalculateNewPosition) refers to fdiv.o(.text) for __aeabi_fdiv
    main.o(i.CalculateNewPosition) refers to main.o(.data) for .data
    main.o(i.Defuzzication_L) refers to cdrcmple.o(.text) for __aeabi_cdrcmple
    main.o(i.Defuzzication_L) refers to cdcmple.o(.text) for __aeabi_cdcmple
    main.o(i.Defuzzication_L) refers to main.o(i.mftrap) for mftrap
    main.o(i.Defuzzication_L) refers to dmul.o(.text) for __aeabi_dmul
    main.o(i.Defuzzication_L) refers to main.o(i.max) for max
    main.o(i.Defuzzication_L) refers to dadd.o(.text) for __aeabi_dadd
    main.o(i.Defuzzication_L) refers to ddiv.o(.text) for __aeabi_ddiv
    main.o(i.Defuzzication_R) refers to cdrcmple.o(.text) for __aeabi_cdrcmple
    main.o(i.Defuzzication_R) refers to cdcmple.o(.text) for __aeabi_cdcmple
    main.o(i.Defuzzication_R) refers to main.o(i.mftrap) for mftrap
    main.o(i.Defuzzication_R) refers to dmul.o(.text) for __aeabi_dmul
    main.o(i.Defuzzication_R) refers to main.o(i.max) for max
    main.o(i.Defuzzication_R) refers to dadd.o(.text) for __aeabi_dadd
    main.o(i.Defuzzication_R) refers to ddiv.o(.text) for __aeabi_ddiv
    main.o(i.Encoder2Distance) refers to fflti.o(.text) for __aeabi_i2f
    main.o(i.Encoder2Distance) refers to fscalb.o(.text) for __ARM_scalbnf
    main.o(i.Encoder2Distance) refers to fmul.o(.text) for __aeabi_fmul
    main.o(i.Encoder2Distance) refers to fdiv.o(.text) for __aeabi_fdiv
    main.o(i.EuclidDistance) refers to fadd.o(.text) for __aeabi_fsub
    main.o(i.EuclidDistance) refers to fmul.o(.text) for __aeabi_fmul
    main.o(i.EuclidDistance) refers to f2d.o(.text) for __aeabi_f2d
    main.o(i.EuclidDistance) refers to sqrt.o(i.sqrt) for sqrt
    main.o(i.EuclidDistance) refers to d2f.o(.text) for __aeabi_d2f
    main.o(i.Fuzzy_ControlMotor) refers to fmul.o(.text) for __aeabi_fmul
    main.o(i.Fuzzy_ControlMotor) refers to f2d.o(.text) for __aeabi_f2d
    main.o(i.Fuzzy_ControlMotor) refers to main.o(i.Defuzzication_R) for Defuzzication_R
    main.o(i.Fuzzy_ControlMotor) refers to main.o(i.Defuzzication_L) for Defuzzication_L
    main.o(i.Fuzzy_ControlMotor) refers to dmul.o(.text) for __aeabi_dmul
    main.o(i.Fuzzy_ControlMotor) refers to dadd.o(.text) for __aeabi_dadd
    main.o(i.Fuzzy_ControlMotor) refers to d2f.o(.text) for __aeabi_d2f
    main.o(i.Fuzzy_ControlMotor) refers to main.o(i.EuclidDistance) for EuclidDistance
    main.o(i.Fuzzy_ControlMotor) refers to cfcmple.o(.text) for __aeabi_cfcmple
    main.o(i.Fuzzy_ControlMotor) refers to ffixi.o(.text) for __aeabi_f2iz
    main.o(i.Fuzzy_ControlMotor) refers to main.o(i.SetPWM_withDutyCycle_withStop) for SetPWM_withDutyCycle_withStop
    main.o(i.Fuzzy_ControlMotor) refers to main.o(.data) for .data
[...]
    Removing stm32f1xx_hal_tim_ex.o(i.HAL_TIMEx_HallSensor_Stop_IT), (56 bytes).
    Removing stm32f1xx_hal_tim_ex.o(i.HAL_TIMEx_OCN_Start), (36 bytes).
    Removing stm32f1xx_hal_tim_ex.o(i.HAL_TIMEx_OCN_Start_DMA), (184 bytes).
    Removing stm32f1xx_hal_tim_ex.o(i.HAL_TIMEx_OCN_Start_IT), (84 bytes).
    Removing stm32f1xx_hal_tim_ex.o(i.HAL_TIMEx_OCN_Stop), (68 bytes).
    Removing stm32f1xx_hal_tim_ex.o(i.HAL_TIMEx_OCN_Stop_DMA), (112 bytes).
    Removing stm32f1xx_hal_tim_ex.o(i.HAL_TIMEx_OCN_Stop_IT), (122 bytes).
    Removing stm32f1xx_hal_tim_ex.o(i.HAL_TIMEx_OnePulseN_Start), (26 bytes).
    Removing stm32f1xx_hal_tim_ex.o(i.HAL_TIMEx_OnePulseN_Start_IT), (46 bytes).
    Removing stm32f1xx_hal_tim_ex.o(i.HAL_TIMEx_OnePulseN_Stop), (68 bytes).
    Removing stm32f1xx_hal_tim_ex.o(i.HAL_TIMEx_OnePulseN_Stop_IT), (88 bytes).
    Removing stm32f1xx_hal_tim_ex.o(i.HAL_TIMEx_PWMN_Start), (36 bytes).
    Removing stm32f1xx_hal_tim_ex.o(i.HAL_TIMEx_PWMN_Start_DMA), (184 bytes).
    Removing stm32f1xx_hal_tim_ex.o(i.HAL_TIMEx_PWMN_Start_IT), (84 bytes).
    Removing stm32f1xx_hal_tim_ex.o(i.HAL_TIMEx_PWMN_Stop), (68 bytes).
    Removing stm32f1xx_hal_tim_ex.o(i.HAL_TIMEx_PWMN_Stop_DMA), (112 bytes).
    Removing stm32f1xx_hal_tim_ex.o(i.HAL_TIMEx_PWMN_Stop_IT), (122 bytes).
    Removing stm32f1xx_hal_tim_ex.o(i.TIMEx_DMACommutationCplt), (16 bytes).
    Removing stm32f1xx_hal_tim_ex.o(i.TIM_CCxNChannelCmd), (22 bytes).
    Removing stm32f1xx_hal_uart.o(.rev16_text), (4 bytes).
    Removing stm32f1xx_hal_uart.o(.revsh_text), (4 bytes).
    Removing stm32f1xx_hal_uart.o(.rrx_text), (6 bytes).
    Removing stm32f1xx_hal_uart.o(i.HAL_HalfDuplex_EnableReceiver), (50 bytes).
    Removing stm32f1xx_hal_uart.o(i.HAL_HalfDuplex_EnableTransmitter), (50 bytes).
    Removing stm32f1xx_hal_uart.o(i.HAL_HalfDuplex_Init), (108 bytes).
    Removing stm32f1xx_hal_uart.o(i.HAL_LIN_Init), (122 bytes).
    Removing stm32f1xx_hal_uart.o(i.HAL_LIN_SendBreak), (46 bytes).
    Removing stm32f1xx_hal_uart.o(i.HAL_MultiProcessor_EnterMuteMode), (46 bytes).
    Removing stm32f1xx_hal_uart.o(i.HAL_MultiProcessor_ExitMuteMode), (46 bytes).
    Removing stm32f1xx_hal_uart.o(i.HAL_MultiProcessor_Init), (130 bytes).
    Removing stm32f1xx_hal_uart.o(i.HAL_UART_Abort), (104 bytes).
    Removing stm32f1xx_hal_uart.o(i.HAL_UART_AbortCpltCallback), (2 bytes).
    Removing stm32f1xx_hal_uart.o(i.HAL_UART_AbortReceive), (68 bytes).
    Removing stm32f1xx_hal_uart.o(i.HAL_UART_AbortReceiveCpltCallback), (2 bytes).
    Removing stm32f1xx_hal_uart.o(i.HAL_UART_AbortReceive_IT), (92 bytes).
    Removing stm32f1xx_hal_uart.o(i.HAL_UART_AbortTransmit), (58 bytes).
    Removing stm32f1xx_hal_uart.o(i.HAL_UART_AbortTransmitCpltCallback), (2 bytes).
    Removing stm32f1xx_hal_uart.o(i.HAL_UART_AbortTransmit_IT), (84 bytes).
    Removing stm32f1xx_hal_uart.o(i.HAL_UART_Abort_IT), (172 bytes).
    Removing stm32f1xx_hal_uart.o(i.HAL_UART_DMAPause), (102 bytes).
    Removing stm32f1xx_hal_uart.o(i.HAL_UART_DMAResume), (94 bytes).
    Removing stm32f1xx_hal_uart.o(i.HAL_UART_DMAStop), (88 bytes).
    Removing stm32f1xx_hal_uart.o(i.HAL_UART_DeInit), (40 bytes).
    Removing stm32f1xx_hal_uart.o(i.HAL_UART_ErrorCallback), (2 bytes).
    Removing stm32f1xx_hal_uart.o(i.HAL_UART_GetError), (4 bytes).
    Removing stm32f1xx_hal_uart.o(i.HAL_UART_GetState), (10 bytes).
    Removing stm32f1xx_hal_uart.o(i.HAL_UART_IRQHandler), (272 bytes).
    Removing stm32f1xx_hal_uart.o(i.HAL_UART_MspDeInit), (2 bytes).
    Removing stm32f1xx_hal_uart.o(i.HAL_UART_MspInit), (2 bytes).
    Removing stm32f1xx_hal_uart.o(i.HAL_UART_Receive), (184 bytes).
    Removing stm32f1xx_hal_uart.o(i.HAL_UART_Receive_DMA), (152 bytes).
    Removing stm32f1xx_hal_uart.o(i.HAL_UART_Receive_IT), (82 bytes).
    Removing stm32f1xx_hal_uart.o(i.HAL_UART_RxCpltCallback), (2 bytes).
    Removing stm32f1xx_hal_uart.o(i.HAL_UART_RxHalfCpltCallback), (2 bytes).
    Removing stm32f1xx_hal_uart.o(i.HAL_UART_Transmit_DMA), (128 bytes).
    Removing stm32f1xx_hal_uart.o(i.HAL_UART_Transmit_IT), (62 bytes).
    Removing stm32f1xx_hal_uart.o(i.HAL_UART_TxCpltCallback), (2 bytes).
    Removing stm32f1xx_hal_uart.o(i.HAL_UART_TxHalfCpltCallback), (2 bytes).
    Removing stm32f1xx_hal_uart.o(i.UART_DMAAbortOnError), (16 bytes).
    Removing stm32f1xx_hal_uart.o(i.UART_DMAError), (74 bytes).
    Removing stm32f1xx_hal_uart.o(i.UART_DMAReceiveCplt), (60 bytes).
    Removing stm32f1xx_hal_uart.o(i.UART_DMARxAbortCallback), (42 bytes).
    Removing stm32f1xx_hal_uart.o(i.UART_DMARxHalfCplt), (10 bytes).
    Removing stm32f1xx_hal_uart.o(i.UART_DMARxOnlyAbortCallback), (20 bytes).
    Removing stm32f1xx_hal_uart.o(i.UART_DMATransmitCplt), (46 bytes).
    Removing stm32f1xx_hal_uart.o(i.UART_DMATxAbortCallback), (42 bytes).
    Removing stm32f1xx_hal_uart.o(i.UART_DMATxHalfCplt), (10 bytes).
    Removing stm32f1xx_hal_uart.o(i.UART_DMATxOnlyAbortCallback), (20 bytes).
    Removing stm32f1xx_hal_uart.o(i.UART_EndRxTransfer), (28 bytes).
    Removing stm32f1xx_hal_uart.o(i.UART_EndTxTransfer), (18 bytes).
    Removing stm32f1xx_hal_uart.o(i.UART_Receive_IT), (150 bytes).
    Removing stm32f1xx_hal_uart.o(i.UART_Transmit_IT), (98 bytes).
    Removing stm32f1xx_hal.o(.rev16_text), (4 bytes).
    Removing stm32f1xx_hal.o(.revsh_text), (4 bytes).
    Removing stm32f1xx_hal.o(.rrx_text), (6 bytes).
    Removing stm32f1xx_hal.o(i.HAL_DBGMCU_DisableDBGSleepMode), (16 bytes).
    Removing stm32f1xx_hal.o(i.HAL_DBGMCU_DisableDBGStandbyMode), (16 bytes).
    Removing stm32f1xx_hal.o(i.HAL_DBGMCU_DisableDBGStopMode), (16 bytes).
    Removing stm32f1xx_hal.o(i.HAL_DBGMCU_EnableDBGSleepMode), (16 bytes).
    Removing stm32f1xx_hal.o(i.HAL_DBGMCU_EnableDBGStandbyMode), (16 bytes).
    Removing stm32f1xx_hal.o(i.HAL_DBGMCU_EnableDBGStopMode), (16 bytes).
    Removing stm32f1xx_hal.o(i.HAL_DeInit), (32 bytes).
    Removing stm32f1xx_hal.o(i.HAL_Delay), (36 bytes).
    Removing stm32f1xx_hal.o(i.HAL_GetDEVID), (16 bytes).
    Removing stm32f1xx_hal.o(i.HAL_GetHalVersion), (8 bytes).
    Removing stm32f1xx_hal.o(i.HAL_GetREVID), (12 bytes).
    Removing stm32f1xx_hal.o(i.HAL_GetTickFreq), (12 bytes).
    Removing stm32f1xx_hal.o(i.HAL_GetTickPrio), (12 bytes).
    Removing stm32f1xx_hal.o(i.HAL_GetUID), (28 bytes).
    Removing stm32f1xx_hal.o(i.HAL_MspDeInit), (2 bytes).
    Removing stm32f1xx_hal.o(i.HAL_MspInit), (2 bytes).
    Removing stm32f1xx_hal.o(i.HAL_ResumeTick), (14 bytes).
    Removing stm32f1xx_hal.o(i.HAL_SetTickFreq), (28 bytes).
    Removing stm32f1xx_hal.o(i.HAL_SuspendTick), (14 bytes).
    Removing stm32f1xx_hal_rcc.o(.rev16_text), (4 bytes).
    Removing stm32f1xx_hal_rcc.o(.revsh_text), (4 bytes).
    Removing stm32f1xx_hal_rcc.o(.rrx_text), (6 bytes).
    Removing stm32f1xx_hal_rcc.o(i.HAL_RCC_CSSCallback), (2 bytes).
    Removing stm32f1xx_hal_rcc.o(i.HAL_RCC_DeInit), (216 bytes).
    Removing stm32f1xx_hal_rcc.o(i.HAL_RCC_DisableCSS), (12 bytes).
    Removing stm32f1xx_hal_rcc.o(i.HAL_RCC_EnableCSS), (12 bytes).
    Removing stm32f1xx_hal_rcc.o(i.HAL_RCC_GetClockConfig), (64 bytes).
    Removing stm32f1xx_hal_rcc.o(i.HAL_RCC_GetHCLKFreq), (12 bytes).
    Removing stm32f1xx_hal_rcc.o(i.HAL_RCC_GetOscConfig), (144 bytes).
    Removing stm32f1xx_hal_rcc.o(i.HAL_RCC_MCOConfig), (72 bytes).
    Removing stm32f1xx_hal_rcc.o(i.HAL_RCC_NMI_IRQHandler), (24 bytes).
    Removing stm32f1xx_hal_rcc_ex.o(.rev16_text), (4 bytes).
    Removing stm32f1xx_hal_rcc_ex.o(.revsh_text), (4 bytes).
    Removing stm32f1xx_hal_rcc_ex.o(.rrx_text), (6 bytes).
    Removing stm32f1xx_hal_rcc_ex.o(i.HAL_RCCEx_GetPeriphCLKConfig), (44 bytes).
    Removing stm32f1xx_hal_rcc_ex.o(i.HAL_RCCEx_GetPeriphCLKFreq), (200 bytes).
    Removing stm32f1xx_hal_rcc_ex.o(i.HAL_RCCEx_PeriphCLKConfig), (236 bytes).
    Removing stm32f1xx_hal_gpio.o(.rev16_text), (4 bytes).
    Removing stm32f1xx_hal_gpio.o(.revsh_text), (4 bytes).
    Removing stm32f1xx_hal_gpio.o(.rrx_text), (6 bytes).
    Removing stm32f1xx_hal_gpio.o(i.HAL_GPIO_DeInit), (228 bytes).
    Removing stm32f1xx_hal_gpio.o(i.HAL_GPIO_LockPin), (34 bytes).
    Removing stm32f1xx_hal_gpio.o(i.HAL_GPIO_ReadPin), (10 bytes).
    Removing stm32f1xx_hal_gpio.o(i.HAL_GPIO_TogglePin), (8 bytes).
    Removing stm32f1xx_hal_dma.o(.rev16_text), (4 bytes).
    Removing stm32f1xx_hal_dma.o(.revsh_text), (4 bytes).
    Removing stm32f1xx_hal_dma.o(.rrx_text), (6 bytes).
    Removing stm32f1xx_hal_dma.o(i.DMA_SetConfig), (42 bytes).
    Removing stm32f1xx_hal_dma.o(i.HAL_DMA_Abort), (48 bytes).
    Removing stm32f1xx_hal_dma.o(i.HAL_DMA_Abort_IT), (152 bytes).
    Removing stm32f1xx_hal_dma.o(i.HAL_DMA_DeInit), (92 bytes).
    Removing stm32f1xx_hal_dma.o(i.HAL_DMA_GetError), (4 bytes).
    Removing stm32f1xx_hal_dma.o(i.HAL_DMA_GetState), (6 bytes).
    Removing stm32f1xx_hal_dma.o(i.HAL_DMA_IRQHandler), (340 bytes).
    Removing stm32f1xx_hal_dma.o(i.HAL_DMA_Init), (92 bytes).
    Removing stm32f1xx_hal_dma.o(i.HAL_DMA_PollForTransfer), (532 bytes).
    Removing stm32f1xx_hal_dma.o(i.HAL_DMA_RegisterCallback), (74 bytes).
    Removing stm32f1xx_hal_dma.o(i.HAL_DMA_Start), (80 bytes).
    Removing stm32f1xx_hal_dma.o(i.HAL_DMA_Start_IT), (112 bytes).
    Removing stm32f1xx_hal_dma.o(i.HAL_DMA_UnRegisterCallback), (82 bytes).
    Removing stm32f1xx_hal_cortex.o(.rev16_text), (4 bytes).
    Removing stm32f1xx_hal_cortex.o(.revsh_text), (4 bytes).
    Removing stm32f1xx_hal_cortex.o(.rrx_text), (6 bytes).
    Removing stm32f1xx_hal_cortex.o(i.HAL_NVIC_ClearPendingIRQ), (22 bytes).
    Removing stm32f1xx_hal_cortex.o(i.HAL_NVIC_DisableIRQ), (22 bytes).
    Removing stm32f1xx_hal_cortex.o(i.HAL_NVIC_GetActive), (32 bytes).
    Removing stm32f1xx_hal_cortex.o(i.HAL_NVIC_GetPendingIRQ), (32 bytes).
    Removing stm32f1xx_hal_cortex.o(i.HAL_NVIC_GetPriority), (82 bytes).
    Removing stm32f1xx_hal_cortex.o(i.HAL_NVIC_GetPriorityGrouping), (16 bytes).
    Removing stm32f1xx_hal_cortex.o(i.HAL_NVIC_SetPendingIRQ), (22 bytes).
    Removing stm32f1xx_hal_cortex.o(i.HAL_NVIC_SystemReset), (36 bytes).
    Removing stm32f1xx_hal_cortex.o(i.HAL_SYSTICK_CLKSourceConfig), (24 bytes).
    Removing stm32f1xx_hal_cortex.o(i.HAL_SYSTICK_Callback), (2 bytes).
    Removing stm32f1xx_hal_cortex.o(i.HAL_SYSTICK_IRQHandler), (8 bytes).
    Removing stm32f1xx_hal_pwr.o(.rev16_text), (4 bytes).
    Removing stm32f1xx_hal_pwr.o(.revsh_text), (4 bytes).
    Removing stm32f1xx_hal_pwr.o(.rrx_text), (6 bytes).
    Removing stm32f1xx_hal_pwr.o(i.HAL_PWR_ConfigPVD), (124 bytes).
    Removing stm32f1xx_hal_pwr.o(i.HAL_PWR_DeInit), (24 bytes).
    Removing stm32f1xx_hal_pwr.o(i.HAL_PWR_DisableBkUpAccess), (12 bytes).
    Removing stm32f1xx_hal_pwr.o(i.HAL_PWR_DisablePVD), (12 bytes).
    Removing stm32f1xx_hal_pwr.o(i.HAL_PWR_DisableSEVOnPend), (16 bytes).
    Removing stm32f1xx_hal_pwr.o(i.HAL_PWR_DisableSleepOnExit), (16 bytes).
    Removing stm32f1xx_hal_pwr.o(i.HAL_PWR_DisableWakeUpPin), (28 bytes).
    Removing stm32f1xx_hal_pwr.o(i.HAL_PWR_EnableBkUpAccess), (12 bytes).
    Removing stm32f1xx_hal_pwr.o(i.HAL_PWR_EnablePVD), (12 bytes).
    Removing stm32f1xx_hal_pwr.o(i.HAL_PWR_EnableSEVOnPend), (16 bytes).
    Removing stm32f1xx_hal_pwr.o(i.HAL_PWR_EnableSleepOnExit), (16 bytes).
    Removing stm32f1xx_hal_pwr.o(i.HAL_PWR_EnableWakeUpPin), (28 bytes).
    Removing stm32f1xx_hal_pwr.o(i.HAL_PWR_EnterSLEEPMode), (32 bytes).
    Removing stm32f1xx_hal_pwr.o(i.HAL_PWR_EnterSTANDBYMode), (32 bytes).
    Removing stm32f1xx_hal_pwr.o(i.HAL_PWR_EnterSTOPMode), (68 bytes).
    Removing stm32f1xx_hal_pwr.o(i.HAL_PWR_PVDCallback), (2 bytes).
    Removing stm32f1xx_hal_pwr.o(i.HAL_PWR_PVD_IRQHandler), (28 bytes).
    Removing stm32f1xx_hal_pwr.o(i.PWR_OverloadWfe), (6 bytes).
    Removing stm32f1xx_hal_flash.o(.rev16_text), (4 bytes).
    Removing stm32f1xx_hal_flash.o(.revsh_text), (4 bytes).
    Removing stm32f1xx_hal_flash.o(.rrx_text), (6 bytes).
    Removing stm32f1xx_hal_flash.o(i.FLASH_Program_HalfWord), (28 bytes).
    Removing stm32f1xx_hal_flash.o(i.FLASH_SetErrorCode), (92 bytes).
    Removing stm32f1xx_hal_flash.o(i.FLASH_WaitForLastOperation), (84 bytes).
    Removing stm32f1xx_hal_flash.o(i.HAL_FLASH_EndOfOperationCallback), (2 bytes).
    Removing stm32f1xx_hal_flash.o(i.HAL_FLASH_GetError), (12 bytes).
    Removing stm32f1xx_hal_flash.o(i.HAL_FLASH_IRQHandler), (264 bytes).
    Removing stm32f1xx_hal_flash.o(i.HAL_FLASH_Lock), (20 bytes).
    Removing stm32f1xx_hal_flash.o(i.HAL_FLASH_OB_Launch), (4 bytes).
    Removing stm32f1xx_hal_flash.o(i.HAL_FLASH_OB_Lock), (20 bytes).
    Removing stm32f1xx_hal_flash.o(i.HAL_FLASH_OB_Unlock), (36 bytes).
    Removing stm32f1xx_hal_flash.o(i.HAL_FLASH_OperationErrorCallback), (2 bytes).
    Removing stm32f1xx_hal_flash.o(i.HAL_FLASH_Program), (128 bytes).
    Removing stm32f1xx_hal_flash.o(i.HAL_FLASH_Program_IT), (100 bytes).
    Removing stm32f1xx_hal_flash.o(i.HAL_FLASH_Unlock), (40 bytes).
    Removing stm32f1xx_hal_flash.o(.bss), (32 bytes).
    Removing stm32f1xx_hal_flash_ex.o(.rev16_text), (4 bytes).
    Removing stm32f1xx_hal_flash_ex.o(.revsh_text), (4 bytes).
    Removing stm32f1xx_hal_flash_ex.o(.rrx_text), (6 bytes).
    Removing stm32f1xx_hal_flash_ex.o(i.FLASH_MassErase), (36 bytes).
    Removing stm32f1xx_hal_flash_ex.o(i.FLASH_OB_DisableWRP), (176 bytes).
    Removing stm32f1xx_hal_flash_ex.o(i.FLASH_OB_EnableWRP), (176 bytes).
    Removing stm32f1xx_hal_flash_ex.o(i.FLASH_OB_GetRDP), (24 bytes).
    Removing stm32f1xx_hal_flash_ex.o(i.FLASH_OB_RDP_LevelConfig), (100 bytes).
    Removing stm32f1xx_hal_flash_ex.o(i.FLASH_PageErase), (36 bytes).
    Removing stm32f1xx_hal_flash_ex.o(i.HAL_FLASHEx_Erase), (168 bytes).
    Removing stm32f1xx_hal_flash_ex.o(i.HAL_FLASHEx_Erase_IT), (84 bytes).
    Removing stm32f1xx_hal_flash_ex.o(i.HAL_FLASHEx_OBErase), (84 bytes).
    Removing stm32f1xx_hal_flash_ex.o(i.HAL_FLASHEx_OBGetConfig), (36 bytes).
    Removing stm32f1xx_hal_flash_ex.o(i.HAL_FLASHEx_OBGetUserData), (32 bytes).
    Removing stm32f1xx_hal_flash_ex.o(i.HAL_FLASHEx_OBProgram), (200 bytes).
    Removing system_stm32f1xx.o(.rev16_text), (4 bytes).
    Removing system_stm32f1xx.o(.revsh_text), (4 bytes).
    Removing system_stm32f1xx.o(.rrx_text), (6 bytes).
    Removing system_stm32f1xx.o(i.SystemCoreClockUpdate), (104 bytes).

330 unused section(s) (total 19678 bytes) removed from the image.

==============================================================================

Image Symbol Table

    Local Symbols

    Symbol Name                              Value     Ov Type        Size  Object(Section)

    ../Drivers/STM32F1xx_HAL_Driver/Src/stm32f1xx_hal.c 0x00000000   Number         0  stm32f1xx_hal.o ABSOLUTE
    ../Drivers/STM32F1xx_HAL_Driver/Src/stm32f1xx_hal_cortex.c 0x00000000   Number         0  stm32f1xx_hal_cortex.o ABSOLUTE
    ../Drivers/STM32F1xx_HAL_Driver/Src/stm32f1xx_hal_dma.c 0x00000000   Number         0  stm32f1xx_hal_dma.o ABSOLUTE
    ../Drivers/STM32F1xx_HAL_Driver/Src/stm32f1xx_hal_flash.c 0x00000000   Number         0  stm32f1xx_hal_flash.o ABSOLUTE
    ../Drivers/STM32F1xx_HAL_Driver/Src/stm32f1xx_hal_flash_ex.c 0x00000000   Number         0  stm32f1xx_hal_flash_ex.o ABSOLUTE
    ../Drivers/STM32F1xx_HAL_Driver/Src/stm32f1xx_hal_gpio.c 0x00000000   Number         0  stm32f1xx_hal_gpio.o ABSOLUTE
    ../Drivers/STM32F1xx_HAL_Driver/Src/stm32f1xx_hal_gpio_ex.c 0x00000000   Number         0  stm32f1xx_hal_gpio_ex.o ABSOLUTE
    ../Drivers/STM32F1xx_HAL_Driver/Src/stm32f1xx_hal_pwr.c 0x00000000   Number         0  stm32f1xx_hal_pwr.o ABSOLUTE
    ../Drivers/STM32F1xx_HAL_Driver/Src/stm32f1xx_hal_rcc.c 0x00000000   Number         0  stm32f1xx_hal_rcc.o ABSOLUTE
    ../Drivers/STM32F1xx_HAL_Driver/Src/stm32f1xx_hal_rcc_ex.c 0x00000000   Number         0  stm32f1xx_hal_rcc_ex.o ABSOLUTE
    ../Drivers/STM32F1xx_HAL_Driver/Src/stm32f1xx_hal_tim.c 0x00000000   Number         0  stm32f1xx_hal_tim.o ABSOLUTE
    ../Drivers/STM32F1xx_HAL_Driver/Src/stm32f1xx_hal_tim_ex.c 0x00000000   Number         0  stm32f1xx_hal_tim_ex.o ABSOLUTE
    ../Drivers/STM32F1xx_HAL_Driver/Src/stm32f1xx_hal_uart.c 0x00000000   Number         0  stm32f1xx_hal_uart.o ABSOLUTE
    ../Src/main.c                            0x00000000   Number         0  main.o ABSOLUTE
    ../Src/stm32f1xx_hal_msp.c               0x00000000   Number         0  stm32f1xx_hal_msp.o ABSOLUTE
    ../Src/stm32f1xx_it.c                    0x00000000   Number         0  stm32f1xx_it.o ABSOLUTE
    ../Src/system_stm32f1xx.c                0x00000000   Number         0  system_stm32f1xx.o ABSOLUTE
    ../clib/microlib/errno.c                 0x00000000   Number         0  errno.o ABSOLUTE
    ../clib/microlib/init/entry.s            0x00000000   Number         0  entry8a.o ABSOLUTE
    ../clib/microlib/init/entry.s            0x00000000   Number         0  entry7b.o ABSOLUTE
    ../clib/microlib/init/entry.s            0x00000000   Number         0  entry9a.o ABSOLUTE
    ../clib/microlib/init/entry.s            0x00000000   Number         0  entry8b.o ABSOLUTE
    ../clib/microlib/init/entry.s            0x00000000   Number         0  entry7a.o ABSOLUTE
    ../clib/microlib/init/entry.s            0x00000000   Number         0  entry5.o ABSOLUTE
    ../clib/microlib/init/entry.s            0x00000000   Number         0  entry2.o ABSOLUTE
    ../clib/microlib/init/entry.s            0x00000000   Number         0  entry11b.o ABSOLUTE
    ../clib/microlib/init/entry.s            0x00000000   Number         0  entry11a.o ABSOLUTE
    ../clib/microlib/init/entry.s            0x00000000   Number         0  entry10b.o ABSOLUTE
    ../clib/microlib/init/entry.s            0x00000000   Number         0  entry9b.o ABSOLUTE
    ../clib/microlib/init/entry.s            0x00000000   Number         0  entry10a.o ABSOLUTE
    ../clib/microlib/init/entry.s            0x00000000   Number         0  entry.o ABSOLUTE
    ../clib/microlib/longlong.c              0x00000000   Number         0  llushr.o ABSOLUTE
    ../clib/microlib/longlong.c              0x00000000   Number         0  llshl.o ABSOLUTE
    ../clib/microlib/longlong.c              0x00000000   Number         0  llsshr.o ABSOLUTE
    ../clib/microlib/string/memset.c         0x00000000   Number         0  memseta.o ABSOLUTE
    ../clib/microlib/stubs.s                 0x00000000   Number         0  iusefp.o ABSOLUTE
    ../fplib/microlib/d2f.c                  0x00000000   Number         0  d2f.o ABSOLUTE
    ../fplib/microlib/f2d.c                  0x00000000   Number         0  f2d.o ABSOLUTE
    ../fplib/microlib/fpadd.c                0x00000000   Number         0  fadd.o ABSOLUTE
    ../fplib/microlib/fpadd.c                0x00000000   Number         0  dadd.o ABSOLUTE
    ../fplib/microlib/fpdiv.c                0x00000000   Number         0  ddiv.o ABSOLUTE
    ../fplib/microlib/fpdiv.c                0x00000000   Number         0  fdiv.o ABSOLUTE
    ../fplib/microlib/fpepilogue.c           0x00000000   Number         0  depilogue.o ABSOLUTE
    ../fplib/microlib/fpepilogue.c           0x00000000   Number         0  fepilogue.o ABSOLUTE
    ../fplib/microlib/fpfix.c                0x00000000   Number         0  dfixi.o ABSOLUTE
    ../fplib/microlib/fpfix.c                0x00000000   Number         0  ffixi.o ABSOLUTE
    ../fplib/microlib/fpflt.c                0x00000000   Number         0  dfltui.o ABSOLUTE
    ../fplib/microlib/fpflt.c                0x00000000   Number         0  dflti.o ABSOLUTE
    ../fplib/microlib/fpflt.c                0x00000000   Number         0  fflti.o ABSOLUTE
    ../fplib/microlib/fpmul.c                0x00000000   Number         0  fmul.o ABSOLUTE
    ../fplib/microlib/fpmul.c                0x00000000   Number         0  dmul.o ABSOLUTE
    ../fplib/microlib/fpscalb.c              0x00000000   Number         0  dscalb.o ABSOLUTE
    ../fplib/microlib/fpscalb.c              0x00000000   Number         0  fscalb.o ABSOLUTE
    ../fplib/microlib/fpsqrt.c               0x00000000   Number         0  dsqrt.o ABSOLUTE
    ../mathlib/atan.c                        0x00000000   Number         0  atan.o ABSOLUTE
    ../mathlib/atan.c                        0x00000000   Number         0  atan_x.o ABSOLUTE
    ../mathlib/cos.c                         0x00000000   Number         0  cos.o ABSOLUTE
    ../mathlib/cos.c                         0x00000000   Number         0  cos_x.o ABSOLUTE
    ../mathlib/cos_i.c                       0x00000000   Number         0  cos_i.o ABSOLUTE
    ../mathlib/dunder.c                      0x00000000   Number         0  dunder.o ABSOLUTE
    ../mathlib/fpclassify.c                  0x00000000   Number         0  fpclassify.o ABSOLUTE
    ../mathlib/poly.c                        0x00000000   Number         0  poly.o ABSOLUTE
    ../mathlib/rred.c                        0x00000000   Number         0  rred.o ABSOLUTE
    ../mathlib/sin.c                         0x00000000   Number         0  sin.o ABSOLUTE
    ../mathlib/sin.c                         0x00000000   Number         0  sin_x.o ABSOLUTE
    ../mathlib/sin_i.c                       0x00000000   Number         0  sin_i_x.o ABSOLUTE
    ../mathlib/sin_i.c                       0x00000000   Number         0  sin_i.o ABSOLUTE
    ../mathlib/sqrt.c                        0x00000000   Number         0  sqrt.o ABSOLUTE
    ../mathlib/sqrt.c                        0x00000000   Number         0  sqrt_x.o ABSOLUTE
    ../mathlib/tan.c                         0x00000000   Number         0  tan_x.o ABSOLUTE
    ../mathlib/tan.c                         0x00000000   Number         0  tan.o ABSOLUTE
    ../mathlib/tan_i.c                       0x00000000   Number         0  tan_i_x.o ABSOLUTE
    ../mathlib/tan_i.c                       0x00000000   Number         0  tan_i.o ABSOLUTE
    ..\Drivers\STM32F1xx_HAL_Driver\Src\stm32f1xx_hal.c 0x00000000   Number         0  stm32f1xx_hal.o ABSOLUTE
    ..\Drivers\STM32F1xx_HAL_Driver\Src\stm32f1xx_hal_cortex.c 0x00000000   Number         0  stm32f1xx_hal_cortex.o ABSOLUTE
    ..\Drivers\STM32F1xx_HAL_Driver\Src\stm32f1xx_hal_dma.c 0x00000000   Number         0  stm32f1xx_hal_dma.o ABSOLUTE
    ..\Drivers\STM32F1xx_HAL_Driver\Src\stm32f1xx_hal_flash.c 0x00000000   Number         0  stm32f1xx_hal_flash.o ABSOLUTE
    ..\Drivers\STM32F1xx_HAL_Driver\Src\stm32f1xx_hal_flash_ex.c 0x00000000   Number         0  stm32f1xx_hal_flash_ex.o ABSOLUTE
    ..\Drivers\STM32F1xx_HAL_Driver\Src\stm32f1xx_hal_gpio.c 0x00000000   Number         0  stm32f1xx_hal_gpio.o ABSOLUTE
    ..\Drivers\STM32F1xx_HAL_Driver\Src\stm32f1xx_hal_gpio_ex.c 0x00000000   Number         0  stm32f1xx_hal_gpio_ex.o ABSOLUTE
    ..\Drivers\STM32F1xx_HAL_Driver\Src\stm32f1xx_hal_pwr.c 0x00000000   Number         0  stm32f1xx_hal_pwr.o ABSOLUTE
    ..\Drivers\STM32F1xx_HAL_Driver\Src\stm32f1xx_hal_rcc.c 0x00000000   Number         0  stm32f1xx_hal_rcc.o ABSOLUTE
    ..\Drivers\STM32F1xx_HAL_Driver\Src\stm32f1xx_hal_rcc_ex.c 0x00000000   Number         0  stm32f1xx_hal_rcc_ex.o ABSOLUTE
    ..\Drivers\STM32F1xx_HAL_Driver\Src\stm32f1xx_hal_tim.c 0x00000000   Number         0  stm32f1xx_hal_tim.o ABSOLUTE
    ..\Drivers\STM32F1xx_HAL_Driver\Src\stm32f1xx_hal_tim_ex.c 0x00000000   Number         0  stm32f1xx_hal_tim_ex.o ABSOLUTE
    ..\Drivers\STM32F1xx_HAL_Driver\Src\stm32f1xx_hal_uart.c 0x00000000   Number         0  stm32f1xx_hal_uart.o ABSOLUTE
    ..\Src\main.c                            0x00000000   Number         0  main.o ABSOLUTE
    ..\Src\stm32f1xx_hal_msp.c               0x00000000   Number         0  stm32f1xx_hal_msp.o ABSOLUTE
    ..\Src\stm32f1xx_it.c                    0x00000000   Number         0  stm32f1xx_it.o ABSOLUTE
    ..\Src\system_stm32f1xx.c                0x00000000   Number         0  system_stm32f1xx.o ABSOLUTE
    cdcmple.s                                0x00000000   Number         0  cdcmple.o ABSOLUTE
    cdrcmple.s                               0x00000000   Number         0  cdrcmple.o ABSOLUTE
    cfcmple.s                                0x00000000   Number         0  cfcmple.o ABSOLUTE
    cfrcmple.s                               0x00000000   Number         0  cfrcmple.o ABSOLUTE
    dc.s                                     0x00000000   Number         0  dc.o ABSOLUTE
    handlers.s                               0x00000000   Number         0  handlers.o ABSOLUTE
    init.s                                   0x00000000   Number         0  init.o ABSOLUTE
    startup_stm32f103xb.s                    0x00000000   Number         0  startup_stm32f103xb.o ABSOLUTE
    RESET                                    0x08000000   Section      236  startup_stm32f103xb.o(RESET)
    .ARM.Collect$$$$00000000                 0x080000ec   Section        0  entry.o(.ARM.Collect$$$$00000000)
    .ARM.Collect$$$$00000001                 0x080000ec   Section        4  entry2.o(.ARM.Collect$$$$00000001)
    .ARM.Collect$$$$00000004                 0x080000f0   Section        4  entry5.o(.ARM.Collect$$$$00000004)
    .ARM.Collect$$$$00000008                 0x080000f4   Section        0  entry7b.o(.ARM.Collect$$$$00000008)
    .ARM.Collect$$$$0000000A                 0x080000f4   Section        0  entry8b.o(.ARM.Collect$$$$0000000A)
    .ARM.Collect$$$$0000000B                 0x080000f4   Section        8  entry9a.o(.ARM.Collect$$$$0000000B)
    .ARM.Collect$$$$0000000D                 0x080000fc   Section        0  entry10a.o(.ARM.Collect$$$$0000000D)
    .ARM.Collect$$$$0000000F                 0x080000fc   Section        0  entry11a.o(.ARM.Collect$$$$0000000F)
    .ARM.Collect$$$$00002712                 0x080000fc   Section        4  entry2.o(.ARM.Collect$$$$00002712)
    __lit__00000000                          0x080000fc   Data           4  entry2.o(.ARM.Collect$$$$00002712)
    .text                                    0x08000100   Section       36  startup_stm32f103xb.o(.text)
    .text                                    0x08000124   Section        0  llushr.o(.text)
    .text                                    0x08000144   Section        0  memseta.o(.text)
    .text                                    0x08000168   Section        0  fadd.o(.text)
    .text                                    0x08000218   Section        0  fmul.o(.text)
    .text                                    0x0800027c   Section        0  fdiv.o(.text)
    .text                                    0x080002f8   Section        0  fscalb.o(.text)
    .text                                    0x08000310   Section        0  dadd.o(.text)
    .text                                    0x0800045e   Section        0  dmul.o(.text)
    .text                                    0x08000542   Section        0  ddiv.o(.text)
    .text                                    0x08000620   Section        0  dscalb.o(.text)
    .text                                    0x0800064e   Section        0  fflti.o(.text)
    .text                                    0x08000660   Section        0  dflti.o(.text)
    .text                                    0x08000682   Section        0  ffixi.o(.text)
    .text                                    0x080006b4   Section        0  dfixi.o(.text)
    .text                                    0x080006f2   Section        0  f2d.o(.text)
    .text                                    0x08000718   Section       48  cdcmple.o(.text)
    .text                                    0x08000748   Section       48  cdrcmple.o(.text)
    .text                                    0x08000778   Section        0  d2f.o(.text)
    .text                                    0x080007b0   Section       20  cfcmple.o(.text)
    .text                                    0x080007c4   Section       20  cfrcmple.o(.text)
    .text                                    0x080007d8   Section        0  llshl.o(.text)
    .text                                    0x080007f6   Section        0  llsshr.o(.text)
    .text                                    0x0800081a   Section        0  fepilogue.o(.text)
    .text                                    0x0800081a   Section        0  iusefp.o(.text)
    .text                                    0x08000888   Section        0  depilogue.o(.text)
    .text                                    0x08000942   Section        0  dsqrt.o(.text)
    .text                                    0x080009e4   Section       36  init.o(.text)
    .text                                    0x08000a08   Section        0  dfltui.o(.text)
    i.BusFault_Handler                       0x08000a22   Section        0  stm32f1xx_it.o(i.BusFault_Handler)
    i.CalculateNewPosition                   0x08000a24   Section        0  main.o(i.CalculateNewPosition)
    i.DebugMon_Handler                       0x08000ab4   Section        0  stm32f1xx_it.o(i.DebugMon_Handler)
    i.Defuzzication_L                        0x08000ab8   Section        0  main.o(i.Defuzzication_L)
    i.Defuzzication_R                        0x08000d98   Section        0  main.o(i.Defuzzication_R)
    i.EXTI3_IRQHandler                       0x0800106c   Section        0  stm32f1xx_it.o(i.EXTI3_IRQHandler)
    i.EXTI4_IRQHandler                       0x0800108c   Section        0  stm32f1xx_it.o(i.EXTI4_IRQHandler)
    i.Encoder2Distance                       0x080010ac   Section        0  main.o(i.Encoder2Distance)
    i.EuclidDistance                         0x080010dc   Section        0  main.o(i.EuclidDistance)
    i.Fuzzy_ControlMotor                     0x08001118   Section        0  main.o(i.Fuzzy_ControlMotor)
    i.Fuzzy_TurnAround                       0x08001270   Section        0  main.o(i.Fuzzy_TurnAround)
    i.GetDerivativeError                     0x080013e8   Section        0  main.o(i.GetDerivativeError)
    i.GetError                               0x08001404   Section        0  main.o(i.GetError)
    i.GetNewGocLai                           0x08001412   Section        0  main.o(i.GetNewGocLai)
    i.HAL_GPIO_EXTI_Callback                 0x08001698   Section        0  stm32f1xx_hal_gpio.o(i.HAL_GPIO_EXTI_Callback)
    i.HAL_GPIO_EXTI_IRQHandler               0x0800169c   Section        0  stm32f1xx_hal_gpio.o(i.HAL_GPIO_EXTI_IRQHandler)
    i.HAL_GPIO_Init                          0x080016b4   Section        0  stm32f1xx_hal_gpio.o(i.HAL_GPIO_Init)
    i.HAL_GPIO_WritePin                      0x08001870   Section        0  stm32f1xx_hal_gpio.o(i.HAL_GPIO_WritePin)
    i.HAL_GetTick                            0x0800187c   Section        0  stm32f1xx_hal.o(i.HAL_GetTick)
    i.HAL_IncTick                            0x08001888   Section        0  stm32f1xx_hal.o(i.HAL_IncTick)
    i.HAL_Init                               0x08001898   Section        0  stm32f1xx_hal.o(i.HAL_Init)
    i.HAL_InitTick                           0x080018bc   Section        0  stm32f1xx_hal.o(i.HAL_InitTick)
    i.HAL_MspInit                            0x080018fc   Section        0  stm32f1xx_hal_msp.o(i.HAL_MspInit)
    i.HAL_NVIC_EnableIRQ                     0x08001938   Section        0  stm32f1xx_hal_cortex.o(i.HAL_NVIC_EnableIRQ)
    i.HAL_NVIC_SetPriority                   0x08001950   Section        0  stm32f1xx_hal_cortex.o(i.HAL_NVIC_SetPriority)
    i.HAL_NVIC_SetPriorityGrouping           0x08001990   Section        0  stm32f1xx_hal_cortex.o(i.HAL_NVIC_SetPriorityGrouping)
    i.HAL_RCC_ClockConfig                    0x080019b4   Section        0  stm32f1xx_hal_rcc.o(i.HAL_RCC_ClockConfig)
    i.HAL_RCC_GetPCLK1Freq                   0x08001b20   Section        0  stm32f1xx_hal_rcc.o(i.HAL_RCC_GetPCLK1Freq)
    i.HAL_RCC_GetPCLK2Freq                   0x08001b40   Section        0  stm32f1xx_hal_rcc.o(i.HAL_RCC_GetPCLK2Freq)
    i.HAL_RCC_GetSysClockFreq                0x08001b60   Section        0  stm32f1xx_hal_rcc.o(i.HAL_RCC_GetSysClockFreq)
    i.HAL_RCC_OscConfig                      0x08001bcc   Section        0  stm32f1xx_hal_rcc.o(i.HAL_RCC_OscConfig)
    i.HAL_SYSTICK_Config                     0x08001ed0   Section        0  stm32f1xx_hal_cortex.o(i.HAL_SYSTICK_Config)
    i.HAL_TIMEx_BreakCallback                0x08001ef8   Section        0  stm32f1xx_hal_tim_ex.o(i.HAL_TIMEx_BreakCallback)
    i.HAL_TIMEx_CommutationCallback          0x08001efa   Section        0  stm32f1xx_hal_tim_ex.o(i.HAL_TIMEx_CommutationCallback)
    i.HAL_TIMEx_MasterConfigSynchronization  0x08001efc   Section        0  stm32f1xx_hal_tim_ex.o(i.HAL_TIMEx_MasterConfigSynchronization)
    i.HAL_TIM_Base_Init                      0x08001f4c   Section        0  stm32f1xx_hal_tim.o(i.HAL_TIM_Base_Init)
    i.HAL_TIM_Base_MspInit                   0x08001f84   Section        0  stm32f1xx_hal_msp.o(i.HAL_TIM_Base_MspInit)
    i.HAL_TIM_Base_Start_IT                  0x08001fd4   Section        0  stm32f1xx_hal_tim.o(i.HAL_TIM_Base_Start_IT)
    i.HAL_TIM_ConfigClockSource              0x08001fec   Section        0  stm32f1xx_hal_tim.o(i.HAL_TIM_ConfigClockSource)
    i.HAL_TIM_IC_CaptureCallback             0x080020de   Section        0  stm32f1xx_hal_tim.o(i.HAL_TIM_IC_CaptureCallback)
    i.HAL_TIM_IRQHandler                     0x080020e0   Section        0  stm32f1xx_hal_tim.o(i.HAL_TIM_IRQHandler)
    i.HAL_TIM_MspPostInit                    0x08002248   Section        0  stm32f1xx_hal_msp.o(i.HAL_TIM_MspPostInit)
    i.HAL_TIM_OC_DelayElapsedCallback        0x08002298   Section        0  stm32f1xx_hal_tim.o(i.HAL_TIM_OC_DelayElapsedCallback)
    i.HAL_TIM_PWM_ConfigChannel              0x0800229a   Section        0  stm32f1xx_hal_tim.o(i.HAL_TIM_PWM_ConfigChannel)
    i.HAL_TIM_PWM_Init                       0x0800236a   Section        0  stm32f1xx_hal_tim.o(i.HAL_TIM_PWM_Init)
    i.HAL_TIM_PWM_MspInit                    0x080023a0   Section        0  stm32f1xx_hal_tim.o(i.HAL_TIM_PWM_MspInit)
    i.HAL_TIM_PWM_PulseFinishedCallback      0x080023a2   Section        0  stm32f1xx_hal_tim.o(i.HAL_TIM_PWM_PulseFinishedCallback)
    i.HAL_TIM_PWM_Start                      0x080023a4   Section        0  stm32f1xx_hal_tim.o(i.HAL_TIM_PWM_Start)
    i.HAL_TIM_PeriodElapsedCallback          0x080023d4   Section        0  main.o(i.HAL_TIM_PeriodElapsedCallback)
    i.HAL_TIM_TriggerCallback                0x08002470   Section        0  stm32f1xx_hal_tim.o(i.HAL_TIM_TriggerCallback)
    i.HAL_UART_Init                          0x08002472   Section        0  stm32f1xx_hal_uart.o(i.HAL_UART_Init)
    i.HAL_UART_MspInit                       0x080024d4   Section        0  stm32f1xx_hal_msp.o(i.HAL_UART_MspInit)
    i.HAL_UART_Transmit                      0x08002544   Section        0  stm32f1xx_hal_uart.o(i.HAL_UART_Transmit)
    i.HardFault_Handler                      0x080025fe   Section        0  stm32f1xx_it.o(i.HardFault_Handler)
    i.MX_GPIO_Init                           0x08002600   Section        0  main.o(i.MX_GPIO_Init)
    MX_GPIO_Init                             0x08002601   Thumb Code   226  main.o(i.MX_GPIO_Init)
    i.MX_TIM2_Init                           0x080026f8   Section        0  main.o(i.MX_TIM2_Init)
    MX_TIM2_Init                             0x080026f9   Thumb Code    78  main.o(i.MX_TIM2_Init)
    i.MX_TIM4_Init                           0x0800274c   Section        0  main.o(i.MX_TIM4_Init)
    MX_TIM4_Init                             0x0800274d   Thumb Code   124  main.o(i.MX_TIM4_Init)
    i.MemManage_Handler                      0x080027d0   Section        0  stm32f1xx_it.o(i.MemManage_Handler)
    i.NMI_Handler                            0x080027d2   Section        0  stm32f1xx_it.o(i.NMI_Handler)
    i.NVIC_SetPriority                       0x080027d4   Section        0  stm32f1xx_hal_cortex.o(i.NVIC_SetPriority)
    NVIC_SetPriority                         0x080027d5   Thumb Code    32  stm32f1xx_hal_cortex.o(i.NVIC_SetPriority)
    i.PendSV_Handler                         0x080027f4   Section        0  stm32f1xx_it.o(i.PendSV_Handler)
    i.SVC_Handler                            0x080027f6   Section        0  stm32f1xx_it.o(i.SVC_Handler)
    i.SendPos                                0x080027f8   Section        0  main.o(i.SendPos)
    i.SetPWM_withDutyCycle                   0x0800284c   Section        0  main.o(i.SetPWM_withDutyCycle)
    i.SetPWM_withDutyCycle_withStop          0x08002878   Section        0  main.o(i.SetPWM_withDutyCycle_withStop)
    i.SpinLeft                               0x080028ac   Section        0  main.o(i.SpinLeft)
    i.SpinRight                              0x080028cc   Section        0  main.o(i.SpinRight)
    i.SysTick_Handler                        0x080028ec   Section        0  stm32f1xx_it.o(i.SysTick_Handler)
    i.SystemClock_Config                     0x080028f0   Section        0  main.o(i.SystemClock_Config)
    i.SystemInit                             0x0800293c   Section        0  system_stm32f1xx.o(i.SystemInit)
    i.TIM2_IRQHandler                        0x08002984   Section        0  stm32f1xx_it.o(i.TIM2_IRQHandler)
    i.TIM_Base_SetConfig                     0x08002990   Section        0  stm32f1xx_hal_tim.o(i.TIM_Base_SetConfig)
    i.TIM_CCxChannelCmd                      0x080029fc   Section        0  stm32f1xx_hal_tim.o(i.TIM_CCxChannelCmd)
    i.TIM_ETR_SetConfig                      0x08002a12   Section        0  stm32f1xx_hal_tim.o(i.TIM_ETR_SetConfig)
    TIM_ETR_SetConfig                        0x08002a13   Thumb Code    20  stm32f1xx_hal_tim.o(i.TIM_ETR_SetConfig)
    i.TIM_ITRx_SetConfig                     0x08002a26   Section        0  stm32f1xx_hal_tim.o(i.TIM_ITRx_SetConfig)
    TIM_ITRx_SetConfig                       0x08002a27   Thumb Code    16  stm32f1xx_hal_tim.o(i.TIM_ITRx_SetConfig)
    i.TIM_OC1_SetConfig                      0x08002a38   Section        0  stm32f1xx_hal_tim.o(i.TIM_OC1_SetConfig)
    TIM_OC1_SetConfig                        0x08002a39   Thumb Code    74  stm32f1xx_hal_tim.o(i.TIM_OC1_SetConfig)
    i.TIM_OC2_SetConfig                      0x08002a88   Section        0  stm32f1xx_hal_tim.o(i.TIM_OC2_SetConfig)
    i.TIM_OC3_SetConfig                      0x08002ae0   Section        0  stm32f1xx_hal_tim.o(i.TIM_OC3_SetConfig)
    TIM_OC3_SetConfig                        0x08002ae1   Thumb Code    82  stm32f1xx_hal_tim.o(i.TIM_OC3_SetConfig)
    i.TIM_OC4_SetConfig                      0x08002b38   Section        0  stm32f1xx_hal_tim.o(i.TIM_OC4_SetConfig)
    TIM_OC4_SetConfig                        0x08002b39   Thumb Code    64  stm32f1xx_hal_tim.o(i.TIM_OC4_SetConfig)
    i.TIM_TI1_ConfigInputStage               0x08002b7c   Section        0  stm32f1xx_hal_tim.o(i.TIM_TI1_ConfigInputStage)
    TIM_TI1_ConfigInputStage                 0x08002b7d   Thumb Code    34  stm32f1xx_hal_tim.o(i.TIM_TI1_ConfigInputStage)
    i.TIM_TI2_ConfigInputStage               0x08002b9e   Section        0  stm32f1xx_hal_tim.o(i.TIM_TI2_ConfigInputStage)
    TIM_TI2_ConfigInputStage                 0x08002b9f   Thumb Code    36  stm32f1xx_hal_tim.o(i.TIM_TI2_ConfigInputStage)
    i.UART_SetConfig                         0x08002bc4   Section        0  stm32f1xx_hal_uart.o(i.UART_SetConfig)
    UART_SetConfig                           0x08002bc5   Thumb Code   364  stm32f1xx_hal_uart.o(i.UART_SetConfig)
    i.UART_WaitOnFlagUntilTimeout            0x08002d34   Section        0  stm32f1xx_hal_uart.o(i.UART_WaitOnFlagUntilTimeout)
    UART_WaitOnFlagUntilTimeout              0x08002d35   Thumb Code   100  stm32f1xx_hal_uart.o(i.UART_WaitOnFlagUntilTimeout)
    i.UpdateParams                           0x08002d98   Section        0  main.o(i.UpdateParams)
    i.UsageFault_Handler                     0x08002da4   Section        0  stm32f1xx_it.o(i.UsageFault_Handler)
    i.__ARM_fpclassify                       0x08002da6   Section        0  fpclassify.o(i.__ARM_fpclassify)
    i.__ieee754_rem_pio2                     0x08002dd0   Section        0  rred.o(i.__ieee754_rem_pio2)
    i.__kernel_cos                           0x08003158   Section        0  cos_i.o(i.__kernel_cos)
    i.__kernel_poly                          0x08003254   Section        0  poly.o(i.__kernel_poly)
    i.__kernel_sin                           0x08003300   Section        0  sin_i.o(i.__kernel_sin)
    i.__kernel_tan                           0x080033ec   Section        0  tan_i.o(i.__kernel_tan)
    i.__mathlib_dbl_infnan                   0x08003668   Section        0  dunder.o(i.__mathlib_dbl_infnan)
    i.__mathlib_dbl_invalid                  0x0800366e   Section        0  dunder.o(i.__mathlib_dbl_invalid)
    i.__mathlib_dbl_underflow                0x0800367c   Section        0  dunder.o(i.__mathlib_dbl_underflow)
    i.__scatterload_copy                     0x0800368c   Section       14  handlers.o(i.__scatterload_copy)
    i.__scatterload_null                     0x0800369a   Section        2  handlers.o(i.__scatterload_null)
    i.__scatterload_zeroinit                 0x0800369c   Section       14  handlers.o(i.__scatterload_zeroinit)
    i.__set_errno                            0x080036ac   Section        0  errno.o(i.__set_errno)
    i.atan                                   0x080036b8   Section        0  atan.o(i.atan)
    i.cos                                    0x080038d8   Section        0  cos.o(i.cos)
    i.main                                   0x08003974   Section        0  main.o(i.main)
    i.max                                    0x08003a34   Section        0  main.o(i.max)
    i.mftrap                                 0x08003a54   Section        0  main.o(i.mftrap)
    i.sin                                    0x08003af4   Section        0  sin.o(i.sin)
    i.sqrt                                   0x08003b94   Section        0  sqrt.o(i.sqrt)
    i.tan                                    0x08003be0   Section        0  tan.o(i.tan)
    .constdata                               0x08003c44   Section       16  system_stm32f1xx.o(.constdata)
    .constdata                               0x08003c54   Section        8  system_stm32f1xx.o(.constdata)
    .constdata                               0x08003c60   Section      152  atan.o(.constdata)
    atanhi                                   0x08003c60   Data          32  atan.o(.constdata)
    atanlo                                   0x08003c80   Data          32  atan.o(.constdata)
    aTodd                                    0x08003ca0   Data          40  atan.o(.constdata)
    aTeven                                   0x08003cc8   Data          48  atan.o(.constdata)
    .constdata                               0x08003cf8   Section       48  cos_i.o(.constdata)
    C                                        0x08003cf8   Data          48  cos_i.o(.constdata)
    .constdata                               0x08003d28   Section      200  rred.o(.constdata)
    pio2s                                    0x08003d28   Data          48  rred.o(.constdata)
    twooverpi                                0x08003d58   Data         152  rred.o(.constdata)
    .constdata                               0x08003df0   Section       40  sin_i.o(.constdata)
    S                                        0x08003df0   Data          40  sin_i.o(.constdata)
    .constdata                               0x08003e18   Section       96  tan_i.o(.constdata)
    Todd                                     0x08003e18   Data          48  tan_i.o(.constdata)
    Teven                                    0x08003e48   Data          48  tan_i.o(.constdata)
    .data                                    0x20000000   Section      148  main.o(.data)
    .data                                    0x20000094   Section        4  main.o(.data)
    .data                                    0x20000098   Section        4  main.o(.data)
    .data                                    0x2000009c   Section       12  stm32f1xx_hal.o(.data)
    .data                                    0x200000a8   Section        4  system_stm32f1xx.o(.data)
    .data                                    0x200000ac   Section        4  errno.o(.data)
    _errno                                   0x200000ac   Data           4  errno.o(.data)
    .bss                                     0x200000b0   Section      202  main.o(.bss)
    STACK                                    0x20000180   Section     1024  startup_stm32f103xb.o(STACK)

    Global Symbols

    Symbol Name                              Value     Ov Type        Size  Object(Section)

    BuildAttributes$$THM_ISAv4$P$D$K$B$S$PE$A:L22UL41UL21$X:L11$S22US41US21$IEEE1$IW$USESV6$~STKCKD$USESV7$~SHL$OTIME$ROPI$IEEEX$EBA8$MICROLIB$REQ8$PRES8$EABIv2 0x00000000   Number         0  anon$$obj.o ABSOLUTE
    __ARM_use_no_argv                        0x00000000   Number         0  main.o ABSOLUTE
    __cpp_initialize__aeabi_                  - Undefined Weak Reference
    __cxa_finalize                            - Undefined Weak Reference
    __decompress                              - Undefined Weak Reference
    _clock_init                               - Undefined Weak Reference
    _microlib_exit                            - Undefined Weak Reference
    __Vectors_Size                           0x000000ec   Number         0  startup_stm32f103xb.o ABSOLUTE
    __Vectors                                0x08000000   Data           4  startup_stm32f103xb.o(RESET)
    __Vectors_End                            0x080000ec   Data           0  startup_stm32f103xb.o(RESET)
    __main                                   0x080000ed   Thumb Code     0  entry.o(.ARM.Collect$$$$00000000)
    _main_stk                                0x080000ed   Thumb Code     0  entry2.o(.ARM.Collect$$$$00000001)
    _main_scatterload                        0x080000f1   Thumb Code     0  entry5.o(.ARM.Collect$$$$00000004)
    __main_after_scatterload                 0x080000f5   Thumb Code     0  entry5.o(.ARM.Collect$$$$00000004)
    _main_clock                              0x080000f5   Thumb Code     0  entry7b.o(.ARM.Collect$$$$00000008)
    _main_cpp_init                           0x080000f5   Thumb Code     0  entry8b.o(.ARM.Collect$$$$0000000A)
    _main_init                               0x080000f5   Thumb Code     0  entry9a.o(.ARM.Collect$$$$0000000B)
    __rt_final_cpp                           0x080000fd   Thumb Code     0  entry10a.o(.ARM.Collect$$$$0000000D)
    __rt_final_exit                          0x080000fd   Thumb Code     0  entry11a.o(.ARM.Collect$$$$0000000F)
    Reset_Handler                            0x08000101   Thumb Code     8  startup_stm32f103xb.o(.text)
    ADC1_2_IRQHandler                        0x0800011b   Thumb Code     0  startup_stm32f103xb.o(.text)
    CAN1_RX1_IRQHandler                      0x0800011b   Thumb Code     0  startup_stm32f103xb.o(.text)
    CAN1_SCE_IRQHandler                      0x0800011b   Thumb Code     0  startup_stm32f103xb.o(.text)
    DMA1_Channel1_IRQHandler                 0x0800011b   Thumb Code     0  startup_stm32f103xb.o(.text)
    DMA1_Channel2_IRQHandler                 0x0800011b   Thumb Code     0  startup_stm32f103xb.o(.text)
    DMA1_Channel3_IRQHandler                 0x0800011b   Thumb Code     0  startup_stm32f103xb.o(.text)
    DMA1_Channel4_IRQHandler                 0x0800011b   Thumb Code     0  startup_stm32f103xb.o(.text)
    DMA1_Channel5_IRQHandler                 0x0800011b   Thumb Code     0  startup_stm32f103xb.o(.text)
    DMA1_Channel6_IRQHandler                 0x0800011b   Thumb Code     0  startup_stm32f103xb.o(.text)
    DMA1_Channel7_IRQHandler                 0x0800011b   Thumb Code     0  startup_stm32f103xb.o(.text)
    EXTI0_IRQHandler                         0x0800011b   Thumb Code     0  startup_stm32f103xb.o(.text)
    EXTI15_10_IRQHandler                     0x0800011b   Thumb Code     0  startup_stm32f103xb.o(.text)
    EXTI1_IRQHandler                         0x0800011b   Thumb Code     0  startup_stm32f103xb.o(.text)
    EXTI2_IRQHandler                         0x0800011b   Thumb Code     0  startup_stm32f103xb.o(.text)
    EXTI9_5_IRQHandler                       0x0800011b   Thumb Code     0  startup_stm32f103xb.o(.text)
    FLASH_IRQHandler                         0x0800011b   Thumb Code     0  startup_stm32f103xb.o(.text)
    I2C1_ER_IRQHandler                       0x0800011b   Thumb Code     0  startup_stm32f103xb.o(.text)
    I2C1_EV_IRQHandler                       0x0800011b   Thumb Code     0  startup_stm32f103xb.o(.text)
    I2C2_ER_IRQHandler                       0x0800011b   Thumb Code     0  startup_stm32f103xb.o(.text)
    I2C2_EV_IRQHandler                       0x0800011b   Thumb Code     0  startup_stm32f103xb.o(.text)
    PVD_IRQHandler                           0x0800011b   Thumb Code     0  startup_stm32f103xb.o(.text)
    RCC_IRQHandler                           0x0800011b   Thumb Code     0  startup_stm32f103xb.o(.text)
    RTC_Alarm_IRQHandler                     0x0800011b   Thumb Code     0  startup_stm32f103xb.o(.text)
    RTC_IRQHandler                           0x0800011b   Thumb Code     0  startup_stm32f103xb.o(.text)
    SPI1_IRQHandler                          0x0800011b   Thumb Code     0  startup_stm32f103xb.o(.text)
    SPI2_IRQHandler                          0x0800011b   Thumb Code     0  startup_stm32f103xb.o(.text)
    TAMPER_IRQHandler                        0x0800011b   Thumb Code     0  startup_stm32f103xb.o(.text)
    TIM1_BRK_IRQHandler                      0x0800011b   Thumb Code     0  startup_stm32f103xb.o(.text)
    TIM1_CC_IRQHandler                       0x0800011b   Thumb Code     0  startup_stm32f103xb.o(.text)
    TIM1_TRG_COM_IRQHandler                  0x0800011b   Thumb Code     0  startup_stm32f103xb.o(.text)
    TIM1_UP_IRQHandler                       0x0800011b   Thumb Code     0  startup_stm32f103xb.o(.text)
    TIM3_IRQHandler                          0x0800011b   Thumb Code     0  startup_stm32f103xb.o(.text)
    TIM4_IRQHandler                          0x0800011b   Thumb Code     0  startup_stm32f103xb.o(.text)
    USART1_IRQHandler                        0x0800011b   Thumb Code     0  startup_stm32f103xb.o(.text)
    USART2_IRQHandler                        0x0800011b   Thumb Code     0  startup_stm32f103xb.o(.text)
    USART3_IRQHandler                        0x0800011b   Thumb Code     0  startup_stm32f103xb.o(.text)
    USBWakeUp_IRQHandler                     0x0800011b   Thumb Code     0  startup_stm32f103xb.o(.text)
    USB_HP_CAN1_TX_IRQHandler                0x0800011b   Thumb Code     0  startup_stm32f103xb.o(.text)
    USB_LP_CAN1_RX0_IRQHandler               0x0800011b   Thumb Code     0  startup_stm32f103xb.o(.text)
    WWDG_IRQHandler                          0x0800011b   Thumb Code     0  startup_stm32f103xb.o(.text)
    __aeabi_llsr                             0x08000125   Thumb Code    32  llushr.o(.text)
    _ll_ushift_r                             0x08000125   Thumb Code     0  llushr.o(.text)
    __aeabi_memset                           0x08000145   Thumb Code    14  memseta.o(.text)
    __aeabi_memset4                          0x08000145   Thumb Code     0  memseta.o(.text)
    __aeabi_memset8                          0x08000145   Thumb Code     0  memseta.o(.text)
    __aeabi_memclr                           0x08000153   Thumb Code     4  memseta.o(.text)
    __aeabi_memclr4                          0x08000153   Thumb Code     0  memseta.o(.text)
    __aeabi_memclr8                          0x08000153   Thumb Code     0  memseta.o(.text)
    _memset$wrapper                          0x08000157   Thumb Code    18  memseta.o(.text)
    __aeabi_fadd                             0x08000169   Thumb Code   164  fadd.o(.text)
    __aeabi_fsub                             0x0800020d   Thumb Code     6  fadd.o(.text)
    __aeabi_frsub                            0x08000213   Thumb Code     6  fadd.o(.text)
    __aeabi_fmul                             0x08000219   Thumb Code   100  fmul.o(.text)
    __aeabi_fdiv                             0x0800027d   Thumb Code   124  fdiv.o(.text)
    __ARM_scalbnf                            0x080002f9   Thumb Code    24  fscalb.o(.text)
    scalbnf                                  0x080002f9   Thumb Code     0  fscalb.o(.text)
    __aeabi_dadd                             0x08000311   Thumb Code   322  dadd.o(.text)
    __aeabi_dsub                             0x08000453   Thumb Code     6  dadd.o(.text)
    __aeabi_drsub                            0x08000459   Thumb Code     6  dadd.o(.text)
    __aeabi_dmul                             0x0800045f   Thumb Code   228  dmul.o(.text)
    __aeabi_ddiv                             0x08000543   Thumb Code   222  ddiv.o(.text)
    __ARM_scalbn                             0x08000621   Thumb Code    46  dscalb.o(.text)
    scalbn                                   0x08000621   Thumb Code     0  dscalb.o(.text)
    __aeabi_i2f                              0x0800064f   Thumb Code    18  fflti.o(.text)
    __aeabi_i2d                              0x08000661   Thumb Code    34  dflti.o(.text)
    __aeabi_f2iz                             0x08000683   Thumb Code    50  ffixi.o(.text)
    __aeabi_d2iz                             0x080006b5   Thumb Code    62  dfixi.o(.text)
    __aeabi_f2d                              0x080006f3   Thumb Code    38  f2d.o(.text)
    __aeabi_cdcmpeq                          0x08000719   Thumb Code     0  cdcmple.o(.text)
    __aeabi_cdcmple                          0x08000719   Thumb Code    48  cdcmple.o(.text)
    __aeabi_cdrcmple                         0x08000749   Thumb Code    48  cdrcmple.o(.text)
    __aeabi_d2f                              0x08000779   Thumb Code    56  d2f.o(.text)
    __aeabi_cfcmpeq                          0x080007b1   Thumb Code     0  cfcmple.o(.text)
    __aeabi_cfcmple                          0x080007b1   Thumb Code    20  cfcmple.o(.text)
    __aeabi_cfrcmple                         0x080007c5   Thumb Code    20  cfrcmple.o(.text)
    __aeabi_llsl                             0x080007d9   Thumb Code    30  llshl.o(.text)
    _ll_shift_l                              0x080007d9   Thumb Code     0  llshl.o(.text)
    __aeabi_lasr                             0x080007f7   Thumb Code    36  llsshr.o(.text)
    _ll_sshift_r                             0x080007f7   Thumb Code     0  llsshr.o(.text)
    __I$use$fp                               0x0800081b   Thumb Code     0  iusefp.o(.text)
    _float_round                             0x0800081b   Thumb Code    18  fepilogue.o(.text)
    _float_epilogue                          0x0800082d   Thumb Code    92  fepilogue.o(.text)
    _double_round                            0x08000889   Thumb Code    30  depilogue.o(.text)
    _double_epilogue                         0x080008a7   Thumb Code   156  depilogue.o(.text)
    _dsqrt                                   0x08000943   Thumb Code   162  dsqrt.o(.text)
    __scatterload                            0x080009e5   Thumb Code    28  init.o(.text)
    __scatterload_rt2                        0x080009e5   Thumb Code     0  init.o(.text)
    __aeabi_ui2d                             0x08000a09   Thumb Code    26  dfltui.o(.text)
    BusFault_Handler                         0x08000a23   Thumb Code     2  stm32f1xx_it.o(i.BusFault_Handler)
    CalculateNewPosition                     0x08000a25   Thumb Code   138  main.o(i.CalculateNewPosition)
    DebugMon_Handler                         0x08000ab5   Thumb Code     2  stm32f1xx_it.o(i.DebugMon_Handler)
    Defuzzication_L                          0x08000ab9   Thumb Code   700  main.o(i.Defuzzication_L)
    Defuzzication_R                          0x08000d99   Thumb Code   686  main.o(i.Defuzzication_R)
    EXTI3_IRQHandler                         0x0800106d   Thumb Code    22  stm32f1xx_it.o(i.EXTI3_IRQHandler)
    EXTI4_IRQHandler                         0x0800108d   Thumb Code    22  stm32f1xx_it.o(i.EXTI4_IRQHandler)
    Encoder2Distance                         0x080010ad   Thumb Code    34  main.o(i.Encoder2Distance)
    EuclidDistance                           0x080010dd   Thumb Code    60  main.o(i.EuclidDistance)
    Fuzzy_ControlMotor                       0x08001119   Thumb Code   326  main.o(i.Fuzzy_ControlMotor)
    Fuzzy_TurnAround                         0x08001271   Thumb Code   360  main.o(i.Fuzzy_TurnAround)
    GetDerivativeError                       0x080013e9   Thumb Code    22  main.o(i.GetDerivativeError)
    GetError                                 0x08001405   Thumb Code    14  main.o(i.GetError)
    GetNewGocLai                             0x08001413   Thumb Code   646  main.o(i.GetNewGocLai)
    HAL_GPIO_EXTI_Callback                   0x08001699   Thumb Code     2  stm32f1xx_hal_gpio.o(i.HAL_GPIO_EXTI_Callback)
    HAL_GPIO_EXTI_IRQHandler                 0x0800169d   Thumb Code    18  stm32f1xx_hal_gpio.o(i.HAL_GPIO_EXTI_IRQHandler)
    HAL_GPIO_Init                            0x080016b5   Thumb Code   408  stm32f1xx_hal_gpio.o(i.HAL_GPIO_Init)
    HAL_GPIO_WritePin                        0x08001871   Thumb Code    10  stm32f1xx_hal_gpio.o(i.HAL_GPIO_WritePin)
    HAL_GetTick                              0x0800187d   Thumb Code     6  stm32f1xx_hal.o(i.HAL_GetTick)
    HAL_IncTick                              0x08001889   Thumb Code    12  stm32f1xx_hal.o(i.HAL_IncTick)
    HAL_Init                                 0x08001899   Thumb Code    32  stm32f1xx_hal.o(i.HAL_Init)
    HAL_InitTick                             0x080018bd   Thumb Code    54  stm32f1xx_hal.o(i.HAL_InitTick)
    HAL_MspInit                              0x080018fd   Thumb Code    52  stm32f1xx_hal_msp.o(i.HAL_MspInit)
    HAL_NVIC_EnableIRQ                       0x08001939   Thumb Code    22  stm32f1xx_hal_cortex.o(i.HAL_NVIC_EnableIRQ)
    HAL_NVIC_SetPriority                     0x08001951   Thumb Code    60  stm32f1xx_hal_cortex.o(i.HAL_NVIC_SetPriority)
    HAL_NVIC_SetPriorityGrouping             0x08001991   Thumb Code    26  stm32f1xx_hal_cortex.o(i.HAL_NVIC_SetPriorityGrouping)
    HAL_RCC_ClockConfig                      0x080019b5   Thumb Code   346  stm32f1xx_hal_rcc.o(i.HAL_RCC_ClockConfig)
    HAL_RCC_GetPCLK1Freq                     0x08001b21   Thumb Code    20  stm32f1xx_hal_rcc.o(i.HAL_RCC_GetPCLK1Freq)
    HAL_RCC_GetPCLK2Freq                     0x08001b41   Thumb Code    20  stm32f1xx_hal_rcc.o(i.HAL_RCC_GetPCLK2Freq)
    HAL_RCC_GetSysClockFreq                  0x08001b61   Thumb Code    74  stm32f1xx_hal_rcc.o(i.HAL_RCC_GetSysClockFreq)
    HAL_RCC_OscConfig                        0x08001bcd   Thumb Code   750  stm32f1xx_hal_rcc.o(i.HAL_RCC_OscConfig)
    HAL_SYSTICK_Config                       0x08001ed1   Thumb Code    40  stm32f1xx_hal_cortex.o(i.HAL_SYSTICK_Config)
    HAL_TIMEx_BreakCallback                  0x08001ef9   Thumb Code     2  stm32f1xx_hal_tim_ex.o(i.HAL_TIMEx_BreakCallback)
    HAL_TIMEx_CommutationCallback            0x08001efb   Thumb Code     2  stm32f1xx_hal_tim_ex.o(i.HAL_TIMEx_CommutationCallback)
    HAL_TIMEx_MasterConfigSynchronization    0x08001efd   Thumb Code    80  stm32f1xx_hal_tim_ex.o(i.HAL_TIMEx_MasterConfigSynchronization)
    HAL_TIM_Base_Init                        0x08001f4d   Thumb Code    54  stm32f1xx_hal_tim.o(i.HAL_TIM_Base_Init)
    HAL_TIM_Base_MspInit                     0x08001f85   Thumb Code    72  stm32f1xx_hal_msp.o(i.HAL_TIM_Base_MspInit)
    HAL_TIM_Base_Start_IT                    0x08001fd5   Thumb Code    24  stm32f1xx_hal_tim.o(i.HAL_TIM_Base_Start_IT)
    HAL_TIM_ConfigClockSource                0x08001fed   Thumb Code   242  stm32f1xx_hal_tim.o(i.HAL_TIM_ConfigClockSource)
    HAL_TIM_IC_CaptureCallback               0x080020df   Thumb Code     2  stm32f1xx_hal_tim.o(i.HAL_TIM_IC_CaptureCallback)
    HAL_TIM_IRQHandler                       0x080020e1   Thumb Code   358  stm32f1xx_hal_tim.o(i.HAL_TIM_IRQHandler)
    HAL_TIM_MspPostInit                      0x08002249   Thumb Code    66  stm32f1xx_hal_msp.o(i.HAL_TIM_MspPostInit)
    HAL_TIM_OC_DelayElapsedCallback          0x08002299   Thumb Code     2  stm32f1xx_hal_tim.o(i.HAL_TIM_OC_DelayElapsedCallback)
    HAL_TIM_PWM_ConfigChannel                0x0800229b   Thumb Code   208  stm32f1xx_hal_tim.o(i.HAL_TIM_PWM_ConfigChannel)
    HAL_TIM_PWM_Init                         0x0800236b   Thumb Code    54  stm32f1xx_hal_tim.o(i.HAL_TIM_PWM_Init)
    HAL_TIM_PWM_MspInit                      0x080023a1   Thumb Code     2  stm32f1xx_hal_tim.o(i.HAL_TIM_PWM_MspInit)
    HAL_TIM_PWM_PulseFinishedCallback        0x080023a3   Thumb Code     2  stm32f1xx_hal_tim.o(i.HAL_TIM_PWM_PulseFinishedCallback)
    HAL_TIM_PWM_Start                        0x080023a5   Thumb Code    42  stm32f1xx_hal_tim.o(i.HAL_TIM_PWM_Start)
    HAL_TIM_PeriodElapsedCallback            0x080023d5   Thumb Code   142  main.o(i.HAL_TIM_PeriodElapsedCallback)
    HAL_TIM_TriggerCallback                  0x08002471   Thumb Code     2  stm32f1xx_hal_tim.o(i.HAL_TIM_TriggerCallback)
    HAL_UART_Init                            0x08002473   Thumb Code    98  stm32f1xx_hal_uart.o(i.HAL_UART_Init)
    HAL_UART_MspInit                         0x080024d5   Thumb Code    98  stm32f1xx_hal_msp.o(i.HAL_UART_MspInit)
    HAL_UART_Transmit                        0x08002545   Thumb Code   186  stm32f1xx_hal_uart.o(i.HAL_UART_Transmit)
    HardFault_Handler                        0x080025ff   Thumb Code     2  stm32f1xx_it.o(i.HardFault_Handler)
    MemManage_Handler                        0x080027d1   Thumb Code     2  stm32f1xx_it.o(i.MemManage_Handler)
    NMI_Handler                              0x080027d3   Thumb Code     2  stm32f1xx_it.o(i.NMI_Handler)
    PendSV_Handler                           0x080027f5   Thumb Code     2  stm32f1xx_it.o(i.PendSV_Handler)
    SVC_Handler                              0x080027f7   Thumb Code     2  stm32f1xx_it.o(i.SVC_Handler)
    SendPos                                  0x080027f9   Thumb Code    74  main.o(i.SendPos)
    SetPWM_withDutyCycle                     0x0800284d   Thumb Code    38  main.o(i.SetPWM_withDutyCycle)
    SetPWM_withDutyCycle_withStop            0x08002879   Thumb Code    46  main.o(i.SetPWM_withDutyCycle_withStop)
    SpinLeft                                 0x080028ad   Thumb Code    26  main.o(i.SpinLeft)
    SpinRight                                0x080028cd   Thumb Code    26  main.o(i.SpinRight)
    SysTick_Handler                          0x080028ed   Thumb Code     4  stm32f1xx_it.o(i.SysTick_Handler)
    SystemClock_Config                       0x080028f1   Thumb Code    76  main.o(i.SystemClock_Config)
    SystemInit                               0x0800293d   Thumb Code    56  system_stm32f1xx.o(i.SystemInit)
    TIM2_IRQHandler                          0x08002985   Thumb Code     6  stm32f1xx_it.o(i.TIM2_IRQHandler)
    TIM_Base_SetConfig                       0x08002991   Thumb Code    94  stm32f1xx_hal_tim.o(i.TIM_Base_SetConfig)
    TIM_CCxChannelCmd                        0x080029fd   Thumb Code    22  stm32f1xx_hal_tim.o(i.TIM_CCxChannelCmd)
    TIM_OC2_SetConfig                        0x08002a89   Thumb Code    84  stm32f1xx_hal_tim.o(i.TIM_OC2_SetConfig)
    UpdateParams                             0x08002d99   Thumb Code     8  main.o(i.UpdateParams)
    UsageFault_Handler                       0x08002da5   Thumb Code     2  stm32f1xx_it.o(i.UsageFault_Handler)
    __ARM_fpclassify                         0x08002da7   Thumb Code    40  fpclassify.o(i.__ARM_fpclassify)
    __ieee754_rem_pio2                       0x08002dd1   Thumb Code   828  rred.o(i.__ieee754_rem_pio2)
    __kernel_cos                             0x08003159   Thumb Code   230  cos_i.o(i.__kernel_cos)
    __kernel_poly                            0x08003255   Thumb Code   170  poly.o(i.__kernel_poly)
    __kernel_sin                             0x08003301   Thumb Code   224  sin_i.o(i.__kernel_sin)
    __kernel_tan                             0x080033ed   Thumb Code   586  tan_i.o(i.__kernel_tan)
    __mathlib_dbl_infnan                     0x08003669   Thumb Code     6  dunder.o(i.__mathlib_dbl_infnan)
    __mathlib_dbl_invalid                    0x0800366f   Thumb Code    12  dunder.o(i.__mathlib_dbl_invalid)
    __mathlib_dbl_underflow                  0x0800367d   Thumb Code    10  dunder.o(i.__mathlib_dbl_underflow)
    __scatterload_copy                       0x0800368d   Thumb Code    14  handlers.o(i.__scatterload_copy)
    __scatterload_null                       0x0800369b   Thumb Code     2  handlers.o(i.__scatterload_null)
    __scatterload_zeroinit                   0x0800369d   Thumb Code    14  handlers.o(i.__scatterload_zeroinit)
    __set_errno                              0x080036ad   Thumb Code     6  errno.o(i.__set_errno)
    atan                                     0x080036b9   Thumb Code   474  atan.o(i.atan)
    cos                                      0x080038d9   Thumb Code   148  cos.o(i.cos)
    main                                     0x08003975   Thumb Code   166  main.o(i.main)
    max                                      0x08003a35   Thumb Code    32  main.o(i.max)
    mftrap                                   0x08003a55   Thumb Code   156  main.o(i.mftrap)
    sin                                      0x08003af5   Thumb Code   150  sin.o(i.sin)
    sqrt                                     0x08003b95   Thumb Code    76  sqrt.o(i.sqrt)
    tan                                      0x08003be1   Thumb Code    90  tan.o(i.tan)
    AHBPrescTable                            0x08003c44   Data          16  system_stm32f1xx.o(.constdata)
    APBPrescTable                            0x08003c54   Data           8  system_stm32f1xx.o(.constdata)
    Region$$Table$$Base                      0x08003e78   Number         0  anon$$obj.o(Region$$Table)
    Region$$Table$$Limit                     0x08003e98   Number         0  anon$$obj.o(Region$$Table)
    tim2Indicator                            0x20000000   Data           1  main.o(.data)
    TIM_Period                               0x20000002   Data           2  main.o(.data)
    Pulse_LeftMotor                          0x20000004   Data           4  main.o(.data)
    Pulse_RightMotor                         0x20000008   Data           4  main.o(.data)
    Speed_LeftMotor                          0x2000000c   Data           4  main.o(.data)
    Speed_RightMotor                         0x20000010   Data           4  main.o(.data)
    Ke                                       0x20000014   Data           4  main.o(.data)
    Kde                                      0x20000018   Data           4  main.o(.data)
    Kout                                     0x2000001c   Data           4  main.o(.data)
    CurrentX                                 0x20000020   Data           4  main.o(.data)
    CurrentY                                 0x20000024   Data           4  main.o(.data)
    CurrentPhi                               0x20000028   Data           4  main.o(.data)
    PrevPhi                                  0x2000002c   Data           4  main.o(.data)
    PrevError                                0x20000030   Data           4  main.o(.data)
    CurrErr                                  0x20000034   Data           4  main.o(.data)
    dt                                       0x20000038   Data           4  main.o(.data)
    KhoangCach2Banh                          0x2000003c   Data           4  main.o(.data)
    EuclidThresh                             0x20000040   Data           4  main.o(.data)
    countDestList                            0x20000044   Data           4  main.o(.data)
    distance                                 0x20000048   Data           4  main.o(.data)
    SendX                                    0x2000004c   Data           4  main.o(.data)
    SendY                                    0x20000050   Data           4  main.o(.data)
    DestX                                    0x20000054   Data           4  main.o(.data)
    DestY                                    0x20000058   Data           4  main.o(.data)
    DestXList                                0x2000005c   Data          28  main.o(.data)
    DestYList                                0x20000078   Data          28  main.o(.data)
    NotReset_PulseLeft                       0x20000094   Data           4  main.o(.data)
    NotReset_PulseRight                      0x20000098   Data           4  main.o(.data)
    uwTickFreq                               0x2000009c   Data           1  stm32f1xx_hal.o(.data)
    uwTickPrio                               0x200000a0   Data           4  stm32f1xx_hal.o(.data)
    uwTick                                   0x200000a4   Data           4  stm32f1xx_hal.o(.data)
    SystemCoreClock                          0x200000a8   Data           4  system_stm32f1xx.o(.data)
    htim2                                    0x200000b0   Data          64  main.o(.bss)
    htim4                                    0x200000f0   Data          64  main.o(.bss)
    huart2                                   0x20000130   Data          64  main.o(.bss)
    Tx                                       0x20000170   Data          10  main.o(.bss)
    __initial_sp                             0x20000580   Data           0  startup_stm32f103xb.o(STACK)



==============================================================================

Memory Map of the image

  Image Entry point : 0x080000ed

  Load Region LR_IROM1 (Base: 0x08000000, Size: 0x00003f48, Max: 0x00010000, ABSOLUTE)

    Execution Region ER_IROM1 (Exec base: 0x08000000, Load base: 0x08000000, Size: 0x00003e98, Max: 0x00010000, ABSOLUTE)

    Exec Addr    Load Addr    Size         Type   Attr      Idx    E Section Name        Object

    0x08000000   0x08000000   0x000000ec   Data   RO            3    RESET               startup_stm32f103xb.o
    0x080000ec   0x080000ec   0x00000000   Code   RO         2621  * .ARM.Collect$$$$00000000  mc_w.l(entry.o)
    0x080000ec   0x080000ec   0x00000004   Code   RO         2702    .ARM.Collect$$$$00000001  mc_w.l(entry2.o)
    0x080000f0   0x080000f0   0x00000004   Code   RO         2705    .ARM.Collect$$$$00000004  mc_w.l(entry5.o)
    0x080000f4   0x080000f4   0x00000000   Code   RO         2707    .ARM.Collect$$$$00000008  mc_w.l(entry7b.o)
    0x080000f4   0x080000f4   0x00000000   Code   RO         2709    .ARM.Collect$$$$0000000A  mc_w.l(entry8b.o)
    0x080000f4   0x080000f4   0x00000008   Code   RO         2710    .ARM.Collect$$$$0000000B  mc_w.l(entry9a.o)
    0x080000fc   0x080000fc   0x00000000   Code   RO         2712    .ARM.Collect$$$$0000000D  mc_w.l(entry10a.o)
    0x080000fc   0x080000fc   0x00000000   Code   RO         2714    .ARM.Collect$$$$0000000F  mc_w.l(entry11a.o)
    0x080000fc   0x080000fc   0x00000004   Code   RO         2703    .ARM.Collect$$$$00002712  mc_w.l(entry2.o)
    0x08000100   0x08000100   0x00000024   Code   RO            4    .text               startup_stm32f103xb.o
    0x08000124   0x08000124   0x00000020   Code   RO         2624    .text               mc_w.l(llushr.o)
    0x08000144   0x08000144   0x00000024   Code   RO         2626    .text               mc_w.l(memseta.o)
    0x08000168   0x08000168   0x000000b0   Code   RO         2628    .text               mf_w.l(fadd.o)
    0x08000218   0x08000218   0x00000064   Code   RO         2630    .text               mf_w.l(fmul.o)
    0x0800027c   0x0800027c   0x0000007c   Code   RO         2632    .text               mf_w.l(fdiv.o)
    0x080002f8   0x080002f8   0x00000018   Code   RO         2634    .text               mf_w.l(fscalb.o)
    0x08000310   0x08000310   0x0000014e   Code   RO         2636    .text               mf_w.l(dadd.o)
    0x0800045e   0x0800045e   0x000000e4   Code   RO         2638    .text               mf_w.l(dmul.o)
    0x08000542   0x08000542   0x000000de   Code   RO         2640    .text               mf_w.l(ddiv.o)
    0x08000620   0x08000620   0x0000002e   Code   RO         2642    .text               mf_w.l(dscalb.o)
    0x0800064e   0x0800064e   0x00000012   Code   RO         2644    .text               mf_w.l(fflti.o)
    0x08000660   0x08000660   0x00000022   Code   RO         2646    .text               mf_w.l(dflti.o)
    0x08000682   0x08000682   0x00000032   Code   RO         2648    .text               mf_w.l(ffixi.o)
    0x080006b4   0x080006b4   0x0000003e   Code   RO         2650    .text               mf_w.l(dfixi.o)
    0x080006f2   0x080006f2   0x00000026   Code   RO         2652    .text               mf_w.l(f2d.o)
    0x08000718   0x08000718   0x00000030   Code   RO         2654    .text               mf_w.l(cdcmple.o)
    0x08000748   0x08000748   0x00000030   Code   RO         2656    .text               mf_w.l(cdrcmple.o)
    0x08000778   0x08000778   0x00000038   Code   RO         2658    .text               mf_w.l(d2f.o)
    0x080007b0   0x080007b0   0x00000014   Code   RO         2660    .text               mf_w.l(cfcmple.o)
    0x080007c4   0x080007c4   0x00000014   Code   RO         2662    .text               mf_w.l(cfrcmple.o)
    0x080007d8   0x080007d8   0x0000001e   Code   RO         2716    .text               mc_w.l(llshl.o)
    0x080007f6   0x080007f6   0x00000024   Code   RO         2718    .text               mc_w.l(llsshr.o)
    0x0800081a   0x0800081a   0x00000000   Code   RO         2727    .text               mc_w.l(iusefp.o)
    0x0800081a   0x0800081a   0x0000006e   Code   RO         2728    .text               mf_w.l(fepilogue.o)
    0x08000888   0x08000888   0x000000ba   Code   RO         2730    .text               mf_w.l(depilogue.o)
    0x08000942   0x08000942   0x000000a2   Code   RO         2732    .text               mf_w.l(dsqrt.o)
    0x080009e4   0x080009e4   0x00000024   Code   RO         2734    .text               mc_w.l(init.o)
    0x08000a08   0x08000a08   0x0000001a   Code   RO         2736    .text               mf_w.l(dfltui.o)
    0x08000a22   0x08000a22   0x00000002   Code   RO          279    i.BusFault_Handler  stm32f1xx_it.o
    0x08000a24   0x08000a24   0x00000090   Code   RO           13    i.CalculateNewPosition  main.o
    0x08000ab4   0x08000ab4   0x00000002   Code   RO          280    i.DebugMon_Handler  stm32f1xx_it.o
    0x08000ab6   0x08000ab6   0x00000002   PAD
    0x08000ab8   0x08000ab8   0x000002e0   Code   RO           14    i.Defuzzication_L   main.o
    0x08000d98   0x08000d98   0x000002d4   Code   RO           15    i.Defuzzication_R   main.o
    0x0800106c   0x0800106c   0x00000020   Code   RO          281    i.EXTI3_IRQHandler  stm32f1xx_it.o
    0x0800108c   0x0800108c   0x00000020   Code   RO          282    i.EXTI4_IRQHandler  stm32f1xx_it.o
    0x080010ac   0x080010ac   0x00000030   Code   RO           16    i.Encoder2Distance  main.o
    0x080010dc   0x080010dc   0x0000003c   Code   RO           18    i.EuclidDistance    main.o
    0x08001118   0x08001118   0x00000158   Code   RO           19    i.Fuzzy_ControlMotor  main.o
    0x08001270   0x08001270   0x00000178   Code   RO           20    i.Fuzzy_TurnAround  main.o
    0x080013e8   0x080013e8   0x0000001c   Code   RO           21    i.GetDerivativeError  main.o
    0x08001404   0x08001404   0x0000000e   Code   RO           22    i.GetError          main.o
    0x08001412   0x08001412   0x00000286   Code   RO           23    i.GetNewGocLai      main.o
    0x08001698   0x08001698   0x00000002   Code   RO         1954    i.HAL_GPIO_EXTI_Callback  stm32f1xx_hal_gpio.o
    0x0800169a   0x0800169a   0x00000002   PAD
    0x0800169c   0x0800169c   0x00000018   Code   RO         1955    i.HAL_GPIO_EXTI_IRQHandler  stm32f1xx_hal_gpio.o
    0x080016b4   0x080016b4   0x000001bc   Code   RO         1956    i.HAL_GPIO_Init     stm32f1xx_hal_gpio.o
    0x08001870   0x08001870   0x0000000a   Code   RO         1960    i.HAL_GPIO_WritePin  stm32f1xx_hal_gpio.o
    0x0800187a   0x0800187a   0x00000002   PAD
    0x0800187c   0x0800187c   0x0000000c   Code   RO         1664    i.HAL_GetTick       stm32f1xx_hal.o
    0x08001888   0x08001888   0x00000010   Code   RO         1668    i.HAL_IncTick       stm32f1xx_hal.o
    0x08001898   0x08001898   0x00000024   Code   RO         1669    i.HAL_Init          stm32f1xx_hal.o
    0x080018bc   0x080018bc   0x00000040   Code   RO         1670    i.HAL_InitTick      stm32f1xx_hal.o
    0x080018fc   0x080018fc   0x0000003c   Code   RO          373    i.HAL_MspInit       stm32f1xx_hal_msp.o
    0x08001938   0x08001938   0x00000016   Code   RO         2116    i.HAL_NVIC_EnableIRQ  stm32f1xx_hal_cortex.o
    0x0800194e   0x0800194e   0x00000002   PAD
    0x08001950   0x08001950   0x00000040   Code   RO         2122    i.HAL_NVIC_SetPriority  stm32f1xx_hal_cortex.o
    0x08001990   0x08001990   0x00000024   Code   RO         2123    i.HAL_NVIC_SetPriorityGrouping  stm32f1xx_hal_cortex.o
    0x080019b4   0x080019b4   0x0000016c   Code   RO         1816    i.HAL_RCC_ClockConfig  stm32f1xx_hal_rcc.o
    0x08001b20   0x08001b20   0x00000020   Code   RO         1823    i.HAL_RCC_GetPCLK1Freq  stm32f1xx_hal_rcc.o
    0x08001b40   0x08001b40   0x00000020   Code   RO         1824    i.HAL_RCC_GetPCLK2Freq  stm32f1xx_hal_rcc.o
    0x08001b60   0x08001b60   0x0000006c   Code   RO         1825    i.HAL_RCC_GetSysClockFreq  stm32f1xx_hal_rcc.o
    0x08001bcc   0x08001bcc   0x00000304   Code   RO         1828    i.HAL_RCC_OscConfig  stm32f1xx_hal_rcc.o
    0x08001ed0   0x08001ed0   0x00000028   Code   RO         2127    i.HAL_SYSTICK_Config  stm32f1xx_hal_cortex.o
    0x08001ef8   0x08001ef8   0x00000002   Code   RO         1094    i.HAL_TIMEx_BreakCallback  stm32f1xx_hal_tim_ex.o
    0x08001efa   0x08001efa   0x00000002   Code   RO         1095    i.HAL_TIMEx_CommutationCallback  stm32f1xx_hal_tim_ex.o
    0x08001efc   0x08001efc   0x00000050   Code   RO         1111    i.HAL_TIMEx_MasterConfigSynchronization  stm32f1xx_hal_tim_ex.o
    0x08001f4c   0x08001f4c   0x00000036   Code   RO          465    i.HAL_TIM_Base_Init  stm32f1xx_hal_tim.o
    0x08001f82   0x08001f82   0x00000002   PAD
    0x08001f84   0x08001f84   0x00000050   Code   RO          375    i.HAL_TIM_Base_MspInit  stm32f1xx_hal_msp.o
    0x08001fd4   0x08001fd4   0x00000018   Code   RO          470    i.HAL_TIM_Base_Start_IT  stm32f1xx_hal_tim.o
    0x08001fec   0x08001fec   0x000000f2   Code   RO          474    i.HAL_TIM_ConfigClockSource  stm32f1xx_hal_tim.o
    0x080020de   0x080020de   0x00000002   Code   RO          494    i.HAL_TIM_IC_CaptureCallback  stm32f1xx_hal_tim.o
    0x080020e0   0x080020e0   0x00000166   Code   RO          507    i.HAL_TIM_IRQHandler  stm32f1xx_hal_tim.o
    0x08002246   0x08002246   0x00000002   PAD
    0x08002248   0x08002248   0x00000050   Code   RO          376    i.HAL_TIM_MspPostInit  stm32f1xx_hal_msp.o
    0x08002298   0x08002298   0x00000002   Code   RO          510    i.HAL_TIM_OC_DelayElapsedCallback  stm32f1xx_hal_tim.o
    0x0800229a   0x0800229a   0x000000d0   Code   RO          531    i.HAL_TIM_PWM_ConfigChannel  stm32f1xx_hal_tim.o
    0x0800236a   0x0800236a   0x00000036   Code   RO          534    i.HAL_TIM_PWM_Init  stm32f1xx_hal_tim.o
    0x080023a0   0x080023a0   0x00000002   Code   RO          536    i.HAL_TIM_PWM_MspInit  stm32f1xx_hal_tim.o
    0x080023a2   0x080023a2   0x00000002   Code   RO          537    i.HAL_TIM_PWM_PulseFinishedCallback  stm32f1xx_hal_tim.o
    0x080023a4   0x080023a4   0x00000030   Code   RO          538    i.HAL_TIM_PWM_Start  stm32f1xx_hal_tim.o
    0x080023d4   0x080023d4   0x0000009c   Code   RO           24    i.HAL_TIM_PeriodElapsedCallback  main.o
    0x08002470   0x08002470   0x00000002   Code   RO          548    i.HAL_TIM_TriggerCallback  stm32f1xx_hal_tim.o
    0x08002472   0x08002472   0x00000062   Code   RO         1352    i.HAL_UART_Init     stm32f1xx_hal_uart.o
    0x080024d4   0x080024d4   0x00000070   Code   RO          378    i.HAL_UART_MspInit  stm32f1xx_hal_msp.o
    0x08002544   0x08002544   0x000000ba   Code   RO         1360    i.HAL_UART_Transmit  stm32f1xx_hal_uart.o
    0x080025fe   0x080025fe   0x00000002   Code   RO          283    i.HardFault_Handler  stm32f1xx_it.o
    0x08002600   0x08002600   0x000000f8   Code   RO           25    i.MX_GPIO_Init      main.o
    0x080026f8   0x080026f8   0x00000054   Code   RO           26    i.MX_TIM2_Init      main.o
    0x0800274c   0x0800274c   0x00000084   Code   RO           27    i.MX_TIM4_Init      main.o
    0x080027d0   0x080027d0   0x00000002   Code   RO          284    i.MemManage_Handler  stm32f1xx_it.o
    0x080027d2   0x080027d2   0x00000002   Code   RO          285    i.NMI_Handler       stm32f1xx_it.o
    0x080027d4   0x080027d4   0x00000020   Code   RO         2129    i.NVIC_SetPriority  stm32f1xx_hal_cortex.o
    0x080027f4   0x080027f4   0x00000002   Code   RO          286    i.PendSV_Handler    stm32f1xx_it.o
    0x080027f6   0x080027f6   0x00000002   Code   RO          287    i.SVC_Handler       stm32f1xx_it.o
    0x080027f8   0x080027f8   0x00000054   Code   RO           29    i.SendPos           main.o
    0x0800284c   0x0800284c   0x0000002c   Code   RO           30    i.SetPWM_withDutyCycle  main.o
    0x08002878   0x08002878   0x00000034   Code   RO           31    i.SetPWM_withDutyCycle_withStop  main.o
    0x080028ac   0x080028ac   0x00000020   Code   RO           32    i.SpinLeft          main.o
    0x080028cc   0x080028cc   0x00000020   Code   RO           33    i.SpinRight         main.o
    0x080028ec   0x080028ec   0x00000004   Code   RO          288    i.SysTick_Handler   stm32f1xx_it.o
    0x080028f0   0x080028f0   0x0000004c   Code   RO           34    i.SystemClock_Config  main.o
    0x0800293c   0x0800293c   0x00000048   Code   RO         2545    i.SystemInit        system_stm32f1xx.o
    0x08002984   0x08002984   0x0000000c   Code   RO          289    i.TIM2_IRQHandler   stm32f1xx_it.o
    0x08002990   0x08002990   0x0000006c   Code   RO          549    i.TIM_Base_SetConfig  stm32f1xx_hal_tim.o
    0x080029fc   0x080029fc   0x00000016   Code   RO          550    i.TIM_CCxChannelCmd  stm32f1xx_hal_tim.o
    0x08002a12   0x08002a12   0x00000014   Code   RO          556    i.TIM_ETR_SetConfig  stm32f1xx_hal_tim.o
    0x08002a26   0x08002a26   0x00000010   Code   RO          557    i.TIM_ITRx_SetConfig  stm32f1xx_hal_tim.o
    0x08002a36   0x08002a36   0x00000002   PAD
    0x08002a38   0x08002a38   0x00000050   Code   RO          558    i.TIM_OC1_SetConfig  stm32f1xx_hal_tim.o
    0x08002a88   0x08002a88   0x00000058   Code   RO          559    i.TIM_OC2_SetConfig  stm32f1xx_hal_tim.o
    0x08002ae0   0x08002ae0   0x00000058   Code   RO          560    i.TIM_OC3_SetConfig  stm32f1xx_hal_tim.o
    0x08002b38   0x08002b38   0x00000044   Code   RO          561    i.TIM_OC4_SetConfig  stm32f1xx_hal_tim.o
    0x08002b7c   0x08002b7c   0x00000022   Code   RO          563    i.TIM_TI1_ConfigInputStage  stm32f1xx_hal_tim.o
    0x08002b9e   0x08002b9e   0x00000024   Code   RO          565    i.TIM_TI2_ConfigInputStage  stm32f1xx_hal_tim.o
    0x08002bc2   0x08002bc2   0x00000002   PAD
    0x08002bc4   0x08002bc4   0x00000170   Code   RO         1378    i.UART_SetConfig    stm32f1xx_hal_uart.o
    0x08002d34   0x08002d34   0x00000064   Code   RO         1380    i.UART_WaitOnFlagUntilTimeout  stm32f1xx_hal_uart.o
    0x08002d98   0x08002d98   0x0000000c   Code   RO           35    i.UpdateParams      main.o
    0x08002da4   0x08002da4   0x00000002   Code   RO          290    i.UsageFault_Handler  stm32f1xx_it.o
    0x08002da6   0x08002da6   0x00000028   Code   RO         2681    i.__ARM_fpclassify  m_ws.l(fpclassify.o)
    0x08002dce   0x08002dce   0x00000002   PAD
    0x08002dd0   0x08002dd0   0x00000388   Code   RO         2685    i.__ieee754_rem_pio2  m_ws.l(rred.o)
    0x08003158   0x08003158   0x000000fc   Code   RO         2664    i.__kernel_cos      m_ws.l(cos_i.o)
    0x08003254   0x08003254   0x000000aa   Code   RO         2683    i.__kernel_poly     m_ws.l(poly.o)
    0x080032fe   0x080032fe   0x00000002   PAD
    0x08003300   0x08003300   0x000000ec   Code   RO         2690    i.__kernel_sin      m_ws.l(sin_i.o)
    0x080033ec   0x080033ec   0x0000027c   Code   RO         2696    i.__kernel_tan      m_ws.l(tan_i.o)
    0x08003668   0x08003668   0x00000006   Code   RO         2668    i.__mathlib_dbl_infnan  m_ws.l(dunder.o)
    0x0800366e   0x0800366e   0x0000000c   Code   RO         2670    i.__mathlib_dbl_invalid  m_ws.l(dunder.o)
    0x0800367a   0x0800367a   0x00000002   PAD
    0x0800367c   0x0800367c   0x00000010   Code   RO         2673    i.__mathlib_dbl_underflow  m_ws.l(dunder.o)
    0x0800368c   0x0800368c   0x0000000e   Code   RO         2740    i.__scatterload_copy  mc_w.l(handlers.o)
    0x0800369a   0x0800369a   0x00000002   Code   RO         2741    i.__scatterload_null  mc_w.l(handlers.o)
    0x0800369c   0x0800369c   0x0000000e   Code   RO         2742    i.__scatterload_zeroinit  mc_w.l(handlers.o)
    0x080036aa   0x080036aa   0x00000002   PAD
    0x080036ac   0x080036ac   0x0000000c   Code   RO         2722    i.__set_errno       mc_w.l(errno.o)
    0x080036b8   0x080036b8   0x00000220   Code   RO         2580    i.atan              m_ws.l(atan.o)
    0x080038d8   0x080038d8   0x0000009c   Code   RO         2590    i.cos               m_ws.l(cos.o)
    0x08003974   0x08003974   0x000000c0   Code   RO           36    i.main              main.o
    0x08003a34   0x08003a34   0x00000020   Code   RO           37    i.max               main.o
    0x08003a54   0x08003a54   0x000000a0   Code   RO           39    i.mftrap            main.o
    0x08003af4   0x08003af4   0x000000a0   Code   RO         2598    i.sin               m_ws.l(sin.o)
    0x08003b94   0x08003b94   0x0000004c   Code   RO         2606    i.sqrt              m_ws.l(sqrt.o)
    0x08003be0   0x08003be0   0x00000064   Code   RO         2614    i.tan               m_ws.l(tan.o)
    0x08003c44   0x08003c44   0x00000010   Data   RO         2546    .constdata          system_stm32f1xx.o
    0x08003c54   0x08003c54   0x00000008   Data   RO         2547    .constdata          system_stm32f1xx.o
    0x08003c5c   0x08003c5c   0x00000004   PAD
    0x08003c60   0x08003c60   0x00000098   Data   RO         2581    .constdata          m_ws.l(atan.o)
    0x08003cf8   0x08003cf8   0x00000030   Data   RO         2665    .constdata          m_ws.l(cos_i.o)
    0x08003d28   0x08003d28   0x000000c8   Data   RO         2687    .constdata          m_ws.l(rred.o)
    0x08003df0   0x08003df0   0x00000028   Data   RO         2691    .constdata          m_ws.l(sin_i.o)
    0x08003e18   0x08003e18   0x00000060   Data   RO         2697    .constdata          m_ws.l(tan_i.o)
    0x08003e78   0x08003e78   0x00000020   Data   RO         2738    Region$$Table       anon$$obj.o


    Execution Region RW_IRAM1 (Exec base: 0x20000000, Load base: 0x08003e98, Size: 0x00000580, Max: 0x00005000, ABSOLUTE)

    Exec Addr    Load Addr    Size         Type   Attr      Idx    E Section Name        Object

    0x20000000   0x08003e98   0x00000094   Data   RW           41    .data               main.o
    0x20000094   0x08003f2c   0x00000004   Data   RW           42    .data               main.o
    0x20000098   0x08003f30   0x00000004   Data   RW           43    .data               main.o
    0x2000009c   0x08003f34   0x0000000c   Data   RW         1676    .data               stm32f1xx_hal.o
    0x200000a8   0x08003f40   0x00000004   Data   RW         2548    .data               system_stm32f1xx.o
    0x200000ac   0x08003f44   0x00000004   Data   RW         2723    .data               mc_w.l(errno.o)
    0x200000b0        -       0x000000ca   Zero   RW           40    .bss                main.o
    0x2000017a   0x08003f48   0x00000006   PAD
    0x20000180        -       0x00000400   Zero   RW            1    STACK               startup_stm32f103xb.o


==============================================================================

Image component sizes


      Code (inc. data)   RO Data    RW Data    ZI Data      Debug   Object Name

      4456        252          0        156        202     447906   main.o
        36          8        236          0       1024        796   startup_stm32f103xb.o
       128         24          0         12          0       5245   stm32f1xx_hal.o
       194         14          0          0          0      25715   stm32f1xx_hal_cortex.o
       480         42          0          0          0       3956   stm32f1xx_hal_gpio.o
       332         44          0          0          0       2762   stm32f1xx_hal_msp.o
      1308         98          0          0          0       5180   stm32f1xx_hal_rcc.o
      1558         40          0          0          0      15268   stm32f1xx_hal_tim.o
        84          0          0          0          0       2302   stm32f1xx_hal_tim_ex.o
       752          4          0          0          0       3884   stm32f1xx_hal_uart.o
        96         26          0          0          0       4998   stm32f1xx_it.o
        72         16         24          4          0       1139   system_stm32f1xx.o

    ----------------------------------------------------------------------
      9512        568        296        172       1232     519151   Object Totals
         0          0         32          0          0          0   (incl. Generated)
        16          0          4          0          6          0   (incl. Padding)

    ----------------------------------------------------------------------

      Code (inc. data)   RO Data    RW Data    ZI Data      Debug   Library Member Name

       544         70        152          0          0        124   atan.o
       156          8          0          0          0        104   cos.o
       252         22         48          0          0        124   cos_i.o
        34          6          0          0          0        204   dunder.o
        40          0          0          0          0         68   fpclassify.o
       170          0          0          0          0         96   poly.o
       904         76        200          0          0        140   rred.o
       160         10          0          0          0        108   sin.o
       236         12         40          0          0        128   sin_i.o
        76          0          0          0          0         84   sqrt.o
       100         10          0          0          0         96   tan.o
       636         50         96          0          0        168   tan_i.o
         0          0          0          0          0          0   entry.o
         0          0          0          0          0          0   entry10a.o
         0          0          0          0          0          0   entry11a.o
         8          4          0          0          0          0   entry2.o
         4          0          0          0          0          0   entry5.o
         0          0          0          0          0          0   entry7b.o
         0          0          0          0          0          0   entry8b.o
         8          4          0          0          0          0   entry9a.o
        12          6          0          4          0         68   errno.o
        30          0          0          0          0          0   handlers.o
        36          8          0          0          0         68   init.o
         0          0          0          0          0          0   iusefp.o
        30          0          0          0          0         68   llshl.o
        36          0          0          0          0         68   llsshr.o
        32          0          0          0          0         68   llushr.o
        36          0          0          0          0        108   memseta.o
        48          0          0          0          0         68   cdcmple.o
        48          0          0          0          0         68   cdrcmple.o
        20          0          0          0          0         68   cfcmple.o
        20          0          0          0          0         68   cfrcmple.o
        56          0          0          0          0         88   d2f.o
       334          0          0          0          0        148   dadd.o
       222          0          0          0          0        100   ddiv.o
       186          0          0          0          0        176   depilogue.o
        62          0          0          0          0         80   dfixi.o
        34          0          0          0          0         76   dflti.o
        26          0          0          0          0         76   dfltui.o
       228          0          0          0          0         96   dmul.o
        46          0          0          0          0         80   dscalb.o
       162          0          0          0          0        100   dsqrt.o
        38          0          0          0          0         68   f2d.o
       176          0          0          0          0        140   fadd.o
       124          0          0          0          0         88   fdiv.o
       110          0          0          0          0        168   fepilogue.o
        50          0          0          0          0         68   ffixi.o
        18          0          0          0          0         68   fflti.o
       100          0          0          0          0         76   fmul.o
        24          0          0          0          0         68   fscalb.o

    ----------------------------------------------------------------------
      5680        286        536          4          0       3928   Library Totals
         8          0          0          0          0          0   (incl. Padding)

    ----------------------------------------------------------------------

      Code (inc. data)   RO Data    RW Data    ZI Data      Debug   Library Name

      3308        264        536          0          0       1444   m_ws.l
       232         22          0          4          0        448   mc_w.l
      2132          0          0          0          0       2036   mf_w.l

    ----------------------------------------------------------------------
      5680        286        536          4          0       3928   Library Totals

    ----------------------------------------------------------------------

==============================================================================


      Code (inc. data)   RO Data    RW Data    ZI Data      Debug   

     15192        854        832        176       1232     516731   Grand Totals
     15192        854        832        176       1232     516731   ELF Image Totals
     15192        854        832        176          0          0   ROM Totals

==============================================================================

    Total RO  Size (Code + RO Data)                16024 (  15.65kB)
    Total RW  Size (RW Data + ZI Data)              1408 (   1.38kB)
    Total ROM Size (Code + RO Data + RW Data)      16200 (  15.82kB)

==============================================================================

