Component: ARM Compiler 5.06 update 6 (build 750) Tool: armlink [4d35ed]

==============================================================================

Section Cross References

    startup_stm32f103xb.o(RESET) refers to startup_stm32f103xb.o(STACK) for __initial_sp
    startup_stm32f103xb.o(RESET) refers to startup_stm32f103xb.o(.text) for Reset_Handler
    startup_stm32f103xb.o(RESET) refers to stm32f1xx_it.o(i.NMI_Handler) for NMI_Handler
    startup_stm32f103xb.o(RESET) refers to stm32f1xx_it.o(i.HardFault_Handler) for HardFault_Handler
    startup_stm32f103xb.o(RESET) refers to stm32f1xx_it.o(i.MemManage_Handler) for MemManage_Handler
    startup_stm32f103xb.o(RESET) refers to stm32f1xx_it.o(i.BusFault_Handler) for BusFault_Handler
    startup_stm32f103xb.o(RESET) refers to stm32f1xx_it.o(i.UsageFault_Handler) for UsageFault_Handler
    startup_stm32f103xb.o(RESET) refers to stm32f1xx_it.o(i.SVC_Handler) for SVC_Handler
    startup_stm32f103xb.o(RESET) refers to stm32f1xx_it.o(i.DebugMon_Handler) for DebugMon_Handler
    startup_stm32f103xb.o(RESET) refers to stm32f1xx_it.o(i.PendSV_Handler) for PendSV_Handler
    startup_stm32f103xb.o(RESET) refers to stm32f1xx_it.o(i.SysTick_Handler) for SysTick_Handler
    startup_stm32f103xb.o(RESET) refers to stm32f1xx_it.o(i.EXTI3_IRQHandler) for EXTI3_IRQHandler
    startup_stm32f103xb.o(RESET) refers to stm32f1xx_it.o(i.EXTI4_IRQHandler) for EXTI4_IRQHandler
    startup_stm32f103xb.o(RESET) refers to stm32f1xx_it.o(i.DMA1_Channel2_IRQHandler) for DMA1_Channel2_IRQHandler
    startup_stm32f103xb.o(RESET) refers to stm32f1xx_it.o(i.TIM2_IRQHandler) for TIM2_IRQHandler
    startup_stm32f103xb.o(RESET) refers to stm32f1xx_it.o(i.TIM3_IRQHandler) for TIM3_IRQHandler
    startup_stm32f103xb.o(RESET) refers to stm32f1xx_it.o(i.SPI1_IRQHandler) for SPI1_IRQHandler
    startup_stm32f103xb.o(.text) refers to system_stm32f1xx.o(i.SystemInit) for SystemInit
    startup_stm32f103xb.o(.text) refers to entry.o(.ARM.Collect$$$$00000000) for __main
    main.o(i.CalculateNewPosition) refers to f2d.o(.text) for __aeabi_f2d
    main.o(i.CalculateNewPosition) refers to cos.o(i.cos) for cos
    main.o(i.CalculateNewPosition) refers to fadd.o(.text) for __aeabi_fadd
    main.o(i.CalculateNewPosition) refers to dmul.o(.text) for __aeabi_dmul
    main.o(i.CalculateNewPosition) refers to dscalb.o(.text) for __ARM_scalbn
    main.o(i.CalculateNewPosition) refers to d2f.o(.text) for __aeabi_d2f
    main.o(i.CalculateNewPosition) refers to sin.o(i.sin) for sin
    main.o(i.CalculateNewPosition) refers to fdiv.o(.text) for __aeabi_fdiv
    main.o(i.CalculateNewPosition) refers to main.o(.data) for .data
    main.o(i.Defuzzication_L) refers to cdrcmple.o(.text) for __aeabi_cdrcmple
    main.o(i.Defuzzication_L) refers to cdcmple.o(.text) for __aeabi_cdcmple
    main.o(i.Defuzzication_L) refers to main.o(i.mftrap) for mftrap
    main.o(i.Defuzzication_L) refers to dmul.o(.text) for __aeabi_dmul
    main.o(i.Defuzzication_L) refers to main.o(i.max) for max
    main.o(i.Defuzzication_L) refers to dadd.o(.text) for __aeabi_dadd
    main.o(i.Defuzzication_L) refers to ddiv.o(.text) for __aeabi_ddiv
    main.o(i.Defuzzication_R) refers to cdrcmple.o(.text) for __aeabi_cdrcmple
    main.o(i.Defuzzication_R) refers to cdcmple.o(.text) for __aeabi_cdcmple
    main.o(i.Defuzzication_R) refers to main.o(i.mftrap) for mftrap
    main.o(i.Defuzzication_R) refers to dmul.o(.text) for __aeabi_dmul
    main.o(i.Defuzzication_R) refers to main.o(i.max) for max
    main.o(i.Defuzzication_R) refers to dadd.o(.text) for __aeabi_dadd
    main.o(i.Defuzzication_R) refers to ddiv.o(.text) for __aeabi_ddiv
    main.o(i.Encoder2Distance) refers to fflti.o(.text) for __aeabi_i2f
    main.o(i.Encoder2Distance) refers to fscalb.o(.text) for __ARM_scalbnf
    main.o(i.Encoder2Distance) refers to fmul.o(.text) for __aeabi_fmul
    main.o(i.Encoder2Distance) refers to fdiv.o(.text) for __aeabi_fdiv
    main.o(i.EuclidDistance) refers to fadd.o(.text) for __aeabi_fsub
    main.o(i.EuclidDistance) refers to fmul.o(.text) for __aeabi_fmul
    main.o(i.EuclidDistance) refers to f2d.o(.text) for __aeabi_f2d
    main.o(i.EuclidDistance) refers to sqrt.o(i.sqrt) for sqrt
    main.o(i.EuclidDistance) refers to d2f.o(.text) for __aeabi_d2f
    main.o(i.Fuzzy_ControlMotor) refers to fmul.o(.text) for __aeabi_fmul
    main.o(i.Fuzzy_ControlMotor) refers to f2d.o(.text) for __aeabi_f2d
    main.o(i.Fuzzy_ControlMotor) refers to main.o(i.Defuzzication_R) for Defuzzication_R
    main.o(i.Fuzzy_ControlMotor) refers to main.o(i.Defuzzication_L) for Defuzzication_L
    main.o(i.Fuzzy_ControlMotor) refers to dmul.o(.text) for __aeabi_dmul
    main.o(i.Fuzzy_ControlMotor) refers to dadd.o(.text) for __aeabi_dadd
    main.o(i.Fuzzy_ControlMotor) refers to d2f.o(.text) for __aeabi_d2f
    main.o(i.Fuzzy_ControlMotor) refers to main.o(i.EuclidDistance) for EuclidDistance
[...]
    Removing stm32f1xx_hal_flash_ex.o(i.HAL_FLASHEx_Erase), (168 bytes).
    Removing stm32f1xx_hal_flash_ex.o(i.HAL_FLASHEx_Erase_IT), (84 bytes).
    Removing stm32f1xx_hal_flash_ex.o(i.HAL_FLASHEx_OBErase), (84 bytes).
    Removing stm32f1xx_hal_flash_ex.o(i.HAL_FLASHEx_OBGetConfig), (36 bytes).
    Removing stm32f1xx_hal_flash_ex.o(i.HAL_FLASHEx_OBGetUserData), (32 bytes).
    Removing stm32f1xx_hal_flash_ex.o(i.HAL_FLASHEx_OBProgram), (200 bytes).
    Removing system_stm32f1xx.o(.rev16_text), (4 bytes).
    Removing system_stm32f1xx.o(.revsh_text), (4 bytes).
    Removing system_stm32f1xx.o(.rrx_text), (6 bytes).
    Removing system_stm32f1xx.o(i.SystemCoreClockUpdate), (104 bytes).

365 unused section(s) (total 22294 bytes) removed from the image.

==============================================================================

Image Symbol Table

    Local Symbols

    Symbol Name                              Value     Ov Type        Size  Object(Section)

    ../Drivers/STM32F1xx_HAL_Driver/Src/stm32f1xx_hal.c 0x00000000   Number         0  stm32f1xx_hal.o ABSOLUTE
    ../Drivers/STM32F1xx_HAL_Driver/Src/stm32f1xx_hal_cortex.c 0x00000000   Number         0  stm32f1xx_hal_cortex.o ABSOLUTE
    ../Drivers/STM32F1xx_HAL_Driver/Src/stm32f1xx_hal_dma.c 0x00000000   Number         0  stm32f1xx_hal_dma.o ABSOLUTE
    ../Drivers/STM32F1xx_HAL_Driver/Src/stm32f1xx_hal_flash.c 0x00000000   Number         0  stm32f1xx_hal_flash.o ABSOLUTE
    ../Drivers/STM32F1xx_HAL_Driver/Src/stm32f1xx_hal_flash_ex.c 0x00000000   Number         0  stm32f1xx_hal_flash_ex.o ABSOLUTE
    ../Drivers/STM32F1xx_HAL_Driver/Src/stm32f1xx_hal_gpio.c 0x00000000   Number         0  stm32f1xx_hal_gpio.o ABSOLUTE
    ../Drivers/STM32F1xx_HAL_Driver/Src/stm32f1xx_hal_gpio_ex.c 0x00000000   Number         0  stm32f1xx_hal_gpio_ex.o ABSOLUTE
    ../Drivers/STM32F1xx_HAL_Driver/Src/stm32f1xx_hal_pwr.c 0x00000000   Number         0  stm32f1xx_hal_pwr.o ABSOLUTE
    ../Drivers/STM32F1xx_HAL_Driver/Src/stm32f1xx_hal_rcc.c 0x00000000   Number         0  stm32f1xx_hal_rcc.o ABSOLUTE
    ../Drivers/STM32F1xx_HAL_Driver/Src/stm32f1xx_hal_rcc_ex.c 0x00000000   Number         0  stm32f1xx_hal_rcc_ex.o ABSOLUTE
    ../Drivers/STM32F1xx_HAL_Driver/Src/stm32f1xx_hal_spi.c 0x00000000   Number         0  stm32f1xx_hal_spi.o ABSOLUTE
    ../Drivers/STM32F1xx_HAL_Driver/Src/stm32f1xx_hal_spi_ex.c 0x00000000   Number         0  stm32f1xx_hal_spi_ex.o ABSOLUTE
    ../Drivers/STM32F1xx_HAL_Driver/Src/stm32f1xx_hal_tim.c 0x00000000   Number         0  stm32f1xx_hal_tim.o ABSOLUTE
    ../Drivers/STM32F1xx_HAL_Driver/Src/stm32f1xx_hal_tim_ex.c 0x00000000   Number         0  stm32f1xx_hal_tim_ex.o ABSOLUTE
    ../Drivers/STM32F1xx_HAL_Driver/Src/stm32f1xx_hal_uart.c 0x00000000   Number         0  stm32f1xx_hal_uart.o ABSOLUTE
    ../Src/main.c                            0x00000000   Number         0  main.o ABSOLUTE
    ../Src/stm32f1xx_hal_msp.c               0x00000000   Number         0  stm32f1xx_hal_msp.o ABSOLUTE
    ../Src/stm32f1xx_it.c                    0x00000000   Number         0  stm32f1xx_it.o ABSOLUTE
    ../Src/system_stm32f1xx.c                0x00000000   Number         0  system_stm32f1xx.o ABSOLUTE
    ../clib/microlib/errno.c                 0x00000000   Number         0  errno.o ABSOLUTE
    ../clib/microlib/init/entry.s            0x00000000   Number         0  entry9b.o ABSOLUTE
    ../clib/microlib/init/entry.s            0x00000000   Number         0  entry9a.o ABSOLUTE
    ../clib/microlib/init/entry.s            0x00000000   Number         0  entry8b.o ABSOLUTE
    ../clib/microlib/init/entry.s            0x00000000   Number         0  entry7b.o ABSOLUTE
    ../clib/microlib/init/entry.s            0x00000000   Number         0  entry7a.o ABSOLUTE
    ../clib/microlib/init/entry.s            0x00000000   Number         0  entry.o ABSOLUTE
    ../clib/microlib/init/entry.s            0x00000000   Number         0  entry5.o ABSOLUTE
    ../clib/microlib/init/entry.s            0x00000000   Number         0  entry2.o ABSOLUTE
    ../clib/microlib/init/entry.s            0x00000000   Number         0  entry11b.o ABSOLUTE
    ../clib/microlib/init/entry.s            0x00000000   Number         0  entry11a.o ABSOLUTE
    ../clib/microlib/init/entry.s            0x00000000   Number         0  entry10b.o ABSOLUTE
    ../clib/microlib/init/entry.s            0x00000000   Number         0  entry10a.o ABSOLUTE
    ../clib/microlib/init/entry.s            0x00000000   Number         0  entry8a.o ABSOLUTE
    ../clib/microlib/longlong.c              0x00000000   Number         0  llshl.o ABSOLUTE
    ../clib/microlib/longlong.c              0x00000000   Number         0  llsshr.o ABSOLUTE
    ../clib/microlib/longlong.c              0x00000000   Number         0  llushr.o ABSOLUTE
    ../clib/microlib/string/memset.c         0x00000000   Number         0  memseta.o ABSOLUTE
    ../clib/microlib/stubs.s                 0x00000000   Number         0  iusefp.o ABSOLUTE
    ../fplib/microlib/d2f.c                  0x00000000   Number         0  d2f.o ABSOLUTE
    ../fplib/microlib/f2d.c                  0x00000000   Number         0  f2d.o ABSOLUTE
    ../fplib/microlib/fpadd.c                0x00000000   Number         0  fadd.o ABSOLUTE
    ../fplib/microlib/fpadd.c                0x00000000   Number         0  dadd.o ABSOLUTE
    ../fplib/microlib/fpdiv.c                0x00000000   Number         0  fdiv.o ABSOLUTE
    ../fplib/microlib/fpdiv.c                0x00000000   Number         0  ddiv.o ABSOLUTE
    ../fplib/microlib/fpepilogue.c           0x00000000   Number         0  depilogue.o ABSOLUTE
    ../fplib/microlib/fpepilogue.c           0x00000000   Number         0  fepilogue.o ABSOLUTE
    ../fplib/microlib/fpfix.c                0x00000000   Number         0  dfixi.o ABSOLUTE
    ../fplib/microlib/fpfix.c                0x00000000   Number         0  ffixi.o ABSOLUTE
    ../fplib/microlib/fpflt.c                0x00000000   Number         0  dflti.o ABSOLUTE
    ../fplib/microlib/fpflt.c                0x00000000   Number         0  dfltui.o ABSOLUTE
    ../fplib/microlib/fpflt.c                0x00000000   Number         0  fflti.o ABSOLUTE
    ../fplib/microlib/fpmul.c                0x00000000   Number         0  dmul.o ABSOLUTE
    ../fplib/microlib/fpmul.c                0x00000000   Number         0  fmul.o ABSOLUTE
    ../fplib/microlib/fpscalb.c              0x00000000   Number         0  dscalb.o ABSOLUTE
    ../fplib/microlib/fpscalb.c              0x00000000   Number         0  fscalb.o ABSOLUTE
    ../fplib/microlib/fpsqrt.c               0x00000000   Number         0  dsqrt.o ABSOLUTE
    ../mathlib/atan.c                        0x00000000   Number         0  atan_x.o ABSOLUTE
    ../mathlib/atan.c                        0x00000000   Number         0  atan.o ABSOLUTE
    ../mathlib/cos.c                         0x00000000   Number         0  cos.o ABSOLUTE
    ../mathlib/cos.c                         0x00000000   Number         0  cos_x.o ABSOLUTE
    ../mathlib/cos_i.c                       0x00000000   Number         0  cos_i.o ABSOLUTE
    ../mathlib/dunder.c                      0x00000000   Number         0  dunder.o ABSOLUTE
    ../mathlib/fpclassify.c                  0x00000000   Number         0  fpclassify.o ABSOLUTE
    ../mathlib/poly.c                        0x00000000   Number         0  poly.o ABSOLUTE
    ../mathlib/rred.c                        0x00000000   Number         0  rred.o ABSOLUTE
    ../mathlib/sin.c                         0x00000000   Number         0  sin_x.o ABSOLUTE
    ../mathlib/sin.c                         0x00000000   Number         0  sin.o ABSOLUTE
    ../mathlib/sin_i.c                       0x00000000   Number         0  sin_i.o ABSOLUTE
    ../mathlib/sin_i.c                       0x00000000   Number         0  sin_i_x.o ABSOLUTE
    ../mathlib/sqrt.c                        0x00000000   Number         0  sqrt.o ABSOLUTE
    ../mathlib/sqrt.c                        0x00000000   Number         0  sqrt_x.o ABSOLUTE
    ../mathlib/tan.c                         0x00000000   Number         0  tan.o ABSOLUTE
    ../mathlib/tan.c                         0x00000000   Number         0  tan_x.o ABSOLUTE
    ../mathlib/tan_i.c                       0x00000000   Number         0  tan_i_x.o ABSOLUTE
    ../mathlib/tan_i.c                       0x00000000   Number         0  tan_i.o ABSOLUTE
    ..\Drivers\STM32F1xx_HAL_Driver\Src\stm32f1xx_hal.c 0x00000000   Number         0  stm32f1xx_hal.o ABSOLUTE
    ..\Drivers\STM32F1xx_HAL_Driver\Src\stm32f1xx_hal_cortex.c 0x00000000   Number         0  stm32f1xx_hal_cortex.o ABSOLUTE
    ..\Drivers\STM32F1xx_HAL_Driver\Src\stm32f1xx_hal_dma.c 0x00000000   Number         0  stm32f1xx_hal_dma.o ABSOLUTE
    ..\Drivers\STM32F1xx_HAL_Driver\Src\stm32f1xx_hal_flash.c 0x00000000   Number         0  stm32f1xx_hal_flash.o ABSOLUTE
    ..\Drivers\STM32F1xx_HAL_Driver\Src\stm32f1xx_hal_flash_ex.c 0x00000000   Number         0  stm32f1xx_hal_flash_ex.o ABSOLUTE
    ..\Drivers\STM32F1xx_HAL_Driver\Src\stm32f1xx_hal_gpio.c 0x00000000   Number         0  stm32f1xx_hal_gpio.o ABSOLUTE
    ..\Drivers\STM32F1xx_HAL_Driver\Src\stm32f1xx_hal_gpio_ex.c 0x00000000   Number         0  stm32f1xx_hal_gpio_ex.o ABSOLUTE
    ..\Drivers\STM32F1xx_HAL_Driver\Src\stm32f1xx_hal_pwr.c 0x00000000   Number         0  stm32f1xx_hal_pwr.o ABSOLUTE
    ..\Drivers\STM32F1xx_HAL_Driver\Src\stm32f1xx_hal_rcc.c 0x00000000   Number         0  stm32f1xx_hal_rcc.o ABSOLUTE
    ..\Drivers\STM32F1xx_HAL_Driver\Src\stm32f1xx_hal_rcc_ex.c 0x00000000   Number         0  stm32f1xx_hal_rcc_ex.o ABSOLUTE
    ..\Drivers\STM32F1xx_HAL_Driver\Src\stm32f1xx_hal_spi.c 0x00000000   Number         0  stm32f1xx_hal_spi.o ABSOLUTE
    ..\Drivers\STM32F1xx_HAL_Driver\Src\stm32f1xx_hal_spi_ex.c 0x00000000   Number         0  stm32f1xx_hal_spi_ex.o ABSOLUTE
    ..\Drivers\STM32F1xx_HAL_Driver\Src\stm32f1xx_hal_tim.c 0x00000000   Number         0  stm32f1xx_hal_tim.o ABSOLUTE
    ..\Drivers\STM32F1xx_HAL_Driver\Src\stm32f1xx_hal_tim_ex.c 0x00000000   Number         0  stm32f1xx_hal_tim_ex.o ABSOLUTE
    ..\Drivers\STM32F1xx_HAL_Driver\Src\stm32f1xx_hal_uart.c 0x00000000   Number         0  stm32f1xx_hal_uart.o ABSOLUTE
    ..\Src\main.c                            0x00000000   Number         0  main.o ABSOLUTE
    ..\Src\stm32f1xx_hal_msp.c               0x00000000   Number         0  stm32f1xx_hal_msp.o ABSOLUTE
    ..\Src\stm32f1xx_it.c                    0x00000000   Number         0  stm32f1xx_it.o ABSOLUTE
    ..\Src\system_stm32f1xx.c                0x00000000   Number         0  system_stm32f1xx.o ABSOLUTE
    cdcmple.s                                0x00000000   Number         0  cdcmple.o ABSOLUTE
    cdrcmple.s                               0x00000000   Number         0  cdrcmple.o ABSOLUTE
    cfcmple.s                                0x00000000   Number         0  cfcmple.o ABSOLUTE
    cfrcmple.s                               0x00000000   Number         0  cfrcmple.o ABSOLUTE
    dc.s                                     0x00000000   Number         0  dc.o ABSOLUTE
    handlers.s                               0x00000000   Number         0  handlers.o ABSOLUTE
    init.s                                   0x00000000   Number         0  init.o ABSOLUTE
    startup_stm32f103xb.s                    0x00000000   Number         0  startup_stm32f103xb.o ABSOLUTE
    RESET                                    0x08000000   Section      236  startup_stm32f103xb.o(RESET)
    .ARM.Collect$$$$00000000                 0x080000ec   Section        0  entry.o(.ARM.Collect$$$$00000000)
    .ARM.Collect$$$$00000001                 0x080000ec   Section        4  entry2.o(.ARM.Collect$$$$00000001)
    .ARM.Collect$$$$00000004                 0x080000f0   Section        4  entry5.o(.ARM.Collect$$$$00000004)
    .ARM.Collect$$$$00000008                 0x080000f4   Section        0  entry7b.o(.ARM.Collect$$$$00000008)
    .ARM.Collect$$$$0000000A                 0x080000f4   Section        0  entry8b.o(.ARM.Collect$$$$0000000A)
    .ARM.Collect$$$$0000000B                 0x080000f4   Section        8  entry9a.o(.ARM.Collect$$$$0000000B)
    .ARM.Collect$$$$0000000D                 0x080000fc   Section        0  entry10a.o(.ARM.Collect$$$$0000000D)
    .ARM.Collect$$$$0000000F                 0x080000fc   Section        0  entry11a.o(.ARM.Collect$$$$0000000F)
    .ARM.Collect$$$$00002712                 0x080000fc   Section        4  entry2.o(.ARM.Collect$$$$00002712)
    __lit__00000000                          0x080000fc   Data           4  entry2.o(.ARM.Collect$$$$00002712)
    .text                                    0x08000100   Section       36  startup_stm32f103xb.o(.text)
    .text                                    0x08000124   Section        0  llushr.o(.text)
    .text                                    0x08000144   Section        0  memseta.o(.text)
    .text                                    0x08000168   Section        0  fadd.o(.text)
    .text                                    0x08000218   Section        0  fmul.o(.text)
    .text                                    0x0800027c   Section        0  fdiv.o(.text)
    .text                                    0x080002f8   Section        0  fscalb.o(.text)
    .text                                    0x08000310   Section        0  dadd.o(.text)
    .text                                    0x0800045e   Section        0  dmul.o(.text)
    .text                                    0x08000542   Section        0  ddiv.o(.text)
    .text                                    0x08000620   Section        0  dscalb.o(.text)
    .text                                    0x0800064e   Section        0  fflti.o(.text)
    .text                                    0x08000660   Section        0  dflti.o(.text)
    .text                                    0x08000682   Section        0  ffixi.o(.text)
    .text                                    0x080006b4   Section        0  dfixi.o(.text)
    .text                                    0x080006f2   Section        0  f2d.o(.text)
    .text                                    0x08000718   Section       48  cdcmple.o(.text)
    .text                                    0x08000748   Section       48  cdrcmple.o(.text)
    .text                                    0x08000778   Section        0  d2f.o(.text)
    .text                                    0x080007b0   Section       20  cfcmple.o(.text)
    .text                                    0x080007c4   Section       20  cfrcmple.o(.text)
    .text                                    0x080007d8   Section        0  llshl.o(.text)
    .text                                    0x080007f6   Section        0  llsshr.o(.text)
    .text                                    0x0800081a   Section        0  iusefp.o(.text)
    .text                                    0x0800081a   Section        0  fepilogue.o(.text)
    .text                                    0x08000888   Section        0  depilogue.o(.text)
    .text                                    0x08000942   Section        0  dsqrt.o(.text)
    .text                                    0x080009e4   Section       36  init.o(.text)
    .text                                    0x08000a08   Section        0  dfltui.o(.text)
    i.BusFault_Handler                       0x08000a22   Section        0  stm32f1xx_it.o(i.BusFault_Handler)
    i.CalculateNewPosition                   0x08000a24   Section        0  main.o(i.CalculateNewPosition)
    i.DMA1_Channel2_IRQHandler               0x08000ab4   Section        0  stm32f1xx_it.o(i.DMA1_Channel2_IRQHandler)
    i.DMA_SetConfig                          0x08000ac0   Section        0  stm32f1xx_hal_dma.o(i.DMA_SetConfig)
    DMA_SetConfig                            0x08000ac1   Thumb Code    42  stm32f1xx_hal_dma.o(i.DMA_SetConfig)
    i.DebugMon_Handler                       0x08000aea   Section        0  stm32f1xx_it.o(i.DebugMon_Handler)
    i.Defuzzication_L                        0x08000aec   Section        0  main.o(i.Defuzzication_L)
    i.Defuzzication_R                        0x08000dcc   Section        0  main.o(i.Defuzzication_R)
    i.EXTI3_IRQHandler                       0x080010a0   Section        0  stm32f1xx_it.o(i.EXTI3_IRQHandler)
    i.EXTI4_IRQHandler                       0x080010c0   Section        0  stm32f1xx_it.o(i.EXTI4_IRQHandler)
    i.Encoder2Distance                       0x080010e0   Section        0  main.o(i.Encoder2Distance)
    i.Error_Handler                          0x08001118   Section        0  main.o(i.Error_Handler)
    i.EuclidDistance                         0x0800111a   Section        0  main.o(i.EuclidDistance)
    i.Fuzzy_ControlMotor                     0x08001158   Section        0  main.o(i.Fuzzy_ControlMotor)
    i.Fuzzy_TurnAround                       0x080012b0   Section        0  main.o(i.Fuzzy_TurnAround)
    i.GetDerivativeError                     0x0800142c   Section        0  main.o(i.GetDerivativeError)
    i.GetError                               0x08001448   Section        0  main.o(i.GetError)
    i.GetNewGocLai                           0x08001456   Section        0  main.o(i.GetNewGocLai)
    i.HAL_DMA_Abort_IT                       0x080016dc   Section        0  stm32f1xx_hal_dma.o(i.HAL_DMA_Abort_IT)
    i.HAL_DMA_IRQHandler                     0x08001774   Section        0  stm32f1xx_hal_dma.o(i.HAL_DMA_IRQHandler)
    i.HAL_DMA_Init                           0x080018c8   Section        0  stm32f1xx_hal_dma.o(i.HAL_DMA_Init)
    i.HAL_DMA_Start_IT                       0x08001924   Section        0  stm32f1xx_hal_dma.o(i.HAL_DMA_Start_IT)
    i.HAL_GPIO_EXTI_Callback                 0x08001994   Section        0  stm32f1xx_hal_gpio.o(i.HAL_GPIO_EXTI_Callback)
    i.HAL_GPIO_EXTI_IRQHandler               0x08001998   Section        0  stm32f1xx_hal_gpio.o(i.HAL_GPIO_EXTI_IRQHandler)
    i.HAL_GPIO_Init                          0x080019b0   Section        0  stm32f1xx_hal_gpio.o(i.HAL_GPIO_Init)
    i.HAL_GPIO_WritePin                      0x08001b6c   Section        0  stm32f1xx_hal_gpio.o(i.HAL_GPIO_WritePin)
    i.HAL_GetTick                            0x08001b78   Section        0  stm32f1xx_hal.o(i.HAL_GetTick)
    i.HAL_IncTick                            0x08001b84   Section        0  stm32f1xx_hal.o(i.HAL_IncTick)
    i.HAL_Init                               0x08001b94   Section        0  stm32f1xx_hal.o(i.HAL_Init)
    i.HAL_InitTick                           0x08001bb8   Section        0  stm32f1xx_hal.o(i.HAL_InitTick)
    i.HAL_MspInit                            0x08001bf8   Section        0  stm32f1xx_hal_msp.o(i.HAL_MspInit)
    i.HAL_NVIC_EnableIRQ                     0x08001c34   Section        0  stm32f1xx_hal_cortex.o(i.HAL_NVIC_EnableIRQ)
    i.HAL_NVIC_SetPriority                   0x08001c4c   Section        0  stm32f1xx_hal_cortex.o(i.HAL_NVIC_SetPriority)
    i.HAL_NVIC_SetPriorityGrouping           0x08001c8c   Section        0  stm32f1xx_hal_cortex.o(i.HAL_NVIC_SetPriorityGrouping)
    i.HAL_RCC_ClockConfig                    0x08001cb0   Section        0  stm32f1xx_hal_rcc.o(i.HAL_RCC_ClockConfig)
    i.HAL_RCC_GetPCLK1Freq                   0x08001e1c   Section        0  stm32f1xx_hal_rcc.o(i.HAL_RCC_GetPCLK1Freq)
    i.HAL_RCC_GetPCLK2Freq                   0x08001e3c   Section        0  stm32f1xx_hal_rcc.o(i.HAL_RCC_GetPCLK2Freq)
    i.HAL_RCC_GetSysClockFreq                0x08001e5c   Section        0  stm32f1xx_hal_rcc.o(i.HAL_RCC_GetSysClockFreq)
    i.HAL_RCC_OscConfig                      0x08001ec8   Section        0  stm32f1xx_hal_rcc.o(i.HAL_RCC_OscConfig)
    i.HAL_SPI_ErrorCallback                  0x080021cc   Section        0  stm32f1xx_hal_spi.o(i.HAL_SPI_ErrorCallback)
    i.HAL_SPI_IRQHandler                     0x080021d0   Section        0  stm32f1xx_hal_spi.o(i.HAL_SPI_IRQHandler)
    i.HAL_SPI_Init                           0x08002294   Section        0  stm32f1xx_hal_spi_ex.o(i.HAL_SPI_Init)
    i.HAL_SPI_MspInit                        0x08002318   Section        0  stm32f1xx_hal_msp.o(i.HAL_SPI_MspInit)
    i.HAL_SPI_Receive_DMA                    0x080023c4   Section        0  stm32f1xx_hal_spi.o(i.HAL_SPI_Receive_DMA)
    i.HAL_SPI_RxCpltCallback                 0x08002498   Section        0  stm32f1xx_hal_spi.o(i.HAL_SPI_RxCpltCallback)
    i.HAL_SPI_RxHalfCpltCallback             0x0800249a   Section        0  stm32f1xx_hal_spi.o(i.HAL_SPI_RxHalfCpltCallback)
    i.HAL_SPI_TransmitReceive_DMA            0x0800249c   Section        0  stm32f1xx_hal_spi.o(i.HAL_SPI_TransmitReceive_DMA)
    i.HAL_SPI_Transmit_IT                    0x080025a4   Section        0  stm32f1xx_hal_spi.o(i.HAL_SPI_Transmit_IT)
    i.HAL_SPI_TxCpltCallback                 0x0800263c   Section        0  stm32f1xx_hal_spi.o(i.HAL_SPI_TxCpltCallback)
    i.HAL_SPI_TxRxCpltCallback               0x0800263e   Section        0  stm32f1xx_hal_spi.o(i.HAL_SPI_TxRxCpltCallback)
    i.HAL_SPI_TxRxHalfCpltCallback           0x08002640   Section        0  stm32f1xx_hal_spi.o(i.HAL_SPI_TxRxHalfCpltCallback)
    i.HAL_SYSTICK_Config                     0x08002642   Section        0  stm32f1xx_hal_cortex.o(i.HAL_SYSTICK_Config)
    i.HAL_TIMEx_BreakCallback                0x0800266a   Section        0  stm32f1xx_hal_tim_ex.o(i.HAL_TIMEx_BreakCallback)
    i.HAL_TIMEx_CommutationCallback          0x0800266c   Section        0  stm32f1xx_hal_tim_ex.o(i.HAL_TIMEx_CommutationCallback)
    i.HAL_TIMEx_MasterConfigSynchronization  0x0800266e   Section        0  stm32f1xx_hal_tim_ex.o(i.HAL_TIMEx_MasterConfigSynchronization)
    i.HAL_TIM_Base_Init                      0x080026be   Section        0  stm32f1xx_hal_tim.o(i.HAL_TIM_Base_Init)
    i.HAL_TIM_Base_MspInit                   0x080026f4   Section        0  stm32f1xx_hal_msp.o(i.HAL_TIM_Base_MspInit)
    i.HAL_TIM_Base_Start_IT                  0x0800276c   Section        0  stm32f1xx_hal_tim.o(i.HAL_TIM_Base_Start_IT)
    i.HAL_TIM_ConfigClockSource              0x08002784   Section        0  stm32f1xx_hal_tim.o(i.HAL_TIM_ConfigClockSource)
    i.HAL_TIM_IC_CaptureCallback             0x08002876   Section        0  stm32f1xx_hal_tim.o(i.HAL_TIM_IC_CaptureCallback)
    i.HAL_TIM_IRQHandler                     0x08002878   Section        0  stm32f1xx_hal_tim.o(i.HAL_TIM_IRQHandler)
    i.HAL_TIM_MspPostInit                    0x080029e0   Section        0  stm32f1xx_hal_msp.o(i.HAL_TIM_MspPostInit)
    i.HAL_TIM_OC_DelayElapsedCallback        0x08002a30   Section        0  stm32f1xx_hal_tim.o(i.HAL_TIM_OC_DelayElapsedCallback)
    i.HAL_TIM_PWM_ConfigChannel              0x08002a32   Section        0  stm32f1xx_hal_tim.o(i.HAL_TIM_PWM_ConfigChannel)
    i.HAL_TIM_PWM_Init                       0x08002b02   Section        0  stm32f1xx_hal_tim.o(i.HAL_TIM_PWM_Init)
    i.HAL_TIM_PWM_MspInit                    0x08002b38   Section        0  stm32f1xx_hal_tim.o(i.HAL_TIM_PWM_MspInit)
    i.HAL_TIM_PWM_PulseFinishedCallback      0x08002b3a   Section        0  stm32f1xx_hal_tim.o(i.HAL_TIM_PWM_PulseFinishedCallback)
    i.HAL_TIM_PWM_Start                      0x08002b3c   Section        0  stm32f1xx_hal_tim.o(i.HAL_TIM_PWM_Start)
    i.HAL_TIM_PeriodElapsedCallback          0x08002b6c   Section        0  main.o(i.HAL_TIM_PeriodElapsedCallback)
    i.HAL_TIM_TriggerCallback                0x08002c08   Section        0  stm32f1xx_hal_tim.o(i.HAL_TIM_TriggerCallback)
    i.HAL_UART_Init                          0x08002c0a   Section        0  stm32f1xx_hal_uart.o(i.HAL_UART_Init)
    i.HAL_UART_MspInit                       0x08002c6c   Section        0  stm32f1xx_hal_msp.o(i.HAL_UART_MspInit)
    i.HAL_UART_Transmit                      0x08002cdc   Section        0  stm32f1xx_hal_uart.o(i.HAL_UART_Transmit)
    i.HardFault_Handler                      0x08002d96   Section        0  stm32f1xx_it.o(i.HardFault_Handler)
    i.MX_GPIO_Init                           0x08002d98   Section        0  main.o(i.MX_GPIO_Init)
    MX_GPIO_Init                             0x08002d99   Thumb Code   224  main.o(i.MX_GPIO_Init)
    i.MX_SPI1_Init                           0x08002e8c   Section        0  main.o(i.MX_SPI1_Init)
    MX_SPI1_Init                             0x08002e8d   Thumb Code    38  main.o(i.MX_SPI1_Init)
    i.MX_TIM2_Init                           0x08002ebc   Section        0  main.o(i.MX_TIM2_Init)
    MX_TIM2_Init                             0x08002ebd   Thumb Code    78  main.o(i.MX_TIM2_Init)
    i.MX_TIM3_Init                           0x08002f10   Section        0  main.o(i.MX_TIM3_Init)
    MX_TIM3_Init                             0x08002f11   Thumb Code    76  main.o(i.MX_TIM3_Init)
    i.MX_TIM4_Init                           0x08002f64   Section        0  main.o(i.MX_TIM4_Init)
    MX_TIM4_Init                             0x08002f65   Thumb Code   124  main.o(i.MX_TIM4_Init)
    i.MemManage_Handler                      0x08002fe8   Section        0  stm32f1xx_it.o(i.MemManage_Handler)
    i.NMI_Handler                            0x08002fea   Section        0  stm32f1xx_it.o(i.NMI_Handler)
    i.NVIC_SetPriority                       0x08002fec   Section        0  stm32f1xx_hal_cortex.o(i.NVIC_SetPriority)
    NVIC_SetPriority                         0x08002fed   Thumb Code    32  stm32f1xx_hal_cortex.o(i.NVIC_SetPriority)
    i.PendSV_Handler                         0x0800300c   Section        0  stm32f1xx_it.o(i.PendSV_Handler)
    i.SPI1_IRQHandler                        0x08003010   Section        0  stm32f1xx_it.o(i.SPI1_IRQHandler)
    i.SPI_CheckFlag_BSY                      0x0800301c   Section        0  stm32f1xx_hal_spi.o(i.SPI_CheckFlag_BSY)
    SPI_CheckFlag_BSY                        0x0800301d   Thumb Code    32  stm32f1xx_hal_spi.o(i.SPI_CheckFlag_BSY)
    i.SPI_CloseTx_ISR                        0x0800303c   Section        0  stm32f1xx_hal_spi.o(i.SPI_CloseTx_ISR)
    SPI_CloseTx_ISR                          0x0800303d   Thumb Code   118  stm32f1xx_hal_spi.o(i.SPI_CloseTx_ISR)
    i.SPI_DMAAbortOnError                    0x080030b8   Section        0  stm32f1xx_hal_spi.o(i.SPI_DMAAbortOnError)
    SPI_DMAAbortOnError                      0x080030b9   Thumb Code    16  stm32f1xx_hal_spi.o(i.SPI_DMAAbortOnError)
    i.SPI_DMAError                           0x080030c8   Section        0  stm32f1xx_hal_spi.o(i.SPI_DMAError)
    SPI_DMAError                             0x080030c9   Thumb Code    34  stm32f1xx_hal_spi.o(i.SPI_DMAError)
    i.SPI_DMAHalfReceiveCplt                 0x080030ea   Section        0  stm32f1xx_hal_spi.o(i.SPI_DMAHalfReceiveCplt)
    SPI_DMAHalfReceiveCplt                   0x080030eb   Thumb Code    10  stm32f1xx_hal_spi.o(i.SPI_DMAHalfReceiveCplt)
    i.SPI_DMAHalfTransmitReceiveCplt         0x080030f4   Section        0  stm32f1xx_hal_spi.o(i.SPI_DMAHalfTransmitReceiveCplt)
    SPI_DMAHalfTransmitReceiveCplt           0x080030f5   Thumb Code    10  stm32f1xx_hal_spi.o(i.SPI_DMAHalfTransmitReceiveCplt)
    i.SPI_DMAReceiveCplt                     0x080030fe   Section        0  stm32f1xx_hal_spi.o(i.SPI_DMAReceiveCplt)
    SPI_DMAReceiveCplt                       0x080030ff   Thumb Code    82  stm32f1xx_hal_spi.o(i.SPI_DMAReceiveCplt)
    i.SPI_DMATransmitReceiveCplt             0x08003150   Section        0  stm32f1xx_hal_spi.o(i.SPI_DMATransmitReceiveCplt)
    SPI_DMATransmitReceiveCplt               0x08003151   Thumb Code    80  stm32f1xx_hal_spi.o(i.SPI_DMATransmitReceiveCplt)
    i.SPI_TxISR_16BIT                        0x080031a0   Section        0  stm32f1xx_hal_spi.o(i.SPI_TxISR_16BIT)
    SPI_TxISR_16BIT                          0x080031a1   Thumb Code    32  stm32f1xx_hal_spi.o(i.SPI_TxISR_16BIT)
    i.SPI_TxISR_8BIT                         0x080031c0   Section        0  stm32f1xx_hal_spi.o(i.SPI_TxISR_8BIT)
    SPI_TxISR_8BIT                           0x080031c1   Thumb Code    30  stm32f1xx_hal_spi.o(i.SPI_TxISR_8BIT)
    i.SPI_WaitFlagStateUntilTimeout          0x080031de   Section        0  stm32f1xx_hal_spi.o(i.SPI_WaitFlagStateUntilTimeout)
    SPI_WaitFlagStateUntilTimeout            0x080031df   Thumb Code   150  stm32f1xx_hal_spi.o(i.SPI_WaitFlagStateUntilTimeout)
    i.SVC_Handler                            0x08003274   Section        0  stm32f1xx_it.o(i.SVC_Handler)
    i.SendPos                                0x08003278   Section        0  main.o(i.SendPos)
    i.Send_2Float                            0x080032cc   Section        0  main.o(i.Send_2Float)
    i.SetPWM_withDutyCycle                   0x08003308   Section        0  main.o(i.SetPWM_withDutyCycle)
    i.SetPWM_withDutyCycle_withStop          0x08003334   Section        0  main.o(i.SetPWM_withDutyCycle_withStop)
    i.SpinLeft                               0x08003368   Section        0  main.o(i.SpinLeft)
    i.SpinRight                              0x08003388   Section        0  main.o(i.SpinRight)
    i.SysTick_Handler                        0x080033a8   Section        0  stm32f1xx_it.o(i.SysTick_Handler)
    i.SystemClock_Config                     0x080033ac   Section        0  main.o(i.SystemClock_Config)
    i.SystemInit                             0x080033f8   Section        0  system_stm32f1xx.o(i.SystemInit)
    i.TIM2_IRQHandler                        0x08003440   Section        0  stm32f1xx_it.o(i.TIM2_IRQHandler)
    i.TIM3_IRQHandler                        0x0800344c   Section        0  stm32f1xx_it.o(i.TIM3_IRQHandler)
    i.TIM_Base_SetConfig                     0x0800346c   Section        0  stm32f1xx_hal_tim.o(i.TIM_Base_SetConfig)
    i.TIM_CCxChannelCmd                      0x080034d8   Section        0  stm32f1xx_hal_tim.o(i.TIM_CCxChannelCmd)
    i.TIM_ETR_SetConfig                      0x080034ee   Section        0  stm32f1xx_hal_tim.o(i.TIM_ETR_SetConfig)
    TIM_ETR_SetConfig                        0x080034ef   Thumb Code    20  stm32f1xx_hal_tim.o(i.TIM_ETR_SetConfig)
    i.TIM_ITRx_SetConfig                     0x08003502   Section        0  stm32f1xx_hal_tim.o(i.TIM_ITRx_SetConfig)
    TIM_ITRx_SetConfig                       0x08003503   Thumb Code    16  stm32f1xx_hal_tim.o(i.TIM_ITRx_SetConfig)
    i.TIM_OC1_SetConfig                      0x08003514   Section        0  stm32f1xx_hal_tim.o(i.TIM_OC1_SetConfig)
    TIM_OC1_SetConfig                        0x08003515   Thumb Code    74  stm32f1xx_hal_tim.o(i.TIM_OC1_SetConfig)
    i.TIM_OC2_SetConfig                      0x08003564   Section        0  stm32f1xx_hal_tim.o(i.TIM_OC2_SetConfig)
    i.TIM_OC3_SetConfig                      0x080035bc   Section        0  stm32f1xx_hal_tim.o(i.TIM_OC3_SetConfig)
    TIM_OC3_SetConfig                        0x080035bd   Thumb Code    82  stm32f1xx_hal_tim.o(i.TIM_OC3_SetConfig)
    i.TIM_OC4_SetConfig                      0x08003614   Section        0  stm32f1xx_hal_tim.o(i.TIM_OC4_SetConfig)
    TIM_OC4_SetConfig                        0x08003615   Thumb Code    64  stm32f1xx_hal_tim.o(i.TIM_OC4_SetConfig)
    i.TIM_TI1_ConfigInputStage               0x08003658   Section        0  stm32f1xx_hal_tim.o(i.TIM_TI1_ConfigInputStage)
    TIM_TI1_ConfigInputStage                 0x08003659   Thumb Code    34  stm32f1xx_hal_tim.o(i.TIM_TI1_ConfigInputStage)
    i.TIM_TI2_ConfigInputStage               0x0800367a   Section        0  stm32f1xx_hal_tim.o(i.TIM_TI2_ConfigInputStage)
    TIM_TI2_ConfigInputStage                 0x0800367b   Thumb Code    36  stm32f1xx_hal_tim.o(i.TIM_TI2_ConfigInputStage)
    i.UART_SetConfig                         0x080036a0   Section        0  stm32f1xx_hal_uart.o(i.UART_SetConfig)
    UART_SetConfig                           0x080036a1   Thumb Code   364  stm32f1xx_hal_uart.o(i.UART_SetConfig)
    i.UART_WaitOnFlagUntilTimeout            0x08003810   Section        0  stm32f1xx_hal_uart.o(i.UART_WaitOnFlagUntilTimeout)
    UART_WaitOnFlagUntilTimeout              0x08003811   Thumb Code   100  stm32f1xx_hal_uart.o(i.UART_WaitOnFlagUntilTimeout)
    i.UpdateParams                           0x08003874   Section        0  main.o(i.UpdateParams)
    i.UsageFault_Handler                     0x08003880   Section        0  stm32f1xx_it.o(i.UsageFault_Handler)
    i.__ARM_fpclassify                       0x08003882   Section        0  fpclassify.o(i.__ARM_fpclassify)
    i.__ieee754_rem_pio2                     0x080038ac   Section        0  rred.o(i.__ieee754_rem_pio2)
    i.__kernel_cos                           0x08003c34   Section        0  cos_i.o(i.__kernel_cos)
    i.__kernel_poly                          0x08003d30   Section        0  poly.o(i.__kernel_poly)
    i.__kernel_sin                           0x08003ddc   Section        0  sin_i.o(i.__kernel_sin)
    i.__kernel_tan                           0x08003ec8   Section        0  tan_i.o(i.__kernel_tan)
    i.__mathlib_dbl_infnan                   0x08004144   Section        0  dunder.o(i.__mathlib_dbl_infnan)
    i.__mathlib_dbl_invalid                  0x0800414a   Section        0  dunder.o(i.__mathlib_dbl_invalid)
    i.__mathlib_dbl_underflow                0x08004158   Section        0  dunder.o(i.__mathlib_dbl_underflow)
    i.__scatterload_copy                     0x08004168   Section       14  handlers.o(i.__scatterload_copy)
    i.__scatterload_null                     0x08004176   Section        2  handlers.o(i.__scatterload_null)
    i.__scatterload_zeroinit                 0x08004178   Section       14  handlers.o(i.__scatterload_zeroinit)
    i.__set_errno                            0x08004188   Section        0  errno.o(i.__set_errno)
    i.atan                                   0x08004194   Section        0  atan.o(i.atan)
    i.cos                                    0x080043b4   Section        0  cos.o(i.cos)
    i.main                                   0x08004450   Section        0  main.o(i.main)
    i.max                                    0x08004560   Section        0  main.o(i.max)
    i.mftrap                                 0x08004580   Section        0  main.o(i.mftrap)
    i.sin                                    0x08004620   Section        0  sin.o(i.sin)
    i.sqrt                                   0x080046c0   Section        0  sqrt.o(i.sqrt)
    i.tan                                    0x0800470c   Section        0  tan.o(i.tan)
    .constdata                               0x08004770   Section       16  system_stm32f1xx.o(.constdata)
    .constdata                               0x08004780   Section        8  system_stm32f1xx.o(.constdata)
    .constdata                               0x08004788   Section      152  atan.o(.constdata)
    atanhi                                   0x08004788   Data          32  atan.o(.constdata)
    atanlo                                   0x080047a8   Data          32  atan.o(.constdata)
    aTodd                                    0x080047c8   Data          40  atan.o(.constdata)
    aTeven                                   0x080047f0   Data          48  atan.o(.constdata)
    .constdata                               0x08004820   Section       48  cos_i.o(.constdata)
    C                                        0x08004820   Data          48  cos_i.o(.constdata)
    .constdata                               0x08004850   Section      200  rred.o(.constdata)
    pio2s                                    0x08004850   Data          48  rred.o(.constdata)
    twooverpi                                0x08004880   Data         152  rred.o(.constdata)
    .constdata                               0x08004918   Section       40  sin_i.o(.constdata)
    S                                        0x08004918   Data          40  sin_i.o(.constdata)
    .constdata                               0x08004940   Section       96  tan_i.o(.constdata)
    Todd                                     0x08004940   Data          48  tan_i.o(.constdata)
    Teven                                    0x08004970   Data          48  tan_i.o(.constdata)
    .data                                    0x20000000   Section      136  main.o(.data)
    .data                                    0x20000088   Section        4  main.o(.data)
    .data                                    0x2000008c   Section        4  main.o(.data)
    .data                                    0x20000090   Section        1  main.o(.data)
    .data                                    0x20000094   Section       12  stm32f1xx_hal.o(.data)
    .data                                    0x200000a0   Section        4  system_stm32f1xx.o(.data)
    .data                                    0x200000a4   Section        4  errno.o(.data)
    _errno                                   0x200000a4   Data           4  errno.o(.data)
    .bss                                     0x200000a8   Section      354  main.o(.bss)
    .bss                                     0x2000020c   Section       68  main.o(.bss)
    STACK                                    0x20000250   Section     1024  startup_stm32f103xb.o(STACK)

    Global Symbols

    Symbol Name                              Value     Ov Type        Size  Object(Section)

    BuildAttributes$$THM_ISAv4$P$D$K$B$S$PE$A:L22UL41UL21$X:L11$S22US41US21$IEEE1$IW$USESV6$~STKCKD$USESV7$~SHL$OTIME$ROPI$IEEEX$EBA8$MICROLIB$REQ8$PRES8$EABIv2 0x00000000   Number         0  anon$$obj.o ABSOLUTE
    __ARM_use_no_argv                        0x00000000   Number         0  main.o ABSOLUTE
    __cpp_initialize__aeabi_                  - Undefined Weak Reference
    __cxa_finalize                            - Undefined Weak Reference
    __decompress                              - Undefined Weak Reference
    _clock_init                               - Undefined Weak Reference
    _microlib_exit                            - Undefined Weak Reference
    __Vectors_Size                           0x000000ec   Number         0  startup_stm32f103xb.o ABSOLUTE
    __Vectors                                0x08000000   Data           4  startup_stm32f103xb.o(RESET)
    __Vectors_End                            0x080000ec   Data           0  startup_stm32f103xb.o(RESET)
    __main                                   0x080000ed   Thumb Code     0  entry.o(.ARM.Collect$$$$00000000)
    _main_stk                                0x080000ed   Thumb Code     0  entry2.o(.ARM.Collect$$$$00000001)
    _main_scatterload                        0x080000f1   Thumb Code     0  entry5.o(.ARM.Collect$$$$00000004)
    __main_after_scatterload                 0x080000f5   Thumb Code     0  entry5.o(.ARM.Collect$$$$00000004)
    _main_clock                              0x080000f5   Thumb Code     0  entry7b.o(.ARM.Collect$$$$00000008)
    _main_cpp_init                           0x080000f5   Thumb Code     0  entry8b.o(.ARM.Collect$$$$0000000A)
    _main_init                               0x080000f5   Thumb Code     0  entry9a.o(.ARM.Collect$$$$0000000B)
    __rt_final_cpp                           0x080000fd   Thumb Code     0  entry10a.o(.ARM.Collect$$$$0000000D)
    __rt_final_exit                          0x080000fd   Thumb Code     0  entry11a.o(.ARM.Collect$$$$0000000F)
    Reset_Handler                            0x08000101   Thumb Code     8  startup_stm32f103xb.o(.text)
    ADC1_2_IRQHandler                        0x0800011b   Thumb Code     0  startup_stm32f103xb.o(.text)
    CAN1_RX1_IRQHandler                      0x0800011b   Thumb Code     0  startup_stm32f103xb.o(.text)
    CAN1_SCE_IRQHandler                      0x0800011b   Thumb Code     0  startup_stm32f103xb.o(.text)
    DMA1_Channel1_IRQHandler                 0x0800011b   Thumb Code     0  startup_stm32f103xb.o(.text)
    DMA1_Channel3_IRQHandler                 0x0800011b   Thumb Code     0  startup_stm32f103xb.o(.text)
    DMA1_Channel4_IRQHandler                 0x0800011b   Thumb Code     0  startup_stm32f103xb.o(.text)
    DMA1_Channel5_IRQHandler                 0x0800011b   Thumb Code     0  startup_stm32f103xb.o(.text)
    DMA1_Channel6_IRQHandler                 0x0800011b   Thumb Code     0  startup_stm32f103xb.o(.text)
    DMA1_Channel7_IRQHandler                 0x0800011b   Thumb Code     0  startup_stm32f103xb.o(.text)
    EXTI0_IRQHandler                         0x0800011b   Thumb Code     0  startup_stm32f103xb.o(.text)
    EXTI15_10_IRQHandler                     0x0800011b   Thumb Code     0  startup_stm32f103xb.o(.text)
    EXTI1_IRQHandler                         0x0800011b   Thumb Code     0  startup_stm32f103xb.o(.text)
    EXTI2_IRQHandler                         0x0800011b   Thumb Code     0  startup_stm32f103xb.o(.text)
    EXTI9_5_IRQHandler                       0x0800011b   Thumb Code     0  startup_stm32f103xb.o(.text)
    FLASH_IRQHandler                         0x0800011b   Thumb Code     0  startup_stm32f103xb.o(.text)
    I2C1_ER_IRQHandler                       0x0800011b   Thumb Code     0  startup_stm32f103xb.o(.text)
    I2C1_EV_IRQHandler                       0x0800011b   Thumb Code     0  startup_stm32f103xb.o(.text)
    I2C2_ER_IRQHandler                       0x0800011b   Thumb Code     0  startup_stm32f103xb.o(.text)
    I2C2_EV_IRQHandler                       0x0800011b   Thumb Code     0  startup_stm32f103xb.o(.text)
    PVD_IRQHandler                           0x0800011b   Thumb Code     0  startup_stm32f103xb.o(.text)
    RCC_IRQHandler                           0x0800011b   Thumb Code     0  startup_stm32f103xb.o(.text)
    RTC_Alarm_IRQHandler                     0x0800011b   Thumb Code     0  startup_stm32f103xb.o(.text)
    RTC_IRQHandler                           0x0800011b   Thumb Code     0  startup_stm32f103xb.o(.text)
    SPI2_IRQHandler                          0x0800011b   Thumb Code     0  startup_stm32f103xb.o(.text)
    TAMPER_IRQHandler                        0x0800011b   Thumb Code     0  startup_stm32f103xb.o(.text)
    TIM1_BRK_IRQHandler                      0x0800011b   Thumb Code     0  startup_stm32f103xb.o(.text)
    TIM1_CC_IRQHandler                       0x0800011b   Thumb Code     0  startup_stm32f103xb.o(.text)
    TIM1_TRG_COM_IRQHandler                  0x0800011b   Thumb Code     0  startup_stm32f103xb.o(.text)
    TIM1_UP_IRQHandler                       0x0800011b   Thumb Code     0  startup_stm32f103xb.o(.text)
    TIM4_IRQHandler                          0x0800011b   Thumb Code     0  startup_stm32f103xb.o(.text)
    USART1_IRQHandler                        0x0800011b   Thumb Code     0  startup_stm32f103xb.o(.text)
    USART2_IRQHandler                        0x0800011b   Thumb Code     0  startup_stm32f103xb.o(.text)
    USART3_IRQHandler                        0x0800011b   Thumb Code     0  startup_stm32f103xb.o(.text)
    USBWakeUp_IRQHandler                     0x0800011b   Thumb Code     0  startup_stm32f103xb.o(.text)
    USB_HP_CAN1_TX_IRQHandler                0x0800011b   Thumb Code     0  startup_stm32f103xb.o(.text)
    USB_LP_CAN1_RX0_IRQHandler               0x0800011b   Thumb Code     0  startup_stm32f103xb.o(.text)
    WWDG_IRQHandler                          0x0800011b   Thumb Code     0  startup_stm32f103xb.o(.text)
    __aeabi_llsr                             0x08000125   Thumb Code    32  llushr.o(.text)
    _ll_ushift_r                             0x08000125   Thumb Code     0  llushr.o(.text)
    __aeabi_memset                           0x08000145   Thumb Code    14  memseta.o(.text)
    __aeabi_memset4                          0x08000145   Thumb Code     0  memseta.o(.text)
    __aeabi_memset8                          0x08000145   Thumb Code     0  memseta.o(.text)
    __aeabi_memclr                           0x08000153   Thumb Code     4  memseta.o(.text)
    __aeabi_memclr4                          0x08000153   Thumb Code     0  memseta.o(.text)
    __aeabi_memclr8                          0x08000153   Thumb Code     0  memseta.o(.text)
    _memset$wrapper                          0x08000157   Thumb Code    18  memseta.o(.text)
    __aeabi_fadd                             0x08000169   Thumb Code   164  fadd.o(.text)
    __aeabi_fsub                             0x0800020d   Thumb Code     6  fadd.o(.text)
    __aeabi_frsub                            0x08000213   Thumb Code     6  fadd.o(.text)
    __aeabi_fmul                             0x08000219   Thumb Code   100  fmul.o(.text)
    __aeabi_fdiv                             0x0800027d   Thumb Code   124  fdiv.o(.text)
    __ARM_scalbnf                            0x080002f9   Thumb Code    24  fscalb.o(.text)
    scalbnf                                  0x080002f9   Thumb Code     0  fscalb.o(.text)
    __aeabi_dadd                             0x08000311   Thumb Code   322  dadd.o(.text)
    __aeabi_dsub                             0x08000453   Thumb Code     6  dadd.o(.text)
    __aeabi_drsub                            0x08000459   Thumb Code     6  dadd.o(.text)
    __aeabi_dmul                             0x0800045f   Thumb Code   228  dmul.o(.text)
    __aeabi_ddiv                             0x08000543   Thumb Code   222  ddiv.o(.text)
    __ARM_scalbn                             0x08000621   Thumb Code    46  dscalb.o(.text)
    scalbn                                   0x08000621   Thumb Code     0  dscalb.o(.text)
    __aeabi_i2f                              0x0800064f   Thumb Code    18  fflti.o(.text)
    __aeabi_i2d                              0x08000661   Thumb Code    34  dflti.o(.text)
    __aeabi_f2iz                             0x08000683   Thumb Code    50  ffixi.o(.text)
    __aeabi_d2iz                             0x080006b5   Thumb Code    62  dfixi.o(.text)
    __aeabi_f2d                              0x080006f3   Thumb Code    38  f2d.o(.text)
    __aeabi_cdcmpeq                          0x08000719   Thumb Code     0  cdcmple.o(.text)
    __aeabi_cdcmple                          0x08000719   Thumb Code    48  cdcmple.o(.text)
    __aeabi_cdrcmple                         0x08000749   Thumb Code    48  cdrcmple.o(.text)
    __aeabi_d2f                              0x08000779   Thumb Code    56  d2f.o(.text)
    __aeabi_cfcmpeq                          0x080007b1   Thumb Code     0  cfcmple.o(.text)
    __aeabi_cfcmple                          0x080007b1   Thumb Code    20  cfcmple.o(.text)
    __aeabi_cfrcmple                         0x080007c5   Thumb Code    20  cfrcmple.o(.text)
    __aeabi_llsl                             0x080007d9   Thumb Code    30  llshl.o(.text)
    _ll_shift_l                              0x080007d9   Thumb Code     0  llshl.o(.text)
    __aeabi_lasr                             0x080007f7   Thumb Code    36  llsshr.o(.text)
    _ll_sshift_r                             0x080007f7   Thumb Code     0  llsshr.o(.text)
    __I$use$fp                               0x0800081b   Thumb Code     0  iusefp.o(.text)
    _float_round                             0x0800081b   Thumb Code    18  fepilogue.o(.text)
    _float_epilogue                          0x0800082d   Thumb Code    92  fepilogue.o(.text)
    _double_round                            0x08000889   Thumb Code    30  depilogue.o(.text)
    _double_epilogue                         0x080008a7   Thumb Code   156  depilogue.o(.text)
    _dsqrt                                   0x08000943   Thumb Code   162  dsqrt.o(.text)
    __scatterload                            0x080009e5   Thumb Code    28  init.o(.text)
    __scatterload_rt2                        0x080009e5   Thumb Code     0  init.o(.text)
    __aeabi_ui2d                             0x08000a09   Thumb Code    26  dfltui.o(.text)
    BusFault_Handler                         0x08000a23   Thumb Code     2  stm32f1xx_it.o(i.BusFault_Handler)
    CalculateNewPosition                     0x08000a25   Thumb Code   138  main.o(i.CalculateNewPosition)
    DMA1_Channel2_IRQHandler                 0x08000ab5   Thumb Code     6  stm32f1xx_it.o(i.DMA1_Channel2_IRQHandler)
    DebugMon_Handler                         0x08000aeb   Thumb Code     2  stm32f1xx_it.o(i.DebugMon_Handler)
    Defuzzication_L                          0x08000aed   Thumb Code   700  main.o(i.Defuzzication_L)
    Defuzzication_R                          0x08000dcd   Thumb Code   686  main.o(i.Defuzzication_R)
    EXTI3_IRQHandler                         0x080010a1   Thumb Code    22  stm32f1xx_it.o(i.EXTI3_IRQHandler)
    EXTI4_IRQHandler                         0x080010c1   Thumb Code    22  stm32f1xx_it.o(i.EXTI4_IRQHandler)
    Encoder2Distance                         0x080010e1   Thumb Code    44  main.o(i.Encoder2Distance)
    Error_Handler                            0x08001119   Thumb Code     2  main.o(i.Error_Handler)
    EuclidDistance                           0x0800111b   Thumb Code    60  main.o(i.EuclidDistance)
    Fuzzy_ControlMotor                       0x08001159   Thumb Code   326  main.o(i.Fuzzy_ControlMotor)
    Fuzzy_TurnAround                         0x080012b1   Thumb Code   362  main.o(i.Fuzzy_TurnAround)
    GetDerivativeError                       0x0800142d   Thumb Code    22  main.o(i.GetDerivativeError)
    GetError                                 0x08001449   Thumb Code    14  main.o(i.GetError)
    GetNewGocLai                             0x08001457   Thumb Code   646  main.o(i.GetNewGocLai)
    HAL_DMA_Abort_IT                         0x080016dd   Thumb Code   148  stm32f1xx_hal_dma.o(i.HAL_DMA_Abort_IT)
    HAL_DMA_IRQHandler                       0x08001775   Thumb Code   316  stm32f1xx_hal_dma.o(i.HAL_DMA_IRQHandler)
    HAL_DMA_Init                             0x080018c9   Thumb Code    84  stm32f1xx_hal_dma.o(i.HAL_DMA_Init)
    HAL_DMA_Start_IT                         0x08001925   Thumb Code   112  stm32f1xx_hal_dma.o(i.HAL_DMA_Start_IT)
    HAL_GPIO_EXTI_Callback                   0x08001995   Thumb Code     2  stm32f1xx_hal_gpio.o(i.HAL_GPIO_EXTI_Callback)
    HAL_GPIO_EXTI_IRQHandler                 0x08001999   Thumb Code    18  stm32f1xx_hal_gpio.o(i.HAL_GPIO_EXTI_IRQHandler)
    HAL_GPIO_Init                            0x080019b1   Thumb Code   408  stm32f1xx_hal_gpio.o(i.HAL_GPIO_Init)
    HAL_GPIO_WritePin                        0x08001b6d   Thumb Code    10  stm32f1xx_hal_gpio.o(i.HAL_GPIO_WritePin)
    HAL_GetTick                              0x08001b79   Thumb Code     6  stm32f1xx_hal.o(i.HAL_GetTick)
    HAL_IncTick                              0x08001b85   Thumb Code    12  stm32f1xx_hal.o(i.HAL_IncTick)
    HAL_Init                                 0x08001b95   Thumb Code    32  stm32f1xx_hal.o(i.HAL_Init)
    HAL_InitTick                             0x08001bb9   Thumb Code    54  stm32f1xx_hal.o(i.HAL_InitTick)
    HAL_MspInit                              0x08001bf9   Thumb Code    52  stm32f1xx_hal_msp.o(i.HAL_MspInit)
    HAL_NVIC_EnableIRQ                       0x08001c35   Thumb Code    22  stm32f1xx_hal_cortex.o(i.HAL_NVIC_EnableIRQ)
    HAL_NVIC_SetPriority                     0x08001c4d   Thumb Code    60  stm32f1xx_hal_cortex.o(i.HAL_NVIC_SetPriority)
    HAL_NVIC_SetPriorityGrouping             0x08001c8d   Thumb Code    26  stm32f1xx_hal_cortex.o(i.HAL_NVIC_SetPriorityGrouping)
    HAL_RCC_ClockConfig                      0x08001cb1   Thumb Code   346  stm32f1xx_hal_rcc.o(i.HAL_RCC_ClockConfig)
    HAL_RCC_GetPCLK1Freq                     0x08001e1d   Thumb Code    20  stm32f1xx_hal_rcc.o(i.HAL_RCC_GetPCLK1Freq)
    HAL_RCC_GetPCLK2Freq                     0x08001e3d   Thumb Code    20  stm32f1xx_hal_rcc.o(i.HAL_RCC_GetPCLK2Freq)
    HAL_RCC_GetSysClockFreq                  0x08001e5d   Thumb Code    74  stm32f1xx_hal_rcc.o(i.HAL_RCC_GetSysClockFreq)
    HAL_RCC_OscConfig                        0x08001ec9   Thumb Code   750  stm32f1xx_hal_rcc.o(i.HAL_RCC_OscConfig)
    HAL_SPI_ErrorCallback                    0x080021cd   Thumb Code     2  stm32f1xx_hal_spi.o(i.HAL_SPI_ErrorCallback)
    HAL_SPI_IRQHandler                       0x080021d1   Thumb Code   190  stm32f1xx_hal_spi.o(i.HAL_SPI_IRQHandler)
    HAL_SPI_Init                             0x08002295   Thumb Code   130  stm32f1xx_hal_spi_ex.o(i.HAL_SPI_Init)
    HAL_SPI_MspInit                          0x08002319   Thumb Code   152  stm32f1xx_hal_msp.o(i.HAL_SPI_MspInit)
    HAL_SPI_Receive_DMA                      0x080023c5   Thumb Code   200  stm32f1xx_hal_spi.o(i.HAL_SPI_Receive_DMA)
    HAL_SPI_RxCpltCallback                   0x08002499   Thumb Code     2  stm32f1xx_hal_spi.o(i.HAL_SPI_RxCpltCallback)
    HAL_SPI_RxHalfCpltCallback               0x0800249b   Thumb Code     2  stm32f1xx_hal_spi.o(i.HAL_SPI_RxHalfCpltCallback)
    HAL_SPI_TransmitReceive_DMA              0x0800249d   Thumb Code   242  stm32f1xx_hal_spi.o(i.HAL_SPI_TransmitReceive_DMA)
    HAL_SPI_Transmit_IT                      0x080025a5   Thumb Code   142  stm32f1xx_hal_spi.o(i.HAL_SPI_Transmit_IT)
    HAL_SPI_TxCpltCallback                   0x0800263d   Thumb Code     2  stm32f1xx_hal_spi.o(i.HAL_SPI_TxCpltCallback)
    HAL_SPI_TxRxCpltCallback                 0x0800263f   Thumb Code     2  stm32f1xx_hal_spi.o(i.HAL_SPI_TxRxCpltCallback)
    HAL_SPI_TxRxHalfCpltCallback             0x08002641   Thumb Code     2  stm32f1xx_hal_spi.o(i.HAL_SPI_TxRxHalfCpltCallback)
    HAL_SYSTICK_Config                       0x08002643   Thumb Code    40  stm32f1xx_hal_cortex.o(i.HAL_SYSTICK_Config)
    HAL_TIMEx_BreakCallback                  0x0800266b   Thumb Code     2  stm32f1xx_hal_tim_ex.o(i.HAL_TIMEx_BreakCallback)
    HAL_TIMEx_CommutationCallback            0x0800266d   Thumb Code     2  stm32f1xx_hal_tim_ex.o(i.HAL_TIMEx_CommutationCallback)
    HAL_TIMEx_MasterConfigSynchronization    0x0800266f   Thumb Code    80  stm32f1xx_hal_tim_ex.o(i.HAL_TIMEx_MasterConfigSynchronization)
    HAL_TIM_Base_Init                        0x080026bf   Thumb Code    54  stm32f1xx_hal_tim.o(i.HAL_TIM_Base_Init)
    HAL_TIM_Base_MspInit                     0x080026f5   Thumb Code   108  stm32f1xx_hal_msp.o(i.HAL_TIM_Base_MspInit)
    HAL_TIM_Base_Start_IT                    0x0800276d   Thumb Code    24  stm32f1xx_hal_tim.o(i.HAL_TIM_Base_Start_IT)
    HAL_TIM_ConfigClockSource                0x08002785   Thumb Code   242  stm32f1xx_hal_tim.o(i.HAL_TIM_ConfigClockSource)
    HAL_TIM_IC_CaptureCallback               0x08002877   Thumb Code     2  stm32f1xx_hal_tim.o(i.HAL_TIM_IC_CaptureCallback)
    HAL_TIM_IRQHandler                       0x08002879   Thumb Code   358  stm32f1xx_hal_tim.o(i.HAL_TIM_IRQHandler)
    HAL_TIM_MspPostInit                      0x080029e1   Thumb Code    66  stm32f1xx_hal_msp.o(i.HAL_TIM_MspPostInit)
    HAL_TIM_OC_DelayElapsedCallback          0x08002a31   Thumb Code     2  stm32f1xx_hal_tim.o(i.HAL_TIM_OC_DelayElapsedCallback)
    HAL_TIM_PWM_ConfigChannel                0x08002a33   Thumb Code   208  stm32f1xx_hal_tim.o(i.HAL_TIM_PWM_ConfigChannel)
    HAL_TIM_PWM_Init                         0x08002b03   Thumb Code    54  stm32f1xx_hal_tim.o(i.HAL_TIM_PWM_Init)
    HAL_TIM_PWM_MspInit                      0x08002b39   Thumb Code     2  stm32f1xx_hal_tim.o(i.HAL_TIM_PWM_MspInit)
    HAL_TIM_PWM_PulseFinishedCallback        0x08002b3b   Thumb Code     2  stm32f1xx_hal_tim.o(i.HAL_TIM_PWM_PulseFinishedCallback)
    HAL_TIM_PWM_Start                        0x08002b3d   Thumb Code    42  stm32f1xx_hal_tim.o(i.HAL_TIM_PWM_Start)
    HAL_TIM_PeriodElapsedCallback            0x08002b6d   Thumb Code   142  main.o(i.HAL_TIM_PeriodElapsedCallback)
    HAL_TIM_TriggerCallback                  0x08002c09   Thumb Code     2  stm32f1xx_hal_tim.o(i.HAL_TIM_TriggerCallback)
    HAL_UART_Init                            0x08002c0b   Thumb Code    98  stm32f1xx_hal_uart.o(i.HAL_UART_Init)
    HAL_UART_MspInit                         0x08002c6d   Thumb Code    98  stm32f1xx_hal_msp.o(i.HAL_UART_MspInit)
    HAL_UART_Transmit                        0x08002cdd   Thumb Code   186  stm32f1xx_hal_uart.o(i.HAL_UART_Transmit)
    HardFault_Handler                        0x08002d97   Thumb Code     2  stm32f1xx_it.o(i.HardFault_Handler)
    MemManage_Handler                        0x08002fe9   Thumb Code     2  stm32f1xx_it.o(i.MemManage_Handler)
    NMI_Handler                              0x08002feb   Thumb Code     2  stm32f1xx_it.o(i.NMI_Handler)
    PendSV_Handler                           0x0800300d   Thumb Code     2  stm32f1xx_it.o(i.PendSV_Handler)
    SPI1_IRQHandler                          0x08003011   Thumb Code     6  stm32f1xx_it.o(i.SPI1_IRQHandler)
    SVC_Handler                              0x08003275   Thumb Code     2  stm32f1xx_it.o(i.SVC_Handler)
    SendPos                                  0x08003279   Thumb Code    74  main.o(i.SendPos)
    Send_2Float                              0x080032cd   Thumb Code    50  main.o(i.Send_2Float)
    SetPWM_withDutyCycle                     0x08003309   Thumb Code    38  main.o(i.SetPWM_withDutyCycle)
    SetPWM_withDutyCycle_withStop            0x08003335   Thumb Code    46  main.o(i.SetPWM_withDutyCycle_withStop)
    SpinLeft                                 0x08003369   Thumb Code    26  main.o(i.SpinLeft)
    SpinRight                                0x08003389   Thumb Code    26  main.o(i.SpinRight)
    SysTick_Handler                          0x080033a9   Thumb Code     4  stm32f1xx_it.o(i.SysTick_Handler)
    SystemClock_Config                       0x080033ad   Thumb Code    76  main.o(i.SystemClock_Config)
    SystemInit                               0x080033f9   Thumb Code    56  system_stm32f1xx.o(i.SystemInit)
    TIM2_IRQHandler                          0x08003441   Thumb Code     6  stm32f1xx_it.o(i.TIM2_IRQHandler)
    TIM3_IRQHandler                          0x0800344d   Thumb Code    24  stm32f1xx_it.o(i.TIM3_IRQHandler)
    TIM_Base_SetConfig                       0x0800346d   Thumb Code    94  stm32f1xx_hal_tim.o(i.TIM_Base_SetConfig)
    TIM_CCxChannelCmd                        0x080034d9   Thumb Code    22  stm32f1xx_hal_tim.o(i.TIM_CCxChannelCmd)
    TIM_OC2_SetConfig                        0x08003565   Thumb Code    84  stm32f1xx_hal_tim.o(i.TIM_OC2_SetConfig)
    UpdateParams                             0x08003875   Thumb Code     8  main.o(i.UpdateParams)
    UsageFault_Handler                       0x08003881   Thumb Code     2  stm32f1xx_it.o(i.UsageFault_Handler)
    __ARM_fpclassify                         0x08003883   Thumb Code    40  fpclassify.o(i.__ARM_fpclassify)
    __ieee754_rem_pio2                       0x080038ad   Thumb Code   828  rred.o(i.__ieee754_rem_pio2)
    __kernel_cos                             0x08003c35   Thumb Code   230  cos_i.o(i.__kernel_cos)
    __kernel_poly                            0x08003d31   Thumb Code   170  poly.o(i.__kernel_poly)
    __kernel_sin                             0x08003ddd   Thumb Code   224  sin_i.o(i.__kernel_sin)
    __kernel_tan                             0x08003ec9   Thumb Code   586  tan_i.o(i.__kernel_tan)
    __mathlib_dbl_infnan                     0x08004145   Thumb Code     6  dunder.o(i.__mathlib_dbl_infnan)
    __mathlib_dbl_invalid                    0x0800414b   Thumb Code    12  dunder.o(i.__mathlib_dbl_invalid)
    __mathlib_dbl_underflow                  0x08004159   Thumb Code    10  dunder.o(i.__mathlib_dbl_underflow)
    __scatterload_copy                       0x08004169   Thumb Code    14  handlers.o(i.__scatterload_copy)
    __scatterload_null                       0x08004177   Thumb Code     2  handlers.o(i.__scatterload_null)
    __scatterload_zeroinit                   0x08004179   Thumb Code    14  handlers.o(i.__scatterload_zeroinit)
    __set_errno                              0x08004189   Thumb Code     6  errno.o(i.__set_errno)
    atan                                     0x08004195   Thumb Code   474  atan.o(i.atan)
    cos                                      0x080043b5   Thumb Code   148  cos.o(i.cos)
    main                                     0x08004451   Thumb Code   240  main.o(i.main)
    max                                      0x08004561   Thumb Code    32  main.o(i.max)
    mftrap                                   0x08004581   Thumb Code   156  main.o(i.mftrap)
    sin                                      0x08004621   Thumb Code   150  sin.o(i.sin)
    sqrt                                     0x080046c1   Thumb Code    76  sqrt.o(i.sqrt)
    tan                                      0x0800470d   Thumb Code    90  tan.o(i.tan)
    AHBPrescTable                            0x08004770   Data          16  system_stm32f1xx.o(.constdata)
    APBPrescTable                            0x08004780   Data           8  system_stm32f1xx.o(.constdata)
    Region$$Table$$Base                      0x080049a0   Number         0  anon$$obj.o(Region$$Table)
    Region$$Table$$Limit                     0x080049c0   Number         0  anon$$obj.o(Region$$Table)
    tim2Indicator                            0x20000000   Data           1  main.o(.data)
    TIM_Period                               0x20000002   Data           2  main.o(.data)
    Pulse_LeftMotor                          0x20000004   Data           4  main.o(.data)
    Pulse_RightMotor                         0x20000008   Data           4  main.o(.data)
    Speed_LeftMotor                          0x2000000c   Data           4  main.o(.data)
    Speed_RightMotor                         0x20000010   Data           4  main.o(.data)
    Ke                                       0x20000014   Data           4  main.o(.data)
    Kde                                      0x20000018   Data           4  main.o(.data)
    Kout                                     0x2000001c   Data           4  main.o(.data)
    CurrentX                                 0x20000020   Data           4  main.o(.data)
    CurrentY                                 0x20000024   Data           4  main.o(.data)
    CurrentPhi                               0x20000028   Data           4  main.o(.data)
    PrevPhi                                  0x2000002c   Data           4  main.o(.data)
    PrevError                                0x20000030   Data           4  main.o(.data)
    CurrErr                                  0x20000034   Data           4  main.o(.data)
    dt                                       0x20000038   Data           4  main.o(.data)
    KhoangCach2Banh                          0x2000003c   Data           4  main.o(.data)
    EuclidThresh                             0x20000040   Data           4  main.o(.data)
    countDestList                            0x20000044   Data           4  main.o(.data)
    gocLai                                   0x20000048   Data           4  main.o(.data)
    distance                                 0x2000004c   Data           4  main.o(.data)
    SendX                                    0x20000050   Data           4  main.o(.data)
    SendY                                    0x20000054   Data           4  main.o(.data)
    DestX                                    0x20000058   Data           4  main.o(.data)
    DestY                                    0x2000005c   Data           4  main.o(.data)
    receive_data_1                           0x20000060   Data           8  main.o(.data)
    send_data                                0x20000068   Data           8  main.o(.data)
    DestXList                                0x20000070   Data          12  main.o(.data)
    DestYList                                0x2000007c   Data          12  main.o(.data)
    NotReset_PulseLeft                       0x20000088   Data           4  main.o(.data)
    NotReset_PulseRight                      0x2000008c   Data           4  main.o(.data)
    tim3Indicator                            0x20000090   Data           1  main.o(.data)
    uwTickFreq                               0x20000094   Data           1  stm32f1xx_hal.o(.data)
    uwTickPrio                               0x20000098   Data           4  stm32f1xx_hal.o(.data)
    uwTick                                   0x2000009c   Data           4  stm32f1xx_hal.o(.data)
    SystemCoreClock                          0x200000a0   Data           4  system_stm32f1xx.o(.data)
    hspi1                                    0x200000a8   Data          88  main.o(.bss)
    htim2                                    0x20000100   Data          64  main.o(.bss)
    htim3                                    0x20000140   Data          64  main.o(.bss)
    htim4                                    0x20000180   Data          64  main.o(.bss)
    huart2                                   0x200001c0   Data          64  main.o(.bss)
    Tx                                       0x20000200   Data          10  main.o(.bss)
    hdma_spi1_rx                             0x2000020c   Data          68  main.o(.bss)
    __initial_sp                             0x20000650   Data           0  startup_stm32f103xb.o(STACK)



==============================================================================

Memory Map of the image

  Image Entry point : 0x080000ed

  Load Region LR_IROM1 (Base: 0x08000000, Size: 0x00004a68, Max: 0x00010000, ABSOLUTE)

    Execution Region ER_IROM1 (Exec base: 0x08000000, Load base: 0x08000000, Size: 0x000049c0, Max: 0x00010000, ABSOLUTE)

    Exec Addr    Load Addr    Size         Type   Attr      Idx    E Section Name        Object

    0x08000000   0x08000000   0x000000ec   Data   RO            3    RESET               startup_stm32f103xb.o
    0x080000ec   0x080000ec   0x00000000   Code   RO         3020  * .ARM.Collect$$$$00000000  mc_w.l(entry.o)
    0x080000ec   0x080000ec   0x00000004   Code   RO         3101    .ARM.Collect$$$$00000001  mc_w.l(entry2.o)
    0x080000f0   0x080000f0   0x00000004   Code   RO         3104    .ARM.Collect$$$$00000004  mc_w.l(entry5.o)
    0x080000f4   0x080000f4   0x00000000   Code   RO         3106    .ARM.Collect$$$$00000008  mc_w.l(entry7b.o)
    0x080000f4   0x080000f4   0x00000000   Code   RO         3108    .ARM.Collect$$$$0000000A  mc_w.l(entry8b.o)
    0x080000f4   0x080000f4   0x00000008   Code   RO         3109    .ARM.Collect$$$$0000000B  mc_w.l(entry9a.o)
    0x080000fc   0x080000fc   0x00000000   Code   RO         3111    .ARM.Collect$$$$0000000D  mc_w.l(entry10a.o)
    0x080000fc   0x080000fc   0x00000000   Code   RO         3113    .ARM.Collect$$$$0000000F  mc_w.l(entry11a.o)
    0x080000fc   0x080000fc   0x00000004   Code   RO         3102    .ARM.Collect$$$$00002712  mc_w.l(entry2.o)
    0x08000100   0x08000100   0x00000024   Code   RO            4    .text               startup_stm32f103xb.o
    0x08000124   0x08000124   0x00000020   Code   RO         3023    .text               mc_w.l(llushr.o)
    0x08000144   0x08000144   0x00000024   Code   RO         3025    .text               mc_w.l(memseta.o)
    0x08000168   0x08000168   0x000000b0   Code   RO         3027    .text               mf_w.l(fadd.o)
    0x08000218   0x08000218   0x00000064   Code   RO         3029    .text               mf_w.l(fmul.o)
    0x0800027c   0x0800027c   0x0000007c   Code   RO         3031    .text               mf_w.l(fdiv.o)
    0x080002f8   0x080002f8   0x00000018   Code   RO         3033    .text               mf_w.l(fscalb.o)
    0x08000310   0x08000310   0x0000014e   Code   RO         3035    .text               mf_w.l(dadd.o)
    0x0800045e   0x0800045e   0x000000e4   Code   RO         3037    .text               mf_w.l(dmul.o)
    0x08000542   0x08000542   0x000000de   Code   RO         3039    .text               mf_w.l(ddiv.o)
    0x08000620   0x08000620   0x0000002e   Code   RO         3041    .text               mf_w.l(dscalb.o)
    0x0800064e   0x0800064e   0x00000012   Code   RO         3043    .text               mf_w.l(fflti.o)
    0x08000660   0x08000660   0x00000022   Code   RO         3045    .text               mf_w.l(dflti.o)
    0x08000682   0x08000682   0x00000032   Code   RO         3047    .text               mf_w.l(ffixi.o)
    0x080006b4   0x080006b4   0x0000003e   Code   RO         3049    .text               mf_w.l(dfixi.o)
    0x080006f2   0x080006f2   0x00000026   Code   RO         3051    .text               mf_w.l(f2d.o)
    0x08000718   0x08000718   0x00000030   Code   RO         3053    .text               mf_w.l(cdcmple.o)
    0x08000748   0x08000748   0x00000030   Code   RO         3055    .text               mf_w.l(cdrcmple.o)
    0x08000778   0x08000778   0x00000038   Code   RO         3057    .text               mf_w.l(d2f.o)
    0x080007b0   0x080007b0   0x00000014   Code   RO         3059    .text               mf_w.l(cfcmple.o)
    0x080007c4   0x080007c4   0x00000014   Code   RO         3061    .text               mf_w.l(cfrcmple.o)
    0x080007d8   0x080007d8   0x0000001e   Code   RO         3115    .text               mc_w.l(llshl.o)
    0x080007f6   0x080007f6   0x00000024   Code   RO         3117    .text               mc_w.l(llsshr.o)
    0x0800081a   0x0800081a   0x00000000   Code   RO         3126    .text               mc_w.l(iusefp.o)
    0x0800081a   0x0800081a   0x0000006e   Code   RO         3127    .text               mf_w.l(fepilogue.o)
    0x08000888   0x08000888   0x000000ba   Code   RO         3129    .text               mf_w.l(depilogue.o)
    0x08000942   0x08000942   0x000000a2   Code   RO         3131    .text               mf_w.l(dsqrt.o)
    0x080009e4   0x080009e4   0x00000024   Code   RO         3133    .text               mc_w.l(init.o)
    0x08000a08   0x08000a08   0x0000001a   Code   RO         3135    .text               mf_w.l(dfltui.o)
    0x08000a22   0x08000a22   0x00000002   Code   RO          300    i.BusFault_Handler  stm32f1xx_it.o
    0x08000a24   0x08000a24   0x00000090   Code   RO           13    i.CalculateNewPosition  main.o
    0x08000ab4   0x08000ab4   0x0000000c   Code   RO          301    i.DMA1_Channel2_IRQHandler  stm32f1xx_it.o
    0x08000ac0   0x08000ac0   0x0000002a   Code   RO         2418    i.DMA_SetConfig     stm32f1xx_hal_dma.o
    0x08000aea   0x08000aea   0x00000002   Code   RO          302    i.DebugMon_Handler  stm32f1xx_it.o
    0x08000aec   0x08000aec   0x000002e0   Code   RO           14    i.Defuzzication_L   main.o
    0x08000dcc   0x08000dcc   0x000002d4   Code   RO           15    i.Defuzzication_R   main.o
    0x080010a0   0x080010a0   0x00000020   Code   RO          303    i.EXTI3_IRQHandler  stm32f1xx_it.o
    0x080010c0   0x080010c0   0x00000020   Code   RO          304    i.EXTI4_IRQHandler  stm32f1xx_it.o
    0x080010e0   0x080010e0   0x00000038   Code   RO           16    i.Encoder2Distance  main.o
    0x08001118   0x08001118   0x00000002   Code   RO           17    i.Error_Handler     main.o
    0x0800111a   0x0800111a   0x0000003c   Code   RO           18    i.EuclidDistance    main.o
    0x08001156   0x08001156   0x00000002   PAD
    0x08001158   0x08001158   0x00000158   Code   RO           19    i.Fuzzy_ControlMotor  main.o
    0x080012b0   0x080012b0   0x0000017c   Code   RO           20    i.Fuzzy_TurnAround  main.o
    0x0800142c   0x0800142c   0x0000001c   Code   RO           21    i.GetDerivativeError  main.o
    0x08001448   0x08001448   0x0000000e   Code   RO           22    i.GetError          main.o
    0x08001456   0x08001456   0x00000286   Code   RO           23    i.GetNewGocLai      main.o
    0x080016dc   0x080016dc   0x00000098   Code   RO         2420    i.HAL_DMA_Abort_IT  stm32f1xx_hal_dma.o
    0x08001774   0x08001774   0x00000154   Code   RO         2424    i.HAL_DMA_IRQHandler  stm32f1xx_hal_dma.o
    0x080018c8   0x080018c8   0x0000005c   Code   RO         2425    i.HAL_DMA_Init      stm32f1xx_hal_dma.o
    0x08001924   0x08001924   0x00000070   Code   RO         2429    i.HAL_DMA_Start_IT  stm32f1xx_hal_dma.o
    0x08001994   0x08001994   0x00000002   Code   RO         2353    i.HAL_GPIO_EXTI_Callback  stm32f1xx_hal_gpio.o
    0x08001996   0x08001996   0x00000002   PAD
    0x08001998   0x08001998   0x00000018   Code   RO         2354    i.HAL_GPIO_EXTI_IRQHandler  stm32f1xx_hal_gpio.o
    0x080019b0   0x080019b0   0x000001bc   Code   RO         2355    i.HAL_GPIO_Init     stm32f1xx_hal_gpio.o
    0x08001b6c   0x08001b6c   0x0000000a   Code   RO         2359    i.HAL_GPIO_WritePin  stm32f1xx_hal_gpio.o
    0x08001b76   0x08001b76   0x00000002   PAD
    0x08001b78   0x08001b78   0x0000000c   Code   RO         2063    i.HAL_GetTick       stm32f1xx_hal.o
    0x08001b84   0x08001b84   0x00000010   Code   RO         2067    i.HAL_IncTick       stm32f1xx_hal.o
    0x08001b94   0x08001b94   0x00000024   Code   RO         2068    i.HAL_Init          stm32f1xx_hal.o
    0x08001bb8   0x08001bb8   0x00000040   Code   RO         2069    i.HAL_InitTick      stm32f1xx_hal.o
    0x08001bf8   0x08001bf8   0x0000003c   Code   RO          412    i.HAL_MspInit       stm32f1xx_hal_msp.o
    0x08001c34   0x08001c34   0x00000016   Code   RO         2515    i.HAL_NVIC_EnableIRQ  stm32f1xx_hal_cortex.o
    0x08001c4a   0x08001c4a   0x00000002   PAD
    0x08001c4c   0x08001c4c   0x00000040   Code   RO         2521    i.HAL_NVIC_SetPriority  stm32f1xx_hal_cortex.o
    0x08001c8c   0x08001c8c   0x00000024   Code   RO         2522    i.HAL_NVIC_SetPriorityGrouping  stm32f1xx_hal_cortex.o
    0x08001cb0   0x08001cb0   0x0000016c   Code   RO         2215    i.HAL_RCC_ClockConfig  stm32f1xx_hal_rcc.o
    0x08001e1c   0x08001e1c   0x00000020   Code   RO         2222    i.HAL_RCC_GetPCLK1Freq  stm32f1xx_hal_rcc.o
    0x08001e3c   0x08001e3c   0x00000020   Code   RO         2223    i.HAL_RCC_GetPCLK2Freq  stm32f1xx_hal_rcc.o
    0x08001e5c   0x08001e5c   0x0000006c   Code   RO         2224    i.HAL_RCC_GetSysClockFreq  stm32f1xx_hal_rcc.o
    0x08001ec8   0x08001ec8   0x00000304   Code   RO         2227    i.HAL_RCC_OscConfig  stm32f1xx_hal_rcc.o
    0x080021cc   0x080021cc   0x00000002   Code   RO          522    i.HAL_SPI_ErrorCallback  stm32f1xx_hal_spi.o
    0x080021ce   0x080021ce   0x00000002   PAD
    0x080021d0   0x080021d0   0x000000c4   Code   RO          525    i.HAL_SPI_IRQHandler  stm32f1xx_hal_spi.o
    0x08002294   0x08002294   0x00000082   Code   RO          838    i.HAL_SPI_Init      stm32f1xx_hal_spi_ex.o
    0x08002316   0x08002316   0x00000002   PAD
    0x08002318   0x08002318   0x000000ac   Code   RO          414    i.HAL_SPI_MspInit   stm32f1xx_hal_msp.o
    0x080023c4   0x080023c4   0x000000d4   Code   RO          530    i.HAL_SPI_Receive_DMA  stm32f1xx_hal_spi.o
    0x08002498   0x08002498   0x00000002   Code   RO          532    i.HAL_SPI_RxCpltCallback  stm32f1xx_hal_spi.o
    0x0800249a   0x0800249a   0x00000002   Code   RO          533    i.HAL_SPI_RxHalfCpltCallback  stm32f1xx_hal_spi.o
    0x0800249c   0x0800249c   0x00000108   Code   RO          536    i.HAL_SPI_TransmitReceive_DMA  stm32f1xx_hal_spi.o
    0x080025a4   0x080025a4   0x00000098   Code   RO          539    i.HAL_SPI_Transmit_IT  stm32f1xx_hal_spi.o
    0x0800263c   0x0800263c   0x00000002   Code   RO          540    i.HAL_SPI_TxCpltCallback  stm32f1xx_hal_spi.o
    0x0800263e   0x0800263e   0x00000002   Code   RO          542    i.HAL_SPI_TxRxCpltCallback  stm32f1xx_hal_spi.o
    0x08002640   0x08002640   0x00000002   Code   RO          543    i.HAL_SPI_TxRxHalfCpltCallback  stm32f1xx_hal_spi.o
    0x08002642   0x08002642   0x00000028   Code   RO         2526    i.HAL_SYSTICK_Config  stm32f1xx_hal_cortex.o
    0x0800266a   0x0800266a   0x00000002   Code   RO         1493    i.HAL_TIMEx_BreakCallback  stm32f1xx_hal_tim_ex.o
    0x0800266c   0x0800266c   0x00000002   Code   RO         1494    i.HAL_TIMEx_CommutationCallback  stm32f1xx_hal_tim_ex.o
    0x0800266e   0x0800266e   0x00000050   Code   RO         1510    i.HAL_TIMEx_MasterConfigSynchronization  stm32f1xx_hal_tim_ex.o
    0x080026be   0x080026be   0x00000036   Code   RO          864    i.HAL_TIM_Base_Init  stm32f1xx_hal_tim.o
    0x080026f4   0x080026f4   0x00000078   Code   RO          416    i.HAL_TIM_Base_MspInit  stm32f1xx_hal_msp.o
    0x0800276c   0x0800276c   0x00000018   Code   RO          869    i.HAL_TIM_Base_Start_IT  stm32f1xx_hal_tim.o
    0x08002784   0x08002784   0x000000f2   Code   RO          873    i.HAL_TIM_ConfigClockSource  stm32f1xx_hal_tim.o
    0x08002876   0x08002876   0x00000002   Code   RO          893    i.HAL_TIM_IC_CaptureCallback  stm32f1xx_hal_tim.o
    0x08002878   0x08002878   0x00000166   Code   RO          906    i.HAL_TIM_IRQHandler  stm32f1xx_hal_tim.o
    0x080029de   0x080029de   0x00000002   PAD
    0x080029e0   0x080029e0   0x00000050   Code   RO          417    i.HAL_TIM_MspPostInit  stm32f1xx_hal_msp.o
    0x08002a30   0x08002a30   0x00000002   Code   RO          909    i.HAL_TIM_OC_DelayElapsedCallback  stm32f1xx_hal_tim.o
    0x08002a32   0x08002a32   0x000000d0   Code   RO          930    i.HAL_TIM_PWM_ConfigChannel  stm32f1xx_hal_tim.o
    0x08002b02   0x08002b02   0x00000036   Code   RO          933    i.HAL_TIM_PWM_Init  stm32f1xx_hal_tim.o
    0x08002b38   0x08002b38   0x00000002   Code   RO          935    i.HAL_TIM_PWM_MspInit  stm32f1xx_hal_tim.o
    0x08002b3a   0x08002b3a   0x00000002   Code   RO          936    i.HAL_TIM_PWM_PulseFinishedCallback  stm32f1xx_hal_tim.o
    0x08002b3c   0x08002b3c   0x00000030   Code   RO          937    i.HAL_TIM_PWM_Start  stm32f1xx_hal_tim.o
    0x08002b6c   0x08002b6c   0x0000009c   Code   RO           24    i.HAL_TIM_PeriodElapsedCallback  main.o
    0x08002c08   0x08002c08   0x00000002   Code   RO          947    i.HAL_TIM_TriggerCallback  stm32f1xx_hal_tim.o
    0x08002c0a   0x08002c0a   0x00000062   Code   RO         1751    i.HAL_UART_Init     stm32f1xx_hal_uart.o
    0x08002c6c   0x08002c6c   0x00000070   Code   RO          419    i.HAL_UART_MspInit  stm32f1xx_hal_msp.o
    0x08002cdc   0x08002cdc   0x000000ba   Code   RO         1759    i.HAL_UART_Transmit  stm32f1xx_hal_uart.o
    0x08002d96   0x08002d96   0x00000002   Code   RO          305    i.HardFault_Handler  stm32f1xx_it.o
    0x08002d98   0x08002d98   0x000000f4   Code   RO           25    i.MX_GPIO_Init      main.o
    0x08002e8c   0x08002e8c   0x00000030   Code   RO           26    i.MX_SPI1_Init      main.o
    0x08002ebc   0x08002ebc   0x00000054   Code   RO           27    i.MX_TIM2_Init      main.o
    0x08002f10   0x08002f10   0x00000054   Code   RO           28    i.MX_TIM3_Init      main.o
    0x08002f64   0x08002f64   0x00000084   Code   RO           29    i.MX_TIM4_Init      main.o
    0x08002fe8   0x08002fe8   0x00000002   Code   RO          306    i.MemManage_Handler  stm32f1xx_it.o
    0x08002fea   0x08002fea   0x00000002   Code   RO          307    i.NMI_Handler       stm32f1xx_it.o
    0x08002fec   0x08002fec   0x00000020   Code   RO         2528    i.NVIC_SetPriority  stm32f1xx_hal_cortex.o
    0x0800300c   0x0800300c   0x00000002   Code   RO          308    i.PendSV_Handler    stm32f1xx_it.o
    0x0800300e   0x0800300e   0x00000002   PAD
    0x08003010   0x08003010   0x0000000c   Code   RO          309    i.SPI1_IRQHandler   stm32f1xx_it.o
    0x0800301c   0x0800301c   0x00000020   Code   RO          550    i.SPI_CheckFlag_BSY  stm32f1xx_hal_spi.o
    0x0800303c   0x0800303c   0x0000007c   Code   RO          553    i.SPI_CloseTx_ISR   stm32f1xx_hal_spi.o
    0x080030b8   0x080030b8   0x00000010   Code   RO          554    i.SPI_DMAAbortOnError  stm32f1xx_hal_spi.o
    0x080030c8   0x080030c8   0x00000022   Code   RO          555    i.SPI_DMAError      stm32f1xx_hal_spi.o
    0x080030ea   0x080030ea   0x0000000a   Code   RO          556    i.SPI_DMAHalfReceiveCplt  stm32f1xx_hal_spi.o
    0x080030f4   0x080030f4   0x0000000a   Code   RO          558    i.SPI_DMAHalfTransmitReceiveCplt  stm32f1xx_hal_spi.o
    0x080030fe   0x080030fe   0x00000052   Code   RO          559    i.SPI_DMAReceiveCplt  stm32f1xx_hal_spi.o
    0x08003150   0x08003150   0x00000050   Code   RO          562    i.SPI_DMATransmitReceiveCplt  stm32f1xx_hal_spi.o
    0x080031a0   0x080031a0   0x00000020   Code   RO          567    i.SPI_TxISR_16BIT   stm32f1xx_hal_spi.o
    0x080031c0   0x080031c0   0x0000001e   Code   RO          568    i.SPI_TxISR_8BIT    stm32f1xx_hal_spi.o
    0x080031de   0x080031de   0x00000096   Code   RO          569    i.SPI_WaitFlagStateUntilTimeout  stm32f1xx_hal_spi.o
    0x08003274   0x08003274   0x00000002   Code   RO          310    i.SVC_Handler       stm32f1xx_it.o
    0x08003276   0x08003276   0x00000002   PAD
    0x08003278   0x08003278   0x00000054   Code   RO           31    i.SendPos           main.o
    0x080032cc   0x080032cc   0x0000003c   Code   RO           32    i.Send_2Float       main.o
    0x08003308   0x08003308   0x0000002c   Code   RO           33    i.SetPWM_withDutyCycle  main.o
    0x08003334   0x08003334   0x00000034   Code   RO           34    i.SetPWM_withDutyCycle_withStop  main.o
    0x08003368   0x08003368   0x00000020   Code   RO           35    i.SpinLeft          main.o
    0x08003388   0x08003388   0x00000020   Code   RO           36    i.SpinRight         main.o
    0x080033a8   0x080033a8   0x00000004   Code   RO          311    i.SysTick_Handler   stm32f1xx_it.o
    0x080033ac   0x080033ac   0x0000004c   Code   RO           37    i.SystemClock_Config  main.o
    0x080033f8   0x080033f8   0x00000048   Code   RO         2944    i.SystemInit        system_stm32f1xx.o
    0x08003440   0x08003440   0x0000000c   Code   RO          312    i.TIM2_IRQHandler   stm32f1xx_it.o
    0x0800344c   0x0800344c   0x00000020   Code   RO          313    i.TIM3_IRQHandler   stm32f1xx_it.o
    0x0800346c   0x0800346c   0x0000006c   Code   RO          948    i.TIM_Base_SetConfig  stm32f1xx_hal_tim.o
    0x080034d8   0x080034d8   0x00000016   Code   RO          949    i.TIM_CCxChannelCmd  stm32f1xx_hal_tim.o
    0x080034ee   0x080034ee   0x00000014   Code   RO          955    i.TIM_ETR_SetConfig  stm32f1xx_hal_tim.o
    0x08003502   0x08003502   0x00000010   Code   RO          956    i.TIM_ITRx_SetConfig  stm32f1xx_hal_tim.o
    0x08003512   0x08003512   0x00000002   PAD
    0x08003514   0x08003514   0x00000050   Code   RO          957    i.TIM_OC1_SetConfig  stm32f1xx_hal_tim.o
    0x08003564   0x08003564   0x00000058   Code   RO          958    i.TIM_OC2_SetConfig  stm32f1xx_hal_tim.o
    0x080035bc   0x080035bc   0x00000058   Code   RO          959    i.TIM_OC3_SetConfig  stm32f1xx_hal_tim.o
    0x08003614   0x08003614   0x00000044   Code   RO          960    i.TIM_OC4_SetConfig  stm32f1xx_hal_tim.o
    0x08003658   0x08003658   0x00000022   Code   RO          962    i.TIM_TI1_ConfigInputStage  stm32f1xx_hal_tim.o
    0x0800367a   0x0800367a   0x00000024   Code   RO          964    i.TIM_TI2_ConfigInputStage  stm32f1xx_hal_tim.o
    0x0800369e   0x0800369e   0x00000002   PAD
    0x080036a0   0x080036a0   0x00000170   Code   RO         1777    i.UART_SetConfig    stm32f1xx_hal_uart.o
    0x08003810   0x08003810   0x00000064   Code   RO         1779    i.UART_WaitOnFlagUntilTimeout  stm32f1xx_hal_uart.o
    0x08003874   0x08003874   0x0000000c   Code   RO           38    i.UpdateParams      main.o
    0x08003880   0x08003880   0x00000002   Code   RO          314    i.UsageFault_Handler  stm32f1xx_it.o
    0x08003882   0x08003882   0x00000028   Code   RO         3080    i.__ARM_fpclassify  m_ws.l(fpclassify.o)
    0x080038aa   0x080038aa   0x00000002   PAD
    0x080038ac   0x080038ac   0x00000388   Code   RO         3084    i.__ieee754_rem_pio2  m_ws.l(rred.o)
    0x08003c34   0x08003c34   0x000000fc   Code   RO         3063    i.__kernel_cos      m_ws.l(cos_i.o)
    0x08003d30   0x08003d30   0x000000aa   Code   RO         3082    i.__kernel_poly     m_ws.l(poly.o)
    0x08003dda   0x08003dda   0x00000002   PAD
    0x08003ddc   0x08003ddc   0x000000ec   Code   RO         3089    i.__kernel_sin      m_ws.l(sin_i.o)
    0x08003ec8   0x08003ec8   0x0000027c   Code   RO         3095    i.__kernel_tan      m_ws.l(tan_i.o)
    0x08004144   0x08004144   0x00000006   Code   RO         3067    i.__mathlib_dbl_infnan  m_ws.l(dunder.o)
    0x0800414a   0x0800414a   0x0000000c   Code   RO         3069    i.__mathlib_dbl_invalid  m_ws.l(dunder.o)
    0x08004156   0x08004156   0x00000002   PAD
    0x08004158   0x08004158   0x00000010   Code   RO         3072    i.__mathlib_dbl_underflow  m_ws.l(dunder.o)
    0x08004168   0x08004168   0x0000000e   Code   RO         3139    i.__scatterload_copy  mc_w.l(handlers.o)
    0x08004176   0x08004176   0x00000002   Code   RO         3140    i.__scatterload_null  mc_w.l(handlers.o)
    0x08004178   0x08004178   0x0000000e   Code   RO         3141    i.__scatterload_zeroinit  mc_w.l(handlers.o)
    0x08004186   0x08004186   0x00000002   PAD
    0x08004188   0x08004188   0x0000000c   Code   RO         3121    i.__set_errno       mc_w.l(errno.o)
    0x08004194   0x08004194   0x00000220   Code   RO         2979    i.atan              m_ws.l(atan.o)
    0x080043b4   0x080043b4   0x0000009c   Code   RO         2989    i.cos               m_ws.l(cos.o)
    0x08004450   0x08004450   0x00000110   Code   RO           39    i.main              main.o
    0x08004560   0x08004560   0x00000020   Code   RO           40    i.max               main.o
    0x08004580   0x08004580   0x000000a0   Code   RO           42    i.mftrap            main.o
    0x08004620   0x08004620   0x000000a0   Code   RO         2997    i.sin               m_ws.l(sin.o)
    0x080046c0   0x080046c0   0x0000004c   Code   RO         3005    i.sqrt              m_ws.l(sqrt.o)
    0x0800470c   0x0800470c   0x00000064   Code   RO         3013    i.tan               m_ws.l(tan.o)
    0x08004770   0x08004770   0x00000010   Data   RO         2945    .constdata          system_stm32f1xx.o
    0x08004780   0x08004780   0x00000008   Data   RO         2946    .constdata          system_stm32f1xx.o
    0x08004788   0x08004788   0x00000098   Data   RO         2980    .constdata          m_ws.l(atan.o)
    0x08004820   0x08004820   0x00000030   Data   RO         3064    .constdata          m_ws.l(cos_i.o)
    0x08004850   0x08004850   0x000000c8   Data   RO         3086    .constdata          m_ws.l(rred.o)
    0x08004918   0x08004918   0x00000028   Data   RO         3090    .constdata          m_ws.l(sin_i.o)
    0x08004940   0x08004940   0x00000060   Data   RO         3096    .constdata          m_ws.l(tan_i.o)
    0x080049a0   0x080049a0   0x00000020   Data   RO         3137    Region$$Table       anon$$obj.o


    Execution Region RW_IRAM1 (Exec base: 0x20000000, Load base: 0x080049c0, Size: 0x00000650, Max: 0x00005000, ABSOLUTE)

    Exec Addr    Load Addr    Size         Type   Attr      Idx    E Section Name        Object

    0x20000000   0x080049c0   0x00000088   Data   RW           45    .data               main.o
    0x20000088   0x08004a48   0x00000004   Data   RW           46    .data               main.o
    0x2000008c   0x08004a4c   0x00000004   Data   RW           47    .data               main.o
    0x20000090   0x08004a50   0x00000001   Data   RW           48    .data               main.o
    0x20000091   0x08004a51   0x00000003   PAD
    0x20000094   0x08004a54   0x0000000c   Data   RW         2075    .data               stm32f1xx_hal.o
    0x200000a0   0x08004a60   0x00000004   Data   RW         2947    .data               system_stm32f1xx.o
    0x200000a4   0x08004a64   0x00000004   Data   RW         3122    .data               mc_w.l(errno.o)
    0x200000a8        -       0x00000162   Zero   RW           43    .bss                main.o
    0x2000020a   0x08004a68   0x00000002   PAD
    0x2000020c        -       0x00000044   Zero   RW           44    .bss                main.o
    0x20000250        -       0x00000400   Zero   RW            1    STACK               startup_stm32f103xb.o


==============================================================================

Image component sizes


      Code (inc. data)   RO Data    RW Data    ZI Data      Debug   Object Name

      4738        284          0        145        422     455903   main.o
        36          8        236          0       1024        796   startup_stm32f103xb.o
       128         24          0         12          0       5245   stm32f1xx_hal.o
       194         14          0          0          0      25715   stm32f1xx_hal_cortex.o
       738         36          0          0          0       4278   stm32f1xx_hal_dma.o
       480         42          0          0          0       3956   stm32f1xx_hal_gpio.o
       544         68          0          0          0       3615   stm32f1xx_hal_msp.o
      1308         98          0          0          0       5180   stm32f1xx_hal_rcc.o
      1436         56          0          0          0      14220   stm32f1xx_hal_spi.o
       130          0          0          0          0       1051   stm32f1xx_hal_spi_ex.o
      1558         40          0          0          0      15268   stm32f1xx_hal_tim.o
        84          0          0          0          0       2302   stm32f1xx_hal_tim_ex.o
       752          4          0          0          0       3884   stm32f1xx_hal_uart.o
       152         46          0          0          0       6305   stm32f1xx_it.o
        72         16         24          4          0       1139   system_stm32f1xx.o

    ----------------------------------------------------------------------
     12372        736        292        164       1448     548857   Object Totals
         0          0         32          0          0          0   (incl. Generated)
        22          0          0          3          2          0   (incl. Padding)

    ----------------------------------------------------------------------

      Code (inc. data)   RO Data    RW Data    ZI Data      Debug   Library Member Name

       544         70        152          0          0        124   atan.o
       156          8          0          0          0        104   cos.o
       252         22         48          0          0        124   cos_i.o
        34          6          0          0          0        204   dunder.o
        40          0          0          0          0         68   fpclassify.o
       170          0          0          0          0         96   poly.o
       904         76        200          0          0        140   rred.o
       160         10          0          0          0        108   sin.o
       236         12         40          0          0        128   sin_i.o
        76          0          0          0          0         84   sqrt.o
       100         10          0          0          0         96   tan.o
       636         50         96          0          0        168   tan_i.o
         0          0          0          0          0          0   entry.o
         0          0          0          0          0          0   entry10a.o
         0          0          0          0          0          0   entry11a.o
         8          4          0          0          0          0   entry2.o
         4          0          0          0          0          0   entry5.o
         0          0          0          0          0          0   entry7b.o
         0          0          0          0          0          0   entry8b.o
         8          4          0          0          0          0   entry9a.o
        12          6          0          4          0         68   errno.o
        30          0          0          0          0          0   handlers.o
        36          8          0          0          0         68   init.o
         0          0          0          0          0          0   iusefp.o
        30          0          0          0          0         68   llshl.o
        36          0          0          0          0         68   llsshr.o
        32          0          0          0          0         68   llushr.o
        36          0          0          0          0        108   memseta.o
        48          0          0          0          0         68   cdcmple.o
        48          0          0          0          0         68   cdrcmple.o
        20          0          0          0          0         68   cfcmple.o
        20          0          0          0          0         68   cfrcmple.o
        56          0          0          0          0         88   d2f.o
       334          0          0          0          0        148   dadd.o
       222          0          0          0          0        100   ddiv.o
       186          0          0          0          0        176   depilogue.o
        62          0          0          0          0         80   dfixi.o
        34          0          0          0          0         76   dflti.o
        26          0          0          0          0         76   dfltui.o
       228          0          0          0          0         96   dmul.o
        46          0          0          0          0         80   dscalb.o
       162          0          0          0          0        100   dsqrt.o
        38          0          0          0          0         68   f2d.o
       176          0          0          0          0        140   fadd.o
       124          0          0          0          0         88   fdiv.o
       110          0          0          0          0        168   fepilogue.o
        50          0          0          0          0         68   ffixi.o
        18          0          0          0          0         68   fflti.o
       100          0          0          0          0         76   fmul.o
        24          0          0          0          0         68   fscalb.o

    ----------------------------------------------------------------------
      5680        286        536          4          0       3928   Library Totals
         8          0          0          0          0          0   (incl. Padding)

    ----------------------------------------------------------------------

      Code (inc. data)   RO Data    RW Data    ZI Data      Debug   Library Name

      3308        264        536          0          0       1444   m_ws.l
       232         22          0          4          0        448   mc_w.l
      2132          0          0          0          0       2036   mf_w.l

    ----------------------------------------------------------------------
      5680        286        536          4          0       3928   Library Totals

    ----------------------------------------------------------------------

==============================================================================


      Code (inc. data)   RO Data    RW Data    ZI Data      Debug   

     18052       1022        828        168       1448     544617   Grand Totals
     18052       1022        828        168       1448     544617   ELF Image Totals
     18052       1022        828        168          0          0   ROM Totals

==============================================================================

    Total RO  Size (Code + RO Data)                18880 (  18.44kB)
    Total RW  Size (RW Data + ZI Data)              1616 (   1.58kB)
    Total ROM Size (Code + RO Data + RW Data)      19048 (  18.60kB)

==============================================================================

